E:/STM32/STM32C542_Project2/STM32C542_Project2_cmake/user_modifiable/Device/STM32C542CCT6/startup_stm32c542xx.c:255:25:Reset_Handler	40	static,ignoring_inline_asm
E:/STM32/STM32C542_Project2/STM32C542_Project2_cmake/user_modifiable/Device/STM32C542CCT6/startup_stm32c542xx.c:276:13:HardFault_Handler	4	static
E:/STM32/STM32C542_Project2/STM32C542_Project2_cmake/user_modifiable/Device/STM32C542CCT6/startup_stm32c542xx.c:287:6:Default_IRQHandler	8	static
E:/STM32/STM32C542_Project2/STM32C542_Project2_cmake/user_modifiable/Device/STM32C542CCT6/startup_stm32c542xx.c:298:13:Default_IRQHandler_Hook	4	static
