Archive member included to satisfy reference by file (symbol)

C:/ST/STM32CubeIDE_2.1.1/STM32CubeIDE/plugins/com.st.stm32cube.ide.mcu.externaltools.gnu-tools-for-stm32.14.3.rel1.win32_1.0.100.202602081740/tools/bin/../lib/gcc/arm-none-eabi/14.3.1/../../../../arm-none-eabi/lib/thumb/v8-m.main+fp/hard\libc_nano.a(libc_a-exit.o)
                              C:/ST/STM32CubeIDE_2.1.1/STM32CubeIDE/plugins/com.st.stm32cube.ide.mcu.externaltools.gnu-tools-for-stm32.14.3.rel1.win32_1.0.100.202602081740/tools/bin/../lib/gcc/arm-none-eabi/14.3.1/../../../../arm-none-eabi/lib/thumb/v8-m.main+fp/hard/crt0.o (exit)
C:/ST/STM32CubeIDE_2.1.1/STM32CubeIDE/plugins/com.st.stm32cube.ide.mcu.externaltools.gnu-tools-for-stm32.14.3.rel1.win32_1.0.100.202602081740/tools/bin/../lib/gcc/arm-none-eabi/14.3.1/../../../../arm-none-eabi/lib/thumb/v8-m.main+fp/hard\libc_nano.a(libc_a-findfp.o)
                              C:/ST/STM32CubeIDE_2.1.1/STM32CubeIDE/plugins/com.st.stm32cube.ide.mcu.externaltools.gnu-tools-for-stm32.14.3.rel1.win32_1.0.100.202602081740/tools/bin/../lib/gcc/arm-none-eabi/14.3.1/../../../../arm-none-eabi/lib/thumb/v8-m.main+fp/hard\libc_nano.a(libc_a-exit.o) (__stdio_exit_handler)
C:/ST/STM32CubeIDE_2.1.1/STM32CubeIDE/plugins/com.st.stm32cube.ide.mcu.externaltools.gnu-tools-for-stm32.14.3.rel1.win32_1.0.100.202602081740/tools/bin/../lib/gcc/arm-none-eabi/14.3.1/../../../../arm-none-eabi/lib/thumb/v8-m.main+fp/hard\libc_nano.a(libc_a-fwalk.o)
                              C:/ST/STM32CubeIDE_2.1.1/STM32CubeIDE/plugins/com.st.stm32cube.ide.mcu.externaltools.gnu-tools-for-stm32.14.3.rel1.win32_1.0.100.202602081740/tools/bin/../lib/gcc/arm-none-eabi/14.3.1/../../../../arm-none-eabi/lib/thumb/v8-m.main+fp/hard\libc_nano.a(libc_a-findfp.o) (_fwalk_sglue)
C:/ST/STM32CubeIDE_2.1.1/STM32CubeIDE/plugins/com.st.stm32cube.ide.mcu.externaltools.gnu-tools-for-stm32.14.3.rel1.win32_1.0.100.202602081740/tools/bin/../lib/gcc/arm-none-eabi/14.3.1/../../../../arm-none-eabi/lib/thumb/v8-m.main+fp/hard\libc_nano.a(libc_a-stdio.o)
                              C:/ST/STM32CubeIDE_2.1.1/STM32CubeIDE/plugins/com.st.stm32cube.ide.mcu.externaltools.gnu-tools-for-stm32.14.3.rel1.win32_1.0.100.202602081740/tools/bin/../lib/gcc/arm-none-eabi/14.3.1/../../../../arm-none-eabi/lib/thumb/v8-m.main+fp/hard\libc_nano.a(libc_a-findfp.o) (__sread)
C:/ST/STM32CubeIDE_2.1.1/STM32CubeIDE/plugins/com.st.stm32cube.ide.mcu.externaltools.gnu-tools-for-stm32.14.3.rel1.win32_1.0.100.202602081740/tools/bin/../lib/gcc/arm-none-eabi/14.3.1/../../../../arm-none-eabi/lib/thumb/v8-m.main+fp/hard\libc_nano.a(libc_a-memset.o)
                              C:/ST/STM32CubeIDE_2.1.1/STM32CubeIDE/plugins/com.st.stm32cube.ide.mcu.externaltools.gnu-tools-for-stm32.14.3.rel1.win32_1.0.100.202602081740/tools/bin/../lib/gcc/arm-none-eabi/14.3.1/../../../../arm-none-eabi/lib/thumb/v8-m.main+fp/hard/crt0.o (memset)
C:/ST/STM32CubeIDE_2.1.1/STM32CubeIDE/plugins/com.st.stm32cube.ide.mcu.externaltools.gnu-tools-for-stm32.14.3.rel1.win32_1.0.100.202602081740/tools/bin/../lib/gcc/arm-none-eabi/14.3.1/../../../../arm-none-eabi/lib/thumb/v8-m.main+fp/hard\libc_nano.a(libc_a-closer.o)
                              C:/ST/STM32CubeIDE_2.1.1/STM32CubeIDE/plugins/com.st.stm32cube.ide.mcu.externaltools.gnu-tools-for-stm32.14.3.rel1.win32_1.0.100.202602081740/tools/bin/../lib/gcc/arm-none-eabi/14.3.1/../../../../arm-none-eabi/lib/thumb/v8-m.main+fp/hard\libc_nano.a(libc_a-stdio.o) (_close_r)
C:/ST/STM32CubeIDE_2.1.1/STM32CubeIDE/plugins/com.st.stm32cube.ide.mcu.externaltools.gnu-tools-for-stm32.14.3.rel1.win32_1.0.100.202602081740/tools/bin/../lib/gcc/arm-none-eabi/14.3.1/../../../../arm-none-eabi/lib/thumb/v8-m.main+fp/hard\libc_nano.a(libc_a-reent.o)
                              C:/ST/STM32CubeIDE_2.1.1/STM32CubeIDE/plugins/com.st.stm32cube.ide.mcu.externaltools.gnu-tools-for-stm32.14.3.rel1.win32_1.0.100.202602081740/tools/bin/../lib/gcc/arm-none-eabi/14.3.1/../../../../arm-none-eabi/lib/thumb/v8-m.main+fp/hard\libc_nano.a(libc_a-closer.o) (errno)
C:/ST/STM32CubeIDE_2.1.1/STM32CubeIDE/plugins/com.st.stm32cube.ide.mcu.externaltools.gnu-tools-for-stm32.14.3.rel1.win32_1.0.100.202602081740/tools/bin/../lib/gcc/arm-none-eabi/14.3.1/../../../../arm-none-eabi/lib/thumb/v8-m.main+fp/hard\libc_nano.a(libc_a-impure.o)
                              C:/ST/STM32CubeIDE_2.1.1/STM32CubeIDE/plugins/com.st.stm32cube.ide.mcu.externaltools.gnu-tools-for-stm32.14.3.rel1.win32_1.0.100.202602081740/tools/bin/../lib/gcc/arm-none-eabi/14.3.1/../../../../arm-none-eabi/lib/thumb/v8-m.main+fp/hard\libc_nano.a(libc_a-reent.o) (_impure_ptr)
C:/ST/STM32CubeIDE_2.1.1/STM32CubeIDE/plugins/com.st.stm32cube.ide.mcu.externaltools.gnu-tools-for-stm32.14.3.rel1.win32_1.0.100.202602081740/tools/bin/../lib/gcc/arm-none-eabi/14.3.1/../../../../arm-none-eabi/lib/thumb/v8-m.main+fp/hard\libc_nano.a(libc_a-lseekr.o)
[...]
Memory Configuration

Name             Origin             Length             Attributes
ROM              0x08000000         0x00040000         xr
RAM              0x20000000         0x00010000         xrw
*default*        0x00000000         0xffffffff

Linker script and memory map

LOAD C:/ST/STM32CubeIDE_2.1.1/STM32CubeIDE/plugins/com.st.stm32cube.ide.mcu.externaltools.gnu-tools-for-stm32.14.3.rel1.win32_1.0.100.202602081740/tools/bin/../lib/gcc/arm-none-eabi/14.3.1/thumb/v8-m.main+fp/hard/crti.o
LOAD C:/ST/STM32CubeIDE_2.1.1/STM32CubeIDE/plugins/com.st.stm32cube.ide.mcu.externaltools.gnu-tools-for-stm32.14.3.rel1.win32_1.0.100.202602081740/tools/bin/../lib/gcc/arm-none-eabi/14.3.1/thumb/v8-m.main+fp/hard/crtbegin.o
LOAD C:/ST/STM32CubeIDE_2.1.1/STM32CubeIDE/plugins/com.st.stm32cube.ide.mcu.externaltools.gnu-tools-for-stm32.14.3.rel1.win32_1.0.100.202602081740/tools/bin/../lib/gcc/arm-none-eabi/14.3.1/../../../../arm-none-eabi/lib/thumb/v8-m.main+fp/hard/crt0.o
START GROUP
LOAD C:/ST/STM32CubeIDE_2.1.1/STM32CubeIDE/plugins/com.st.stm32cube.ide.mcu.externaltools.gnu-tools-for-stm32.14.3.rel1.win32_1.0.100.202602081740/tools/bin/../lib/gcc/arm-none-eabi/14.3.1/../../../../arm-none-eabi/lib/thumb/v8-m.main+fp/hard\libc_nano.a
LOAD C:/ST/STM32CubeIDE_2.1.1/STM32CubeIDE/plugins/com.st.stm32cube.ide.mcu.externaltools.gnu-tools-for-stm32.14.3.rel1.win32_1.0.100.202602081740/tools/bin/../lib/gcc/arm-none-eabi/14.3.1/../../../../arm-none-eabi/lib/thumb/v8-m.main+fp/hard\libm.a
END GROUP
LOAD CMakeFiles/STM32C542_Project1.dir/main.c.obj
LOAD CMakeFiles/STM32C542_Project1.dir/generated/hal/mx_cortex_debug.c.obj
LOAD CMakeFiles/STM32C542_Project1.dir/generated/hal/mx_cortex_mpu.c.obj
LOAD CMakeFiles/STM32C542_Project1.dir/generated/hal/mx_cortex_nvic.c.obj
LOAD CMakeFiles/STM32C542_Project1.dir/generated/hal/mx_gpio_default.c.obj
LOAD CMakeFiles/STM32C542_Project1.dir/generated/hal/mx_icache.c.obj
LOAD CMakeFiles/STM32C542_Project1.dir/generated/hal/mx_rcc.c.obj
LOAD CMakeFiles/STM32C542_Project1.dir/generated/hal/mx_system.c.obj
LOAD CMakeFiles/STM32C542_Project1.dir/user_modifiable/Device/STM32C542CCT6/system_stm32c5xx.c.obj
LOAD CMakeFiles/STM32C542_Project1.dir/user_modifiable/Device/STM32C542CCT6/startup_stm32c542xx.c.obj
LOAD CMakeFiles/STM32C542_Project1.dir/stm32c5xx_drivers/hal/stm32c5xx_hal.c.obj
LOAD CMakeFiles/STM32C542_Project1.dir/stm32c5xx_drivers/hal/stm32c5xx_hal_cortex.c.obj
LOAD CMakeFiles/STM32C542_Project1.dir/stm32c5xx_drivers/hal/stm32c5xx_hal_flash.c.obj
LOAD CMakeFiles/STM32C542_Project1.dir/stm32c5xx_drivers/hal/stm32c5xx_hal_flash_itf.c.obj
LOAD CMakeFiles/STM32C542_Project1.dir/stm32c5xx_drivers/hal/stm32c5xx_hal_gpio.c.obj
LOAD CMakeFiles/STM32C542_Project1.dir/stm32c5xx_drivers/hal/stm32c5xx_hal_icache.c.obj
LOAD CMakeFiles/STM32C542_Project1.dir/stm32c5xx_drivers/hal/stm32c5xx_hal_pwr.c.obj
LOAD CMakeFiles/STM32C542_Project1.dir/stm32c5xx_drivers/hal/stm32c5xx_hal_rcc.c.obj
LOAD CMakeFiles/STM32C542_Project1.dir/utilities/syscalls/syscalls.c.obj
LOAD CMakeFiles/STM32C542_Project1.dir/utilities/syscalls/sysmem.c.obj
START GROUP
LOAD C:/ST/STM32CubeIDE_2.1.1/STM32CubeIDE/plugins/com.st.stm32cube.ide.mcu.externaltools.gnu-tools-for-stm32.14.3.rel1.win32_1.0.100.202602081740/tools/bin/../lib/gcc/arm-none-eabi/14.3.1/thumb/v8-m.main+fp/hard\libgcc.a
LOAD C:/ST/STM32CubeIDE_2.1.1/STM32CubeIDE/plugins/com.st.stm32cube.ide.mcu.externaltools.gnu-tools-for-stm32.14.3.rel1.win32_1.0.100.202602081740/tools/bin/../lib/gcc/arm-none-eabi/14.3.1/../../../../arm-none-eabi/lib/thumb/v8-m.main+fp/hard\libc_nano.a
END GROUP
START GROUP
LOAD C:/ST/STM32CubeIDE_2.1.1/STM32CubeIDE/plugins/com.st.stm32cube.ide.mcu.externaltools.gnu-tools-for-stm32.14.3.rel1.win32_1.0.100.202602081740/tools/bin/../lib/gcc/arm-none-eabi/14.3.1/thumb/v8-m.main+fp/hard\libgcc.a
LOAD C:/ST/STM32CubeIDE_2.1.1/STM32CubeIDE/plugins/com.st.stm32cube.ide.mcu.externaltools.gnu-tools-for-stm32.14.3.rel1.win32_1.0.100.202602081740/tools/bin/../lib/gcc/arm-none-eabi/14.3.1/../../../../arm-none-eabi/lib/thumb/v8-m.main+fp/hard\libc_nano.a
LOAD C:/ST/STM32CubeIDE_2.1.1/STM32CubeIDE/plugins/com.st.stm32cube.ide.mcu.externaltools.gnu-tools-for-stm32.14.3.rel1.win32_1.0.100.202602081740/tools/bin/../lib/gcc/arm-none-eabi/14.3.1/../../../../arm-none-eabi/lib/thumb/v8-m.main+fp/hard\libnosys.a
END GROUP
START GROUP
LOAD C:/ST/STM32CubeIDE_2.1.1/STM32CubeIDE/plugins/com.st.stm32cube.ide.mcu.externaltools.gnu-tools-for-stm32.14.3.rel1.win32_1.0.100.202602081740/tools/bin/../lib/gcc/arm-none-eabi/14.3.1/thumb/v8-m.main+fp/hard\libgcc.a
LOAD C:/ST/STM32CubeIDE_2.1.1/STM32CubeIDE/plugins/com.st.stm32cube.ide.mcu.externaltools.gnu-tools-for-stm32.14.3.rel1.win32_1.0.100.202602081740/tools/bin/../lib/gcc/arm-none-eabi/14.3.1/../../../../arm-none-eabi/lib/thumb/v8-m.main+fp/hard\libc_nano.a
LOAD C:/ST/STM32CubeIDE_2.1.1/STM32CubeIDE/plugins/com.st.stm32cube.ide.mcu.externaltools.gnu-tools-for-stm32.14.3.rel1.win32_1.0.100.202602081740/tools/bin/../lib/gcc/arm-none-eabi/14.3.1/../../../../arm-none-eabi/lib/thumb/v8-m.main+fp/hard\libnosys.a
END GROUP
LOAD C:/ST/STM32CubeIDE_2.1.1/STM32CubeIDE/plugins/com.st.stm32cube.ide.mcu.externaltools.gnu-tools-for-stm32.14.3.rel1.win32_1.0.100.202602081740/tools/bin/../lib/gcc/arm-none-eabi/14.3.1/thumb/v8-m.main+fp/hard/crtend.o
LOAD C:/ST/STM32CubeIDE_2.1.1/STM32CubeIDE/plugins/com.st.stm32cube.ide.mcu.externaltools.gnu-tools-for-stm32.14.3.rel1.win32_1.0.100.202602081740/tools/bin/../lib/gcc/arm-none-eabi/14.3.1/thumb/v8-m.main+fp/hard/crtn.o
                0x00000200                        HEAP_SIZE = 0x200
                0x00000400                        STACK_SIZE = 0x400

.vectors        0x08000000      0x1a8
                0x08000000                        . = ALIGN (0x8)
 *(.vectors)
 .vectors       0x08000000      0x1a4 CMakeFiles/STM32C542_Project1.dir/user_modifiable/Device/STM32C542CCT6/startup_stm32c542xx.c.obj
                0x08000000                __Vectors
                0x080001a8                        . = ALIGN (0x8)
 *fill*         0x080001a4        0x4 

.text           0x080001a8     0x1ad0
                0x080001a8                        . = ALIGN (0x8)
 *(.text)
 .text          0x080001a8       0x40 C:/ST/STM32CubeIDE_2.1.1/STM32CubeIDE/plugins/com.st.stm32cube.ide.mcu.externaltools.gnu-tools-for-stm32.14.3.rel1.win32_1.0.100.202602081740/tools/bin/../lib/gcc/arm-none-eabi/14.3.1/thumb/v8-m.main+fp/hard/crtbegin.o
 .text          0x080001e8       0x7c C:/ST/STM32CubeIDE_2.1.1/STM32CubeIDE/plugins/com.st.stm32cube.ide.mcu.externaltools.gnu-tools-for-stm32.14.3.rel1.win32_1.0.100.202602081740/tools/bin/../lib/gcc/arm-none-eabi/14.3.1/../../../../arm-none-eabi/lib/thumb/v8-m.main+fp/hard/crt0.o
                0x080001e8                _stack_init
                0x080001f0                _start
                0x080001f0                _mainCRTStartup
 *(.text*)
 .text.exit     0x08000264       0x24 C:/ST/STM32CubeIDE_2.1.1/STM32CubeIDE/plugins/com.st.stm32cube.ide.mcu.externaltools.gnu-tools-for-stm32.14.3.rel1.win32_1.0.100.202602081740/tools/bin/../lib/gcc/arm-none-eabi/14.3.1/../../../../arm-none-eabi/lib/thumb/v8-m.main+fp/hard\libc_nano.a(libc_a-exit.o)
                0x08000264                exit
 .text.memset   0x08000288       0x10 C:/ST/STM32CubeIDE_2.1.1/STM32CubeIDE/plugins/com.st.stm32cube.ide.mcu.externaltools.gnu-tools-for-stm32.14.3.rel1.win32_1.0.100.202602081740/tools/bin/../lib/gcc/arm-none-eabi/14.3.1/../../../../arm-none-eabi/lib/thumb/v8-m.main+fp/hard\libc_nano.a(libc_a-memset.o)
                0x08000288                memset
 .text.__libc_init_array
                0x08000298       0x48 C:/ST/STM32CubeIDE_2.1.1/STM32CubeIDE/plugins/com.st.stm32cube.ide.mcu.externaltools.gnu-tools-for-stm32.14.3.rel1.win32_1.0.100.202602081740/tools/bin/../lib/gcc/arm-none-eabi/14.3.1/../../../../arm-none-eabi/lib/thumb/v8-m.main+fp/hard\libc_nano.a(libc_a-init.o)
                0x08000298                __libc_init_array
 .text.main     0x080002e0       0xc8 CMakeFiles/STM32C542_Project1.dir/main.c.obj
                0x080002e0                main
 .text.LL_AHB2_GRP1_EnableClock
                0x080003a8       0x60 CMakeFiles/STM32C542_Project1.dir/generated/hal/mx_cortex_debug.c.obj
 .text.HAL_RCC_GPIOA_EnableClock
                0x08000408        0xe CMakeFiles/STM32C542_Project1.dir/generated/hal/mx_cortex_debug.c.obj
 .text.HAL_RCC_GPIOB_EnableClock
                0x08000416        0xe CMakeFiles/STM32C542_Project1.dir/generated/hal/mx_cortex_debug.c.obj
 .text.mx_cortex_debug_init
                0x08000424       0x88 CMakeFiles/STM32C542_Project1.dir/generated/hal/mx_cortex_debug.c.obj
                0x08000424                mx_cortex_debug_init
 .text.mx_cortex_mpu_init
                0x080004ac       0x5c CMakeFiles/STM32C542_Project1.dir/generated/hal/mx_cortex_mpu.c.obj
                0x080004ac                mx_cortex_mpu_init
 .text.mx_cortex_nvic_init
                0x08000508       0x3c CMakeFiles/STM32C542_Project1.dir/generated/hal/mx_cortex_nvic.c.obj
                0x08000508                mx_cortex_nvic_init
 .text.LL_AHB2_GRP1_EnableClock
                0x08000544       0x60 CMakeFiles/STM32C542_Project1.dir/generated/hal/mx_gpio_default.c.obj
 .text.HAL_RCC_GPIOA_EnableClock
                0x080005a4        0xe CMakeFiles/STM32C542_Project1.dir/generated/hal/mx_gpio_default.c.obj
 .text.HAL_RCC_GPIOB_EnableClock
                0x080005b2        0xe CMakeFiles/STM32C542_Project1.dir/generated/hal/mx_gpio_default.c.obj
 .text.mx_gpio_default_init
                0x080005c0       0x84 CMakeFiles/STM32C542_Project1.dir/generated/hal/mx_gpio_default.c.obj
                0x080005c0                mx_gpio_default_init
 .text.mx_icache_init
                0x08000644       0x28 CMakeFiles/STM32C542_Project1.dir/generated/hal/mx_icache.c.obj
                0x08000644                mx_icache_init
 .text.mx_icache_gethandle
                0x0800066c       0x14 CMakeFiles/STM32C542_Project1.dir/generated/hal/mx_icache.c.obj
                0x0800066c                mx_icache_gethandle
 .text.mx_rcc_init
                0x08000680       0xc0 CMakeFiles/STM32C542_Project1.dir/generated/hal/mx_rcc.c.obj
                0x08000680                mx_rcc_init
 .text.mx_rcc_peripherals_clock_config
                0x08000740       0x12 CMakeFiles/STM32C542_Project1.dir/generated/hal/mx_rcc.c.obj
                0x08000740                mx_rcc_peripherals_clock_config
 .text.mx_system_init
                0x08000752       0xda CMakeFiles/STM32C542_Project1.dir/generated/hal/mx_system.c.obj
                0x08000752                mx_system_init
 .text.SysTick_Handler
                0x0800082c       0x10 CMakeFiles/STM32C542_Project1.dir/generated/hal/mx_system.c.obj
                0x0800082c                SysTick_Handler
 .text.pre_system_init_hook
                0x0800083c       0x12 CMakeFiles/STM32C542_Project1.dir/generated/hal/mx_system.c.obj
                0x0800083c                pre_system_init_hook
 .text.post_system_init_hook
                0x0800084e       0x12 CMakeFiles/STM32C542_Project1.dir/generated/hal/mx_system.c.obj
                0x0800084e                post_system_init_hook
 .text.SCB_SetVTOR
                0x08000860       0x20 CMakeFiles/STM32C542_Project1.dir/user_modifiable/Device/STM32C542CCT6/system_stm32c5xx.c.obj
 .text.SCB_EnableFPU
                0x08000880       0x24 CMakeFiles/STM32C542_Project1.dir/user_modifiable/Device/STM32C542CCT6/system_stm32c5xx.c.obj
 .text.SystemInit
                0x080008a4       0x18 CMakeFiles/STM32C542_Project1.dir/user_modifiable/Device/STM32C542CCT6/system_stm32c5xx.c.obj
                0x080008a4                SystemInit
 .text.Reset_Handler
                0x080008bc       0xc4 CMakeFiles/STM32C542_Project1.dir/user_modifiable/Device/STM32C542CCT6/startup_stm32c542xx.c.obj
                0x080008bc                Reset_Handler
 .text.HardFault_Handler
                0x08000980        0x8 CMakeFiles/STM32C542_Project1.dir/user_modifiable/Device/STM32C542CCT6/startup_stm32c542xx.c.obj
                0x08000980                HardFault_Handler
 .text.Default_IRQHandler
                0x08000988        0x8 CMakeFiles/STM32C542_Project1.dir/user_modifiable/Device/STM32C542CCT6/startup_stm32c542xx.c.obj
                0x08000988                EXTI2_IRQHandler
                0x08000988                TIM8_CC_IRQHandler
                0x08000988                EXTI5_IRQHandler
                0x08000988                DebugMon_Handler
                0x08000988                TIM8_TRGI_COM_DIR_IDX_IRQHandler
                0x08000988                EXTI13_IRQHandler
                0x08000988                LPDMA2_CH1_IRQHandler
                0x08000988                I2C1_ERR_IRQHandler
                0x08000988                TIM1_CC_IRQHandler
                0x08000988                TAMP_IRQHandler
                0x08000988                TIM6_IRQHandler
                0x08000988                EXTI12_IRQHandler
                0x08000988                CORDIC_IRQHandler
                0x08000988                PendSV_Handler
                0x08000988                USB_DRD_FS_IRQHandler
                0x08000988                NMI_Handler
                0x08000988                EXTI3_IRQHandler
                0x08000988                EXTI8_IRQHandler
                0x08000988                PWR_PVD_IRQHandler
                0x08000988                EXTI0_IRQHandler
                0x08000988                FPU_IRQHandler
                0x08000988                FDCAN1_IT1_IRQHandler
                0x08000988                RAMCFG_IRQHandler
                0x08000988                UsageFault_Handler
                0x08000988                TIM1_UPD_IRQHandler
                0x08000988                SPI1_IRQHandler
                0x08000988                ADC1_IRQHandler
                0x08000988                EXTI15_IRQHandler
                0x08000988                RTC_IRQHandler
                0x08000988                EXTI9_IRQHandler
                0x08000988                UART5_IRQHandler
                0x08000988                LPDMA2_CH3_IRQHandler
                0x08000988                LPDMA1_CH1_IRQHandler
                0x08000988                I2C1_EV_IRQHandler
                0x08000988                UART4_IRQHandler
                0x08000988                RCC_IRQHandler
                0x08000988                COMP2_IRQHandler
                0x08000988                LPDMA2_CH2_IRQHandler
                0x08000988                TIM12_IRQHandler
                0x08000988                TIM7_IRQHandler
                0x08000988                I3C1_EV_IRQHandler
                0x08000988                TIM15_IRQHandler
                0x08000988                TIM8_BRK_TERR_IERR_IRQHandler
                0x08000988                TIM8_UPD_IRQHandler
                0x08000988                SPI2_IRQHandler
                0x08000988                MemManage_Handler
                0x08000988                LPDMA1_CH3_IRQHandler
                0x08000988                EXTI14_IRQHandler
                0x08000988                EXTI11_IRQHandler
                0x08000988                SVC_Handler
                0x08000988                CRS_IRQHandler
                0x08000988                EXTI4_IRQHandler
                0x08000988                TIM1_BRK_TERR_IERR_IRQHandler
                0x08000988                RNG_IRQHandler
                0x08000988                FDCAN2_IT1_IRQHandler
                0x08000988                TIM1_TRGI_COM_DIR_IDX_IRQHandler
                0x08000988                LPDMA2_CH0_IRQHandler
                0x08000988                I3C1_ERR_IRQHandler
                0x08000988                WWDG_IRQHandler
                0x08000988                Default_IRQHandler
                0x08000988                FDCAN2_IT0_IRQHandler
                0x08000988                IWDG_IRQHandler
                0x08000988                LPUART1_IRQHandler
                0x08000988                FDCAN1_IT0_IRQHandler
                0x08000988                TIM2_IRQHandler
                0x08000988                LPDMA1_CH2_IRQHandler
                0x08000988                EXTI7_IRQHandler
                0x08000988                EXTI1_IRQHandler
                0x08000988                AES_IRQHandler
                0x08000988                DAC1_IRQHandler
                0x08000988                USART2_IRQHandler
                0x08000988                FLASH_IRQHandler
                0x08000988                BusFault_Handler
                0x08000988                USART1_IRQHandler
                0x08000988                EXTI10_IRQHandler
                0x08000988                LPDMA1_CH0_IRQHandler
                0x08000988                EXTI6_IRQHandler
                0x08000988                COMP1_IRQHandler
                0x08000988                LPTIM1_IRQHandler
                0x08000988                ICACHE_IRQHandler
                0x08000988                HASH_IRQHandler
 .text.Default_IRQHandler_Hook
                0x08000990        0x8 CMakeFiles/STM32C542_Project1.dir/user_modifiable/Device/STM32C542CCT6/startup_stm32c542xx.c.obj
                0x08000990                Default_IRQHandler_Hook
 .text.LL_RCC_GetAHBPrescaler
                0x08000998       0x1c CMakeFiles/STM32C542_Project1.dir/stm32c5xx_drivers/hal/stm32c5xx_hal.c.obj
 .text.LL_FLASH_EnablePrefetch
                0x080009b4       0x20 CMakeFiles/STM32C542_Project1.dir/stm32c5xx_drivers/hal/stm32c5xx_hal.c.obj
 .text.HAL_Init
                0x080009d4       0x44 CMakeFiles/STM32C542_Project1.dir/stm32c5xx_drivers/hal/stm32c5xx_hal.c.obj
                0x080009d4                HAL_Init
 .text.HAL_InitTick
                0x08000a18       0x68 CMakeFiles/STM32C542_Project1.dir/stm32c5xx_drivers/hal/stm32c5xx_hal.c.obj
                0x08000a18                HAL_InitTick
 .text.HAL_UpdateCoreClock
                0x08000a80       0x30 CMakeFiles/STM32C542_Project1.dir/stm32c5xx_drivers/hal/stm32c5xx_hal.c.obj
                0x08000a80                HAL_UpdateCoreClock
 .text.HAL_IncTick
                0x08000ab0       0x28 CMakeFiles/STM32C542_Project1.dir/stm32c5xx_drivers/hal/stm32c5xx_hal.c.obj
                0x08000ab0                HAL_IncTick
 .text.HAL_GetTick
                0x08000ad8       0x18 CMakeFiles/STM32C542_Project1.dir/stm32c5xx_drivers/hal/stm32c5xx_hal.c.obj
                0x08000ad8                HAL_GetTick
 .text.HAL_Delay
                0x08000af0       0x4c CMakeFiles/STM32C542_Project1.dir/stm32c5xx_drivers/hal/stm32c5xx_hal.c.obj
                0x08000af0                HAL_Delay
 .text.__NVIC_SetPriorityGrouping
                0x08000b3c       0x48 CMakeFiles/STM32C542_Project1.dir/stm32c5xx_drivers/hal/stm32c5xx_hal_cortex.c.obj
 .text.__NVIC_GetPriorityGrouping
                0x08000b84       0x1c CMakeFiles/STM32C542_Project1.dir/stm32c5xx_drivers/hal/stm32c5xx_hal_cortex.c.obj
 .text.__NVIC_SetPriority
                0x08000ba0       0x54 CMakeFiles/STM32C542_Project1.dir/stm32c5xx_drivers/hal/stm32c5xx_hal_cortex.c.obj
 .text.NVIC_EncodePriority
                0x08000bf4       0x66 CMakeFiles/STM32C542_Project1.dir/stm32c5xx_drivers/hal/stm32c5xx_hal_cortex.c.obj
 *fill*         0x08000c5a        0x2 
 .text.ARM_MPU_Enable
                0x08000c5c       0x44 CMakeFiles/STM32C542_Project1.dir/stm32c5xx_drivers/hal/stm32c5xx_hal_cortex.c.obj
 .text.ARM_MPU_Disable
                0x08000ca0       0x40 CMakeFiles/STM32C542_Project1.dir/stm32c5xx_drivers/hal/stm32c5xx_hal_cortex.c.obj
 .text.ARM_MPU_SetMemAttrEx
                0x08000ce0       0x6a CMakeFiles/STM32C542_Project1.dir/stm32c5xx_drivers/hal/stm32c5xx_hal_cortex.c.obj
 *fill*         0x08000d4a        0x2 
 .text.ARM_MPU_SetMemAttr
                0x08000d4c       0x28 CMakeFiles/STM32C542_Project1.dir/stm32c5xx_drivers/hal/stm32c5xx_hal_cortex.c.obj
 .text.ARM_MPU_SetRegionEx
                0x08000d74       0x2c CMakeFiles/STM32C542_Project1.dir/stm32c5xx_drivers/hal/stm32c5xx_hal_cortex.c.obj
 .text.ARM_MPU_SetRegion
                0x08000da0       0x24 CMakeFiles/STM32C542_Project1.dir/stm32c5xx_drivers/hal/stm32c5xx_hal_cortex.c.obj
 .text.SysTick_SetClkSource
                0x08000dc4       0x38 CMakeFiles/STM32C542_Project1.dir/stm32c5xx_drivers/hal/stm32c5xx_hal_cortex.c.obj
 .text.SysTick_GetClkSource
                0x08000dfc       0x1c CMakeFiles/STM32C542_Project1.dir/stm32c5xx_drivers/hal/stm32c5xx_hal_cortex.c.obj
 .text.SysTick_EnableIT
                0x08000e18       0x20 CMakeFiles/STM32C542_Project1.dir/stm32c5xx_drivers/hal/stm32c5xx_hal_cortex.c.obj
 .text.SysTick_Enable
                0x08000e38       0x20 CMakeFiles/STM32C542_Project1.dir/stm32c5xx_drivers/hal/stm32c5xx_hal_cortex.c.obj
 .text.SysTick_SetReload
                0x08000e58       0x30 CMakeFiles/STM32C542_Project1.dir/stm32c5xx_drivers/hal/stm32c5xx_hal_cortex.c.obj
 .text.SysTick_SetCounter
                0x08000e88       0x20 CMakeFiles/STM32C542_Project1.dir/stm32c5xx_drivers/hal/stm32c5xx_hal_cortex.c.obj
 .text.HAL_CORTEX_NVIC_SetPriorityGrouping
                0x08000ea8       0x1a CMakeFiles/STM32C542_Project1.dir/stm32c5xx_drivers/hal/stm32c5xx_hal_cortex.c.obj
                0x08000ea8                HAL_CORTEX_NVIC_SetPriorityGrouping
 .text.HAL_CORTEX_NVIC_SetPriority
                0x08000ec2       0x36 CMakeFiles/STM32C542_Project1.dir/stm32c5xx_drivers/hal/stm32c5xx_hal_cortex.c.obj
                0x08000ec2                HAL_CORTEX_NVIC_SetPriority
 .text.HAL_CORTEX_SYSTICK_SetFreq
                0x08000ef8       0x5a CMakeFiles/STM32C542_Project1.dir/stm32c5xx_drivers/hal/stm32c5xx_hal_cortex.c.obj
                0x08000ef8                HAL_CORTEX_SYSTICK_SetFreq
 .text.HAL_CORTEX_SYSTICK_SetClkSource
                0x08000f52       0x1a CMakeFiles/STM32C542_Project1.dir/stm32c5xx_drivers/hal/stm32c5xx_hal_cortex.c.obj
                0x08000f52                HAL_CORTEX_SYSTICK_SetClkSource
 .text.HAL_CORTEX_SYSTICK_IRQHandler
                0x08000f6c        0xc CMakeFiles/STM32C542_Project1.dir/stm32c5xx_drivers/hal/stm32c5xx_hal_cortex.c.obj
                0x08000f6c                HAL_CORTEX_SYSTICK_IRQHandler
 .text.HAL_CORTEX_SYSTICK_Callback
                0x08000f78        0xe CMakeFiles/STM32C542_Project1.dir/stm32c5xx_drivers/hal/stm32c5xx_hal_cortex.c.obj
                0x08000f78                HAL_CORTEX_SYSTICK_Callback
 .text.HAL_CORTEX_MPU_Enable
                0x08000f86       0x26 CMakeFiles/STM32C542_Project1.dir/stm32c5xx_drivers/hal/stm32c5xx_hal_cortex.c.obj
                0x08000f86                HAL_CORTEX_MPU_Enable
 .text.HAL_CORTEX_MPU_Disable
                0x08000fac        0xc CMakeFiles/STM32C542_Project1.dir/stm32c5xx_drivers/hal/stm32c5xx_hal_cortex.c.obj
                0x08000fac                HAL_CORTEX_MPU_Disable
 .text.HAL_CORTEX_MPU_SetCacheMemAttr
                0x08000fb8       0x2a CMakeFiles/STM32C542_Project1.dir/stm32c5xx_drivers/hal/stm32c5xx_hal_cortex.c.obj
                0x08000fb8                HAL_CORTEX_MPU_SetCacheMemAttr
 .text.HAL_CORTEX_MPU_SetConfigRegion
                0x08000fe2       0x48 CMakeFiles/STM32C542_Project1.dir/stm32c5xx_drivers/hal/stm32c5xx_hal_cortex.c.obj
                0x08000fe2                HAL_CORTEX_MPU_SetConfigRegion
 *fill*         0x0800102a        0x2 
 .text.HAL_CORTEX_MPU_EnableRegion
                0x0800102c       0x2c CMakeFiles/STM32C542_Project1.dir/stm32c5xx_drivers/hal/stm32c5xx_hal_cortex.c.obj
                0x0800102c                HAL_CORTEX_MPU_EnableRegion
 .text.LL_FLASH_SetLatency
                0x08001058       0x26 CMakeFiles/STM32C542_Project1.dir/stm32c5xx_drivers/hal/stm32c5xx_hal_flash_itf.c.obj
 .text.LL_FLASH_SetProgrammingDelay
                0x0800107e       0x26 CMakeFiles/STM32C542_Project1.dir/stm32c5xx_drivers/hal/stm32c5xx_hal_flash_itf.c.obj
 .text.HAL_FLASH_ITF_SetLatency
                0x080010a4       0x24 CMakeFiles/STM32C542_Project1.dir/stm32c5xx_drivers/hal/stm32c5xx_hal_flash_itf.c.obj
                0x080010a4                HAL_FLASH_ITF_SetLatency
 .text.HAL_FLASH_ITF_SetProgrammingDelay
                0x080010c8       0x24 CMakeFiles/STM32C542_Project1.dir/stm32c5xx_drivers/hal/stm32c5xx_hal_flash_itf.c.obj
                0x080010c8                HAL_FLASH_ITF_SetProgrammingDelay
 .text.LL_GPIO_SetPinMode
                0x080010ec       0x9c CMakeFiles/STM32C542_Project1.dir/stm32c5xx_drivers/hal/stm32c5xx_hal_gpio.c.obj
 .text.LL_GPIO_SetPinOutputType
                0x08001188       0x56 CMakeFiles/STM32C542_Project1.dir/stm32c5xx_drivers/hal/stm32c5xx_hal_gpio.c.obj
 .text.LL_GPIO_SetPinSpeed
                0x080011de       0xa0 CMakeFiles/STM32C542_Project1.dir/stm32c5xx_drivers/hal/stm32c5xx_hal_gpio.c.obj
 .text.LL_GPIO_SetPinPull
                0x0800127e       0xa0 CMakeFiles/STM32C542_Project1.dir/stm32c5xx_drivers/hal/stm32c5xx_hal_gpio.c.obj
 .text.LL_GPIO_SetAFPin_0_7
                0x0800131e       0xa0 CMakeFiles/STM32C542_Project1.dir/stm32c5xx_drivers/hal/stm32c5xx_hal_gpio.c.obj
 .text.LL_GPIO_SetAFPin_8_15
                0x080013be       0xa4 CMakeFiles/STM32C542_Project1.dir/stm32c5xx_drivers/hal/stm32c5xx_hal_gpio.c.obj
 .text.LL_GPIO_WriteOutputPin
                0x08001462       0x2a CMakeFiles/STM32C542_Project1.dir/stm32c5xx_drivers/hal/stm32c5xx_hal_gpio.c.obj
 .text.LL_GPIO_TogglePin
                0x0800148c       0x32 CMakeFiles/STM32C542_Project1.dir/stm32c5xx_drivers/hal/stm32c5xx_hal_gpio.c.obj
 .text.HAL_GPIO_Init
                0x080014be      0x128 CMakeFiles/STM32C542_Project1.dir/stm32c5xx_drivers/hal/stm32c5xx_hal_gpio.c.obj
                0x080014be                HAL_GPIO_Init
 .text.HAL_GPIO_WritePin
                0x080015e6       0x22 CMakeFiles/STM32C542_Project1.dir/stm32c5xx_drivers/hal/stm32c5xx_hal_gpio.c.obj
                0x080015e6                HAL_GPIO_WritePin
 .text.HAL_GPIO_TogglePin
                0x08001608       0x1c CMakeFiles/STM32C542_Project1.dir/stm32c5xx_drivers/hal/stm32c5xx_hal_gpio.c.obj
                0x08001608                HAL_GPIO_TogglePin
 .text.LL_ICACHE_Enable
                0x08001624       0x20 CMakeFiles/STM32C542_Project1.dir/stm32c5xx_drivers/hal/stm32c5xx_hal_icache.c.obj
 .text.LL_ICACHE_EnableIT
                0x08001644       0x22 CMakeFiles/STM32C542_Project1.dir/stm32c5xx_drivers/hal/stm32c5xx_hal_icache.c.obj
 .text.HAL_ICACHE_Init
                0x08001666       0x28 CMakeFiles/STM32C542_Project1.dir/stm32c5xx_drivers/hal/stm32c5xx_hal_icache.c.obj
                0x08001666                HAL_ICACHE_Init
 .text.HAL_ICACHE_Start
                0x0800168e       0x32 CMakeFiles/STM32C542_Project1.dir/stm32c5xx_drivers/hal/stm32c5xx_hal_icache.c.obj
                0x0800168e                HAL_ICACHE_Start
 .text.LL_RCC_PSIS_Enable
                0x080016c0       0x20 CMakeFiles/STM32C542_Project1.dir/stm32c5xx_drivers/hal/stm32c5xx_hal_rcc.c.obj
 .text.LL_RCC_PSIS_IsReady
                0x080016e0       0x28 CMakeFiles/STM32C542_Project1.dir/stm32c5xx_drivers/hal/stm32c5xx_hal_rcc.c.obj
 .text.LL_RCC_PSIDIV3_IsReady
                0x08001708       0x28 CMakeFiles/STM32C542_Project1.dir/stm32c5xx_drivers/hal/stm32c5xx_hal_rcc.c.obj
 .text.LL_RCC_PSIK_IsReady
                0x08001730       0x28 CMakeFiles/STM32C542_Project1.dir/stm32c5xx_drivers/hal/stm32c5xx_hal_rcc.c.obj
 .text.LL_RCC_ConfigPSI
                0x08001758       0x38 CMakeFiles/STM32C542_Project1.dir/stm32c5xx_drivers/hal/stm32c5xx_hal_rcc.c.obj
 .text.LL_RCC_GetConfigPSI
                0x08001790       0x40 CMakeFiles/STM32C542_Project1.dir/stm32c5xx_drivers/hal/stm32c5xx_hal_rcc.c.obj
 .text.LL_RCC_HSE_Enable
                0x080017d0       0x20 CMakeFiles/STM32C542_Project1.dir/stm32c5xx_drivers/hal/stm32c5xx_hal_rcc.c.obj
 .text.LL_RCC_HSE_IsReady
                0x080017f0       0x28 CMakeFiles/STM32C542_Project1.dir/stm32c5xx_drivers/hal/stm32c5xx_hal_rcc.c.obj
 .text.LL_RCC_HSE_ConfigBypass
                0x08001818       0x2c CMakeFiles/STM32C542_Project1.dir/stm32c5xx_drivers/hal/stm32c5xx_hal_rcc.c.obj
 .text.LL_RCC_SetSysClkSource
                0x08001844       0x28 CMakeFiles/STM32C542_Project1.dir/stm32c5xx_drivers/hal/stm32c5xx_hal_rcc.c.obj
 .text.LL_RCC_GetSysClkSource
                0x0800186c       0x1c CMakeFiles/STM32C542_Project1.dir/stm32c5xx_drivers/hal/stm32c5xx_hal_rcc.c.obj
 .text.LL_RCC_GetAHBPrescaler
                0x08001888       0x1c CMakeFiles/STM32C542_Project1.dir/stm32c5xx_drivers/hal/stm32c5xx_hal_rcc.c.obj
 .text.LL_RCC_GetSystickClockSource
                0x080018a4       0x1c CMakeFiles/STM32C542_Project1.dir/stm32c5xx_drivers/hal/stm32c5xx_hal_rcc.c.obj
 .text.LL_RCC_ConfigBusClock
                0x080018c0       0x2c CMakeFiles/STM32C542_Project1.dir/stm32c5xx_drivers/hal/stm32c5xx_hal_rcc.c.obj
 .text.HAL_RCC_HSE_Enable
                0x080018ec       0x3c CMakeFiles/STM32C542_Project1.dir/stm32c5xx_drivers/hal/stm32c5xx_hal_rcc.c.obj
                0x080018ec                HAL_RCC_HSE_Enable
 .text.HAL_RCC_PSIS_Enable
                0x08001928       0x1c CMakeFiles/STM32C542_Project1.dir/stm32c5xx_drivers/hal/stm32c5xx_hal_rcc.c.obj
                0x08001928                HAL_RCC_PSIS_Enable
 .text.HAL_RCC_PSI_SetConfig
                0x08001944       0x50 CMakeFiles/STM32C542_Project1.dir/stm32c5xx_drivers/hal/stm32c5xx_hal_rcc.c.obj
                0x08001944                HAL_RCC_PSI_SetConfig
 .text.HAL_RCC_PSI_GetConfig
                0x08001994       0x34 CMakeFiles/STM32C542_Project1.dir/stm32c5xx_drivers/hal/stm32c5xx_hal_rcc.c.obj
                0x08001994                HAL_RCC_PSI_GetConfig
 .text.HAL_RCC_SetSYSCLKSource
                0x080019c8       0x52 CMakeFiles/STM32C542_Project1.dir/stm32c5xx_drivers/hal/stm32c5xx_hal_rcc.c.obj
                0x080019c8                HAL_RCC_SetSYSCLKSource
 .text.HAL_RCC_GetSYSCLKSource
                0x08001a1a       0x12 CMakeFiles/STM32C542_Project1.dir/stm32c5xx_drivers/hal/stm32c5xx_hal_rcc.c.obj
                0x08001a1a                HAL_RCC_GetSYSCLKSource
 .text.HAL_RCC_SetBusClockConfig
                0x08001a2c       0x38 CMakeFiles/STM32C542_Project1.dir/stm32c5xx_drivers/hal/stm32c5xx_hal_rcc.c.obj
                0x08001a2c                HAL_RCC_SetBusClockConfig
 .text.HAL_RCC_GetPSIClockFreq
                0x08001a64       0x9c CMakeFiles/STM32C542_Project1.dir/stm32c5xx_drivers/hal/stm32c5xx_hal_rcc.c.obj
                0x08001a64                HAL_RCC_GetPSIClockFreq
 .text.HAL_RCC_GetSYSCLKFreq
                0x08001b00       0x4c CMakeFiles/STM32C542_Project1.dir/stm32c5xx_drivers/hal/stm32c5xx_hal_rcc.c.obj
                0x08001b00                HAL_RCC_GetSYSCLKFreq
 .text.HAL_RCC_GetHCLKFreq
                0x08001b4c       0x20 CMakeFiles/STM32C542_Project1.dir/stm32c5xx_drivers/hal/stm32c5xx_hal_rcc.c.obj
                0x08001b4c                HAL_RCC_GetHCLKFreq
 .text.HAL_RCC_GetSysTickExternalClkFreq
                0x08001b6c       0x58 CMakeFiles/STM32C542_Project1.dir/stm32c5xx_drivers/hal/stm32c5xx_hal_rcc.c.obj
                0x08001b6c                HAL_RCC_GetSysTickExternalClkFreq
 .text.RCC_WaitForTimeout
                0x08001bc4       0x54 CMakeFiles/STM32C542_Project1.dir/stm32c5xx_drivers/hal/stm32c5xx_hal_rcc.c.obj
 .text._kill    0x08001c18       0x20 CMakeFiles/STM32C542_Project1.dir/utilities/syscalls/syscalls.c.obj
                0x08001c18                _kill
 .text._exit    0x08001c38       0x16 CMakeFiles/STM32C542_Project1.dir/utilities/syscalls/syscalls.c.obj
                0x08001c38                _exit
 *fill*         0x08001c4e        0x2 
 .text.__errno  0x08001c50        0xc C:/ST/STM32CubeIDE_2.1.1/STM32CubeIDE/plugins/com.st.stm32cube.ide.mcu.externaltools.gnu-tools-for-stm32.14.3.rel1.win32_1.0.100.202602081740/tools/bin/../lib/gcc/arm-none-eabi/14.3.1/../../../../arm-none-eabi/lib/thumb/v8-m.main+fp/hard\libc_nano.a(libc_a-errno.o)
                0x08001c50                __errno
 *(.glue_7)
 .glue_7        0x08001c5c        0x0 linker stubs
 *(.glue_7t)
 .glue_7t       0x08001c5c        0x0 linker stubs
 *(.eh_frame)
 .eh_frame      0x08001c5c        0x0 C:/ST/STM32CubeIDE_2.1.1/STM32CubeIDE/plugins/com.st.stm32cube.ide.mcu.externaltools.gnu-tools-for-stm32.14.3.rel1.win32_1.0.100.202602081740/tools/bin/../lib/gcc/arm-none-eabi/14.3.1/thumb/v8-m.main+fp/hard/crtbegin.o
 *(.init)
 .init          0x08001c5c        0x4 C:/ST/STM32CubeIDE_2.1.1/STM32CubeIDE/plugins/com.st.stm32cube.ide.mcu.externaltools.gnu-tools-for-stm32.14.3.rel1.win32_1.0.100.202602081740/tools/bin/../lib/gcc/arm-none-eabi/14.3.1/thumb/v8-m.main+fp/hard/crti.o
                0x08001c5c                _init
 .init          0x08001c60        0x8 C:/ST/STM32CubeIDE_2.1.1/STM32CubeIDE/plugins/com.st.stm32cube.ide.mcu.externaltools.gnu-tools-for-stm32.14.3.rel1.win32_1.0.100.202602081740/tools/bin/../lib/gcc/arm-none-eabi/14.3.1/thumb/v8-m.main+fp/hard/crtn.o
 *(.fini)
 .fini          0x08001c68        0x4 C:/ST/STM32CubeIDE_2.1.1/STM32CubeIDE/plugins/com.st.stm32cube.ide.mcu.externaltools.gnu-tools-for-stm32.14.3.rel1.win32_1.0.100.202602081740/tools/bin/../lib/gcc/arm-none-eabi/14.3.1/thumb/v8-m.main+fp/hard/crti.o
                0x08001c68                _fini
 .fini          0x08001c6c        0x8 C:/ST/STM32CubeIDE_2.1.1/STM32CubeIDE/plugins/com.st.stm32cube.ide.mcu.externaltools.gnu-tools-for-stm32.14.3.rel1.win32_1.0.100.202602081740/tools/bin/../lib/gcc/arm-none-eabi/14.3.1/thumb/v8-m.main+fp/hard/crtn.o
                0x08001c78                        . = ALIGN (0x8)
 *fill*         0x08001c74        0x4 
                0x08001c78                        _etext = .

.vfp11_veneer   0x08001c78        0x0
 .vfp11_veneer  0x08001c78        0x0 linker stubs

.v4_bx          0x08001c78        0x0
 .v4_bx         0x08001c78        0x0 linker stubs

.iplt           0x08001c78        0x0
 .iplt          0x08001c78        0x0 C:/ST/STM32CubeIDE_2.1.1/STM32CubeIDE/plugins/com.st.stm32cube.ide.mcu.externaltools.gnu-tools-for-stm32.14.3.rel1.win32_1.0.100.202602081740/tools/bin/../lib/gcc/arm-none-eabi/14.3.1/thumb/v8-m.main+fp/hard/crtbegin.o

.rodata         0x08001c78       0x10
                0x08001c78                        . = ALIGN (0x8)
 *(.rodata)
 *(.rodata*)
 .rodata.AHBPrescTable
                0x08001c78       0x10 CMakeFiles/STM32C542_Project1.dir/user_modifiable/Device/STM32C542CCT6/system_stm32c5xx.c.obj
                0x08001c78                AHBPrescTable
                0x08001c88                        . = ALIGN (0x8)

.ARM.extab      0x08001c88        0x0
                0x08001c88                        . = ALIGN (0x8)
 *(.ARM.extab* .gnu.linkonce.armextab.*)
                0x08001c88                        . = ALIGN (0x8)

.ARM            0x08001c88        0x8
                0x08001c88                        . = ALIGN (0x8)
                0x08001c88                        __exidx_start = .
 *(.ARM.exidx*)
 .ARM.exidx     0x08001c88        0x8 C:/ST/STM32CubeIDE_2.1.1/STM32CubeIDE/plugins/com.st.stm32cube.ide.mcu.externaltools.gnu-tools-for-stm32.14.3.rel1.win32_1.0.100.202602081740/tools/bin/../lib/gcc/arm-none-eabi/14.3.1/../../../../arm-none-eabi/lib/thumb/v8-m.main+fp/hard/crt0.o
                                 0x10 (size before relaxing)
                0x08001c90                        __exidx_end = .
                0x08001c90                        . = ALIGN (0x8)

.preinit_array  0x08001c90        0x0
                0x08001c90                        . = ALIGN (0x8)
                0x08001c90                        PROVIDE (__preinit_array_start = .)
 *(.preinit_array*)
                0x08001c90                        PROVIDE (__preinit_array_end = .)
                0x08001c90                        . = ALIGN (0x8)

.init_array     0x08001c90        0x8
                0x08001c90                        . = ALIGN (0x8)
                0x08001c90                        PROVIDE (__init_array_start = .)
 *(SORT_BY_NAME(.init_array.*))
 *(.init_array*)
 .init_array    0x08001c90        0x4 C:/ST/STM32CubeIDE_2.1.1/STM32CubeIDE/plugins/com.st.stm32cube.ide.mcu.externaltools.gnu-tools-for-stm32.14.3.rel1.win32_1.0.100.202602081740/tools/bin/../lib/gcc/arm-none-eabi/14.3.1/thumb/v8-m.main+fp/hard/crtbegin.o
                0x08001c94                        PROVIDE (__init_array_end = .)
                0x08001c98                        . = ALIGN (0x8)
 *fill*         0x08001c94        0x4 

.fini_array     0x08001c98        0x8
                0x08001c98                        . = ALIGN (0x8)
                [!provide]                        PROVIDE (__fini_array_start = .)
 *(SORT_BY_NAME(.fini_array.*))
 *(.fini_array*)
 .fini_array    0x08001c98        0x4 C:/ST/STM32CubeIDE_2.1.1/STM32CubeIDE/plugins/com.st.stm32cube.ide.mcu.externaltools.gnu-tools-for-stm32.14.3.rel1.win32_1.0.100.202602081740/tools/bin/../lib/gcc/arm-none-eabi/14.3.1/thumb/v8-m.main+fp/hard/crtbegin.o
                [!provide]                        PROVIDE (__fini_array_end = .)
                0x08001ca0                        . = ALIGN (0x8)
 *fill*         0x08001c9c        0x4 

.copy.table     0x08001ca0        0xc
                0x08001ca0                        . = ALIGN (0x8)
                0x08001ca0                        __copy_table_start__ = .
                0x08001ca0        0x4 LONG 0x8001cb8 LOADADDR (.data)
                0x08001ca4        0x4 LONG 0x20000000 ADDR (.data)
                0x08001ca8        0x4 LONG 0x18 (SIZEOF (.data) / 0x4)
                0x08001cac                        __copy_table_end__ = .

.zero.table     0x08001cac        0xc
                0x08001cb0                        . = ALIGN (0x8)
 *fill*         0x08001cac        0x4 
                0x08001cb0                        __zero_table_start__ = .
                0x08001cb0        0x4 LONG 0x20000060 ADDR (.bss)
                0x08001cb4        0x4 LONG 0x5a (SIZEOF (.bss) / 0x4)
                0x08001cb8                        __zero_table_end__ = .

.rel.dyn        0x08001cb8        0x0
 .rel.iplt      0x08001cb8        0x0 C:/ST/STM32CubeIDE_2.1.1/STM32CubeIDE/plugins/com.st.stm32cube.ide.mcu.externaltools.gnu-tools-for-stm32.14.3.rel1.win32_1.0.100.202602081740/tools/bin/../lib/gcc/arm-none-eabi/14.3.1/thumb/v8-m.main+fp/hard/crtbegin.o

.data           0x20000000       0x60 load address 0x08001cb8
                0x20000000                        . = ALIGN (0x8)
                0x08001cb8                        _sidata = LOADADDR (.data)
                0x20000000                        __data_start__ = .
                0x20000000                        _sdata = .
 *(.data)
 *(.data*)
 .data._impure_ptr
                0x20000000        0x4 C:/ST/STM32CubeIDE_2.1.1/STM32CubeIDE/plugins/com.st.stm32cube.ide.mcu.externaltools.gnu-tools-for-stm32.14.3.rel1.win32_1.0.100.202602081740/tools/bin/../lib/gcc/arm-none-eabi/14.3.1/../../../../arm-none-eabi/lib/thumb/v8-m.main+fp/hard\libc_nano.a(libc_a-impure.o)
                0x20000000                _impure_ptr
 .data._impure_data
                0x20000004       0x4c C:/ST/STM32CubeIDE_2.1.1/STM32CubeIDE/plugins/com.st.stm32cube.ide.mcu.externaltools.gnu-tools-for-stm32.14.3.rel1.win32_1.0.100.202602081740/tools/bin/../lib/gcc/arm-none-eabi/14.3.1/../../../../arm-none-eabi/lib/thumb/v8-m.main+fp/hard\libc_nano.a(libc_a-impure.o)
                0x20000004                _impure_data
 .data.SystemCoreClock
                0x20000050        0x4 CMakeFiles/STM32C542_Project1.dir/user_modifiable/Device/STM32C542CCT6/system_stm32c5xx.c.obj
                0x20000050                SystemCoreClock
 .data.uwTickPrio
                0x20000054        0x4 CMakeFiles/STM32C542_Project1.dir/stm32c5xx_drivers/hal/stm32c5xx_hal.c.obj
                0x20000054                uwTickPrio
 .data.uwTickFreq
                0x20000058        0x1 CMakeFiles/STM32C542_Project1.dir/stm32c5xx_drivers/hal/stm32c5xx_hal.c.obj
                0x20000058                uwTickFreq
                0x20000060                        . = ALIGN (0x8)
 *fill*         0x20000059        0x7 
                0x20000060                        _edata = .

.igot.plt       0x20000060        0x0 load address 0x08001d18
 .igot.plt      0x20000060        0x0 C:/ST/STM32CubeIDE_2.1.1/STM32CubeIDE/plugins/com.st.stm32cube.ide.mcu.externaltools.gnu-tools-for-stm32.14.3.rel1.win32_1.0.100.202602081740/tools/bin/../lib/gcc/arm-none-eabi/14.3.1/thumb/v8-m.main+fp/hard/crtbegin.o

.bss            0x20000060      0x168 load address 0x08001d18
                0x20000060                        . = ALIGN (0x8)
                0x20000060                        _sbss = .
                0x20000060                        __bss_start__ = _sbss
 *(.bss)
 .bss           0x20000060       0x1c C:/ST/STM32CubeIDE_2.1.1/STM32CubeIDE/plugins/com.st.stm32cube.ide.mcu.externaltools.gnu-tools-for-stm32.14.3.rel1.win32_1.0.100.202602081740/tools/bin/../lib/gcc/arm-none-eabi/14.3.1/thumb/v8-m.main+fp/hard/crtbegin.o
 *(.bss*)
 .bss.__sf      0x2000007c      0x138 C:/ST/STM32CubeIDE_2.1.1/STM32CubeIDE/plugins/com.st.stm32cube.ide.mcu.externaltools.gnu-tools-for-stm32.14.3.rel1.win32_1.0.100.202602081740/tools/bin/../lib/gcc/arm-none-eabi/14.3.1/../../../../arm-none-eabi/lib/thumb/v8-m.main+fp/hard\libc_nano.a(libc_a-findfp.o)
                0x2000007c                __sf
 .bss.__stdio_exit_handler
                0x200001b4        0x4 C:/ST/STM32CubeIDE_2.1.1/STM32CubeIDE/plugins/com.st.stm32cube.ide.mcu.externaltools.gnu-tools-for-stm32.14.3.rel1.win32_1.0.100.202602081740/tools/bin/../lib/gcc/arm-none-eabi/14.3.1/../../../../arm-none-eabi/lib/thumb/v8-m.main+fp/hard\libc_nano.a(libc_a-findfp.o)
                0x200001b4                __stdio_exit_handler
 .bss.hICACHE   0x200001b8        0x8 CMakeFiles/STM32C542_Project1.dir/generated/hal/mx_icache.c.obj
 .bss.uwTick    0x200001c0        0x4 CMakeFiles/STM32C542_Project1.dir/stm32c5xx_drivers/hal/stm32c5xx_hal.c.obj
                0x200001c0                uwTick
 *(COMMON)
                0x200001c8                        . = ALIGN (0x8)
 *fill*         0x200001c4        0x4 
                0x200001c8                        _ebss = .
                0x200001c8                        __bss_end__ = _ebss

.heap           0x200001c8      0x200 load address 0x08001d18
                0x200001c8                        . = ALIGN (0x8)
                0x200001c8                        __end__ = .
                [!provide]                        PROVIDE (end = .)
                0x200001c8                        _heap_start = .
                0x200003c8                        . = (. + HEAP_SIZE)
 *fill*         0x200001c8      0x200 
                0x200003c8                        . = ALIGN (0x8)
                0x200003c8                        _heap_end = .
                0x200003c8                        __HeapLimit = .

.stack          0x200003c8      0x400 load address 0x08001d18
                0x200003c8                        . = ALIGN (0x8)
                0x200003c8                        __StackLimit = .
                0x200007c8                        . = (. + STACK_SIZE)
 *fill*         0x200003c8      0x400 
                0x200007c8                        . = ALIGN (0x8)
                0x200007c8                        __StackTop = .
                0x200007c8                        _estack = .
                0x200007c8                        __stack = .

/DISCARD/
 libc.a(*)
 libm.a(*)
 libgcc.a(*)

.ARM.attributes
                0x00000000       0x36
 *(.ARM.attributes)
 .ARM.attributes
                0x00000000       0x26 C:/ST/STM32CubeIDE_2.1.1/STM32CubeIDE/plugins/com.st.stm32cube.ide.mcu.externaltools.gnu-tools-for-stm32.14.3.rel1.win32_1.0.100.202602081740/tools/bin/../lib/gcc/arm-none-eabi/14.3.1/thumb/v8-m.main+fp/hard/crti.o
 .ARM.attributes
                0x00000026       0x38 C:/ST/STM32CubeIDE_2.1.1/STM32CubeIDE/plugins/com.st.stm32cube.ide.mcu.externaltools.gnu-tools-for-stm32.14.3.rel1.win32_1.0.100.202602081740/tools/bin/../lib/gcc/arm-none-eabi/14.3.1/thumb/v8-m.main+fp/hard/crtbegin.o
 .ARM.attributes
                0x0000005e       0x24 C:/ST/STM32CubeIDE_2.1.1/STM32CubeIDE/plugins/com.st.stm32cube.ide.mcu.externaltools.gnu-tools-for-stm32.14.3.rel1.win32_1.0.100.202602081740/tools/bin/../lib/gcc/arm-none-eabi/14.3.1/../../../../arm-none-eabi/lib/thumb/v8-m.main+fp/hard/crt0.o
 .ARM.attributes
                0x00000082       0x38 C:/ST/STM32CubeIDE_2.1.1/STM32CubeIDE/plugins/com.st.stm32cube.ide.mcu.externaltools.gnu-tools-for-stm32.14.3.rel1.win32_1.0.100.202602081740/tools/bin/../lib/gcc/arm-none-eabi/14.3.1/../../../../arm-none-eabi/lib/thumb/v8-m.main+fp/hard\libc_nano.a(libc_a-exit.o)
 .ARM.attributes
                0x000000ba       0x38 C:/ST/STM32CubeIDE_2.1.1/STM32CubeIDE/plugins/com.st.stm32cube.ide.mcu.externaltools.gnu-tools-for-stm32.14.3.rel1.win32_1.0.100.202602081740/tools/bin/../lib/gcc/arm-none-eabi/14.3.1/../../../../arm-none-eabi/lib/thumb/v8-m.main+fp/hard\libc_nano.a(libc_a-findfp.o)
 .ARM.attributes
                0x000000f2       0x38 C:/ST/STM32CubeIDE_2.1.1/STM32CubeIDE/plugins/com.st.stm32cube.ide.mcu.externaltools.gnu-tools-for-stm32.14.3.rel1.win32_1.0.100.202602081740/tools/bin/../lib/gcc/arm-none-eabi/14.3.1/../../../../arm-none-eabi/lib/thumb/v8-m.main+fp/hard\libc_nano.a(libc_a-memset.o)
 .ARM.attributes
                0x0000012a       0x38 C:/ST/STM32CubeIDE_2.1.1/STM32CubeIDE/plugins/com.st.stm32cube.ide.mcu.externaltools.gnu-tools-for-stm32.14.3.rel1.win32_1.0.100.202602081740/tools/bin/../lib/gcc/arm-none-eabi/14.3.1/../../../../arm-none-eabi/lib/thumb/v8-m.main+fp/hard\libc_nano.a(libc_a-impure.o)
 .ARM.attributes
                0x00000162       0x38 C:/ST/STM32CubeIDE_2.1.1/STM32CubeIDE/plugins/com.st.stm32cube.ide.mcu.externaltools.gnu-tools-for-stm32.14.3.rel1.win32_1.0.100.202602081740/tools/bin/../lib/gcc/arm-none-eabi/14.3.1/../../../../arm-none-eabi/lib/thumb/v8-m.main+fp/hard\libc_nano.a(libc_a-init.o)
 .ARM.attributes
                0x0000019a       0x3a CMakeFiles/STM32C542_Project1.dir/main.c.obj
 .ARM.attributes
                0x000001d4       0x3a CMakeFiles/STM32C542_Project1.dir/generated/hal/mx_cortex_debug.c.obj
 .ARM.attributes
                0x0000020e       0x3a CMakeFiles/STM32C542_Project1.dir/generated/hal/mx_cortex_mpu.c.obj
 .ARM.attributes
                0x00000248       0x3a CMakeFiles/STM32C542_Project1.dir/generated/hal/mx_cortex_nvic.c.obj
 .ARM.attributes
                0x00000282       0x3a CMakeFiles/STM32C542_Project1.dir/generated/hal/mx_gpio_default.c.obj
 .ARM.attributes
                0x000002bc       0x3a CMakeFiles/STM32C542_Project1.dir/generated/hal/mx_icache.c.obj
 .ARM.attributes
                0x000002f6       0x3a CMakeFiles/STM32C542_Project1.dir/generated/hal/mx_rcc.c.obj
 .ARM.attributes
                0x00000330       0x3a CMakeFiles/STM32C542_Project1.dir/generated/hal/mx_system.c.obj
 .ARM.attributes
                0x0000036a       0x3a CMakeFiles/STM32C542_Project1.dir/user_modifiable/Device/STM32C542CCT6/system_stm32c5xx.c.obj
 .ARM.attributes
                0x000003a4       0x3a CMakeFiles/STM32C542_Project1.dir/user_modifiable/Device/STM32C542CCT6/startup_stm32c542xx.c.obj
 .ARM.attributes
                0x000003de       0x3a CMakeFiles/STM32C542_Project1.dir/stm32c5xx_drivers/hal/stm32c5xx_hal.c.obj
 .ARM.attributes
                0x00000418       0x3a CMakeFiles/STM32C542_Project1.dir/stm32c5xx_drivers/hal/stm32c5xx_hal_cortex.c.obj
 .ARM.attributes
                0x00000452       0x3a CMakeFiles/STM32C542_Project1.dir/stm32c5xx_drivers/hal/stm32c5xx_hal_flash_itf.c.obj
 .ARM.attributes
                0x0000048c       0x3a CMakeFiles/STM32C542_Project1.dir/stm32c5xx_drivers/hal/stm32c5xx_hal_gpio.c.obj
 .ARM.attributes
                0x000004c6       0x3a CMakeFiles/STM32C542_Project1.dir/stm32c5xx_drivers/hal/stm32c5xx_hal_icache.c.obj
 .ARM.attributes
                0x00000500       0x3a CMakeFiles/STM32C542_Project1.dir/stm32c5xx_drivers/hal/stm32c5xx_hal_rcc.c.obj
 .ARM.attributes
                0x0000053a       0x3a CMakeFiles/STM32C542_Project1.dir/utilities/syscalls/syscalls.c.obj
 .ARM.attributes
                0x00000574       0x38 C:/ST/STM32CubeIDE_2.1.1/STM32CubeIDE/plugins/com.st.stm32cube.ide.mcu.externaltools.gnu-tools-for-stm32.14.3.rel1.win32_1.0.100.202602081740/tools/bin/../lib/gcc/arm-none-eabi/14.3.1/../../../../arm-none-eabi/lib/thumb/v8-m.main+fp/hard\libc_nano.a(libc_a-errno.o)
 .ARM.attributes
                0x000005ac       0x26 C:/ST/STM32CubeIDE_2.1.1/STM32CubeIDE/plugins/com.st.stm32cube.ide.mcu.externaltools.gnu-tools-for-stm32.14.3.rel1.win32_1.0.100.202602081740/tools/bin/../lib/gcc/arm-none-eabi/14.3.1/thumb/v8-m.main+fp/hard/crtn.o
OUTPUT(STM32C542_Project1.elf elf32-littlearm)
LOAD linker stubs
LOAD C:/ST/STM32CubeIDE_2.1.1/STM32CubeIDE/plugins/com.st.stm32cube.ide.mcu.externaltools.gnu-tools-for-stm32.14.3.rel1.win32_1.0.100.202602081740/tools/bin/../lib/gcc/arm-none-eabi/14.3.1/../../../../arm-none-eabi/lib/thumb/v8-m.main+fp/hard\libc.a
LOAD C:/ST/STM32CubeIDE_2.1.1/STM32CubeIDE/plugins/com.st.stm32cube.ide.mcu.externaltools.gnu-tools-for-stm32.14.3.rel1.win32_1.0.100.202602081740/tools/bin/../lib/gcc/arm-none-eabi/14.3.1/../../../../arm-none-eabi/lib/thumb/v8-m.main+fp/hard\libm.a
LOAD C:/ST/STM32CubeIDE_2.1.1/STM32CubeIDE/plugins/com.st.stm32cube.ide.mcu.externaltools.gnu-tools-for-stm32.14.3.rel1.win32_1.0.100.202602081740/tools/bin/../lib/gcc/arm-none-eabi/14.3.1/thumb/v8-m.main+fp/hard\libgcc.a

.debug_frame    0x00000000     0x564c
 .debug_frame   0x00000000       0x28 C:/ST/STM32CubeIDE_2.1.1/STM32CubeIDE/plugins/com.st.stm32cube.ide.mcu.externaltools.gnu-tools-for-stm32.14.3.rel1.win32_1.0.100.202602081740/tools/bin/../lib/gcc/arm-none-eabi/14.3.1/../../../../arm-none-eabi/lib/thumb/v8-m.main+fp/hard\libc_nano.a(libc_a-exit.o)
 .debug_frame   0x00000028      0x144 C:/ST/STM32CubeIDE_2.1.1/STM32CubeIDE/plugins/com.st.stm32cube.ide.mcu.externaltools.gnu-tools-for-stm32.14.3.rel1.win32_1.0.100.202602081740/tools/bin/../lib/gcc/arm-none-eabi/14.3.1/../../../../arm-none-eabi/lib/thumb/v8-m.main+fp/hard\libc_nano.a(libc_a-findfp.o)
 .debug_frame   0x0000016c       0x20 C:/ST/STM32CubeIDE_2.1.1/STM32CubeIDE/plugins/com.st.stm32cube.ide.mcu.externaltools.gnu-tools-for-stm32.14.3.rel1.win32_1.0.100.202602081740/tools/bin/../lib/gcc/arm-none-eabi/14.3.1/../../../../arm-none-eabi/lib/thumb/v8-m.main+fp/hard\libc_nano.a(libc_a-memset.o)
 .debug_frame   0x0000018c       0x2c C:/ST/STM32CubeIDE_2.1.1/STM32CubeIDE/plugins/com.st.stm32cube.ide.mcu.externaltools.gnu-tools-for-stm32.14.3.rel1.win32_1.0.100.202602081740/tools/bin/../lib/gcc/arm-none-eabi/14.3.1/../../../../arm-none-eabi/lib/thumb/v8-m.main+fp/hard\libc_nano.a(libc_a-init.o)
 .debug_frame   0x000001b8       0x2c CMakeFiles/STM32C542_Project1.dir/main.c.obj
 .debug_frame   0x000001e4       0xac CMakeFiles/STM32C542_Project1.dir/generated/hal/mx_cortex_debug.c.obj
 .debug_frame   0x00000290       0x58 CMakeFiles/STM32C542_Project1.dir/generated/hal/mx_cortex_mpu.c.obj
 .debug_frame   0x000002e8       0x2c CMakeFiles/STM32C542_Project1.dir/generated/hal/mx_cortex_nvic.c.obj
 .debug_frame   0x00000314       0xac CMakeFiles/STM32C542_Project1.dir/generated/hal/mx_gpio_default.c.obj
 .debug_frame   0x000003c0       0x64 CMakeFiles/STM32C542_Project1.dir/generated/hal/mx_icache.c.obj
 .debug_frame   0x00000424       0x6c CMakeFiles/STM32C542_Project1.dir/generated/hal/mx_rcc.c.obj
 .debug_frame   0x00000490       0x80 CMakeFiles/STM32C542_Project1.dir/generated/hal/mx_system.c.obj
 .debug_frame   0x00000510       0x90 CMakeFiles/STM32C542_Project1.dir/user_modifiable/Device/STM32C542CCT6/system_stm32c5xx.c.obj
 .debug_frame   0x000005a0       0x7c CMakeFiles/STM32C542_Project1.dir/user_modifiable/Device/STM32C542CCT6/startup_stm32c542xx.c.obj
 .debug_frame   0x0000061c      0x424 CMakeFiles/STM32C542_Project1.dir/stm32c5xx_drivers/hal/stm32c5xx_hal.c.obj
 .debug_frame   0x00000a40      0x850 CMakeFiles/STM32C542_Project1.dir/stm32c5xx_drivers/hal/stm32c5xx_hal_cortex.c.obj
 .debug_frame   0x00001290     0x15b8 CMakeFiles/STM32C542_Project1.dir/stm32c5xx_drivers/hal/stm32c5xx_hal_flash_itf.c.obj
 .debug_frame   0x00002848      0x2bc CMakeFiles/STM32C542_Project1.dir/stm32c5xx_drivers/hal/stm32c5xx_hal_gpio.c.obj
 .debug_frame   0x00002b04      0x68c CMakeFiles/STM32C542_Project1.dir/stm32c5xx_drivers/hal/stm32c5xx_hal_icache.c.obj
 .debug_frame   0x00003190     0x2214 CMakeFiles/STM32C542_Project1.dir/stm32c5xx_drivers/hal/stm32c5xx_hal_rcc.c.obj
 .debug_frame   0x000053a4      0x288 CMakeFiles/STM32C542_Project1.dir/utilities/syscalls/syscalls.c.obj
 .debug_frame   0x0000562c       0x20 C:/ST/STM32CubeIDE_2.1.1/STM32CubeIDE/plugins/com.st.stm32cube.ide.mcu.externaltools.gnu-tools-for-stm32.14.3.rel1.win32_1.0.100.202602081740/tools/bin/../lib/gcc/arm-none-eabi/14.3.1/../../../../arm-none-eabi/lib/thumb/v8-m.main+fp/hard\libc_nano.a(libc_a-errno.o)

.debug_info     0x00000000     0xe561
 .debug_info    0x00000000      0x1e8 CMakeFiles/STM32C542_Project1.dir/main.c.obj
 .debug_info    0x000001e8      0x752 CMakeFiles/STM32C542_Project1.dir/generated/hal/mx_cortex_debug.c.obj
 .debug_info    0x0000093a      0x441 CMakeFiles/STM32C542_Project1.dir/generated/hal/mx_cortex_mpu.c.obj
 .debug_info    0x00000d7b      0x50d CMakeFiles/STM32C542_Project1.dir/generated/hal/mx_cortex_nvic.c.obj
 .debug_info    0x00001288      0x756 CMakeFiles/STM32C542_Project1.dir/generated/hal/mx_gpio_default.c.obj
 .debug_info    0x000019de      0x200 CMakeFiles/STM32C542_Project1.dir/generated/hal/mx_icache.c.obj
 .debug_info    0x00001bde      0x54a CMakeFiles/STM32C542_Project1.dir/generated/hal/mx_rcc.c.obj
 .debug_info    0x00002128      0x2d3 CMakeFiles/STM32C542_Project1.dir/generated/hal/mx_system.c.obj
 .debug_info    0x000023fb      0x79e CMakeFiles/STM32C542_Project1.dir/user_modifiable/Device/STM32C542CCT6/system_stm32c5xx.c.obj
 .debug_info    0x00002b99      0x374 CMakeFiles/STM32C542_Project1.dir/user_modifiable/Device/STM32C542CCT6/startup_stm32c542xx.c.obj
 .debug_info    0x00002f0d      0xff9 CMakeFiles/STM32C542_Project1.dir/stm32c5xx_drivers/hal/stm32c5xx_hal.c.obj
 .debug_info    0x00003f06     0x192e CMakeFiles/STM32C542_Project1.dir/stm32c5xx_drivers/hal/stm32c5xx_hal_cortex.c.obj
 .debug_info    0x00005834     0x290c CMakeFiles/STM32C542_Project1.dir/stm32c5xx_drivers/hal/stm32c5xx_hal_flash_itf.c.obj
 .debug_info    0x00008140     0x1037 CMakeFiles/STM32C542_Project1.dir/stm32c5xx_drivers/hal/stm32c5xx_hal_gpio.c.obj
 .debug_info    0x00009177      0xe1b CMakeFiles/STM32C542_Project1.dir/stm32c5xx_drivers/hal/stm32c5xx_hal_icache.c.obj
 .debug_info    0x00009f92     0x3f21 CMakeFiles/STM32C542_Project1.dir/stm32c5xx_drivers/hal/stm32c5xx_hal_rcc.c.obj
 .debug_info    0x0000deb3      0x6ae CMakeFiles/STM32C542_Project1.dir/utilities/syscalls/syscalls.c.obj

.debug_abbrev   0x00000000     0x22d1
 .debug_abbrev  0x00000000       0xc5 CMakeFiles/STM32C542_Project1.dir/main.c.obj
 .debug_abbrev  0x000000c5      0x26a CMakeFiles/STM32C542_Project1.dir/generated/hal/mx_cortex_debug.c.obj
 .debug_abbrev  0x0000032f      0x124 CMakeFiles/STM32C542_Project1.dir/generated/hal/mx_cortex_mpu.c.obj
 .debug_abbrev  0x00000453       0xec CMakeFiles/STM32C542_Project1.dir/generated/hal/mx_cortex_nvic.c.obj
 .debug_abbrev  0x0000053f      0x26c CMakeFiles/STM32C542_Project1.dir/generated/hal/mx_gpio_default.c.obj
 .debug_abbrev  0x000007ab      0x129 CMakeFiles/STM32C542_Project1.dir/generated/hal/mx_icache.c.obj
 .debug_abbrev  0x000008d4      0x164 CMakeFiles/STM32C542_Project1.dir/generated/hal/mx_rcc.c.obj
 .debug_abbrev  0x00000a38      0x140 CMakeFiles/STM32C542_Project1.dir/generated/hal/mx_system.c.obj
 .debug_abbrev  0x00000b78      0x187 CMakeFiles/STM32C542_Project1.dir/user_modifiable/Device/STM32C542CCT6/system_stm32c5xx.c.obj
 .debug_abbrev  0x00000cff      0x21e CMakeFiles/STM32C542_Project1.dir/user_modifiable/Device/STM32C542CCT6/startup_stm32c542xx.c.obj
 .debug_abbrev  0x00000f1d      0x320 CMakeFiles/STM32C542_Project1.dir/stm32c5xx_drivers/hal/stm32c5xx_hal.c.obj
 .debug_abbrev  0x0000123d      0x3f2 CMakeFiles/STM32C542_Project1.dir/stm32c5xx_drivers/hal/stm32c5xx_hal_cortex.c.obj
 .debug_abbrev  0x0000162f      0x227 CMakeFiles/STM32C542_Project1.dir/stm32c5xx_drivers/hal/stm32c5xx_hal_flash_itf.c.obj
 .debug_abbrev  0x00001856      0x2a8 CMakeFiles/STM32C542_Project1.dir/stm32c5xx_drivers/hal/stm32c5xx_hal_gpio.c.obj
 .debug_abbrev  0x00001afe      0x22a CMakeFiles/STM32C542_Project1.dir/stm32c5xx_drivers/hal/stm32c5xx_hal_icache.c.obj
 .debug_abbrev  0x00001d28      0x391 CMakeFiles/STM32C542_Project1.dir/stm32c5xx_drivers/hal/stm32c5xx_hal_rcc.c.obj
 .debug_abbrev  0x000020b9      0x218 CMakeFiles/STM32C542_Project1.dir/utilities/syscalls/syscalls.c.obj

.debug_aranges  0x00000000     0x1568
 .debug_aranges
                0x00000000       0x20 CMakeFiles/STM32C542_Project1.dir/main.c.obj
 .debug_aranges
                0x00000020       0x40 CMakeFiles/STM32C542_Project1.dir/generated/hal/mx_cortex_debug.c.obj
 .debug_aranges
                0x00000060       0x28 CMakeFiles/STM32C542_Project1.dir/generated/hal/mx_cortex_mpu.c.obj
 .debug_aranges
                0x00000088       0x20 CMakeFiles/STM32C542_Project1.dir/generated/hal/mx_cortex_nvic.c.obj
 .debug_aranges
                0x000000a8       0x40 CMakeFiles/STM32C542_Project1.dir/generated/hal/mx_gpio_default.c.obj
 .debug_aranges
                0x000000e8       0x30 CMakeFiles/STM32C542_Project1.dir/generated/hal/mx_icache.c.obj
 .debug_aranges
                0x00000118       0x30 CMakeFiles/STM32C542_Project1.dir/generated/hal/mx_rcc.c.obj
 .debug_aranges
                0x00000148       0x38 CMakeFiles/STM32C542_Project1.dir/generated/hal/mx_system.c.obj
 .debug_aranges
                0x00000180       0x38 CMakeFiles/STM32C542_Project1.dir/user_modifiable/Device/STM32C542CCT6/system_stm32c5xx.c.obj
 .debug_aranges
                0x000001b8       0x38 CMakeFiles/STM32C542_Project1.dir/user_modifiable/Device/STM32C542CCT6/startup_stm32c542xx.c.obj
 .debug_aranges
                0x000001f0      0x118 CMakeFiles/STM32C542_Project1.dir/stm32c5xx_drivers/hal/stm32c5xx_hal.c.obj
 .debug_aranges
                0x00000308      0x208 CMakeFiles/STM32C542_Project1.dir/stm32c5xx_drivers/hal/stm32c5xx_hal_cortex.c.obj
 .debug_aranges
                0x00000510      0x4e8 CMakeFiles/STM32C542_Project1.dir/stm32c5xx_drivers/hal/stm32c5xx_hal_flash_itf.c.obj
 .debug_aranges
                0x000009f8       0xb0 CMakeFiles/STM32C542_Project1.dir/stm32c5xx_drivers/hal/stm32c5xx_hal_gpio.c.obj
 .debug_aranges
                0x00000aa8      0x188 CMakeFiles/STM32C542_Project1.dir/stm32c5xx_drivers/hal/stm32c5xx_hal_icache.c.obj
 .debug_aranges
                0x00000c30      0x890 CMakeFiles/STM32C542_Project1.dir/stm32c5xx_drivers/hal/stm32c5xx_hal_rcc.c.obj
 .debug_aranges
                0x000014c0       0xa8 CMakeFiles/STM32C542_Project1.dir/utilities/syscalls/syscalls.c.obj

.debug_rnglists
                0x00000000      0xfe8
 .debug_rnglists
                0x00000000       0x14 CMakeFiles/STM32C542_Project1.dir/main.c.obj
 .debug_rnglists
                0x00000014       0x2c CMakeFiles/STM32C542_Project1.dir/generated/hal/mx_cortex_debug.c.obj
 .debug_rnglists
                0x00000040       0x1a CMakeFiles/STM32C542_Project1.dir/generated/hal/mx_cortex_mpu.c.obj
 .debug_rnglists
                0x0000005a       0x13 CMakeFiles/STM32C542_Project1.dir/generated/hal/mx_cortex_nvic.c.obj
 .debug_rnglists
                0x0000006d       0x2c CMakeFiles/STM32C542_Project1.dir/generated/hal/mx_gpio_default.c.obj
 .debug_rnglists
                0x00000099       0x1f CMakeFiles/STM32C542_Project1.dir/generated/hal/mx_icache.c.obj
 .debug_rnglists
                0x000000b8       0x20 CMakeFiles/STM32C542_Project1.dir/generated/hal/mx_rcc.c.obj
 .debug_rnglists
                0x000000d8       0x26 CMakeFiles/STM32C542_Project1.dir/generated/hal/mx_system.c.obj
 .debug_rnglists
                0x000000fe       0x26 CMakeFiles/STM32C542_Project1.dir/user_modifiable/Device/STM32C542CCT6/system_stm32c5xx.c.obj
 .debug_rnglists
                0x00000124       0x26 CMakeFiles/STM32C542_Project1.dir/user_modifiable/Device/STM32C542CCT6/startup_stm32c542xx.c.obj
 .debug_rnglists
                0x0000014a       0xcd CMakeFiles/STM32C542_Project1.dir/stm32c5xx_drivers/hal/stm32c5xx_hal.c.obj
 .debug_rnglists
                0x00000217      0x181 CMakeFiles/STM32C542_Project1.dir/stm32c5xx_drivers/hal/stm32c5xx_hal_cortex.c.obj
 .debug_rnglists
                0x00000398      0x3aa CMakeFiles/STM32C542_Project1.dir/stm32c5xx_drivers/hal/stm32c5xx_hal_flash_itf.c.obj
 .debug_rnglists
                0x00000742       0x86 CMakeFiles/STM32C542_Project1.dir/stm32c5xx_drivers/hal/stm32c5xx_hal_gpio.c.obj
 .debug_rnglists
                0x000007c8      0x121 CMakeFiles/STM32C542_Project1.dir/stm32c5xx_drivers/hal/stm32c5xx_hal_icache.c.obj
 .debug_rnglists
                0x000008e9      0x686 CMakeFiles/STM32C542_Project1.dir/stm32c5xx_drivers/hal/stm32c5xx_hal_rcc.c.obj
 .debug_rnglists
                0x00000f6f       0x79 CMakeFiles/STM32C542_Project1.dir/utilities/syscalls/syscalls.c.obj

.debug_macro    0x00000000    0x1b18c
 .debug_macro   0x00000000      0x2fd CMakeFiles/STM32C542_Project1.dir/main.c.obj
 .debug_macro   0x000002fd      0xb98 CMakeFiles/STM32C542_Project1.dir/main.c.obj
 .debug_macro   0x00000e95       0x10 CMakeFiles/STM32C542_Project1.dir/main.c.obj
 .debug_macro   0x00000ea5       0x11 CMakeFiles/STM32C542_Project1.dir/main.c.obj
 .debug_macro   0x00000eb6      0x190 CMakeFiles/STM32C542_Project1.dir/main.c.obj
 .debug_macro   0x00001046      0x5f7 CMakeFiles/STM32C542_Project1.dir/main.c.obj
 .debug_macro   0x0000163d       0x22 CMakeFiles/STM32C542_Project1.dir/main.c.obj
 .debug_macro   0x0000165f       0x28 CMakeFiles/STM32C542_Project1.dir/main.c.obj
 .debug_macro   0x00001687       0x42 CMakeFiles/STM32C542_Project1.dir/main.c.obj
 .debug_macro   0x000016c9       0x22 CMakeFiles/STM32C542_Project1.dir/main.c.obj
 .debug_macro   0x000016eb       0x8e CMakeFiles/STM32C542_Project1.dir/main.c.obj
 .debug_macro   0x00001779       0x51 CMakeFiles/STM32C542_Project1.dir/main.c.obj
 .debug_macro   0x000017ca      0x103 CMakeFiles/STM32C542_Project1.dir/main.c.obj
 .debug_macro   0x000018cd       0x6a CMakeFiles/STM32C542_Project1.dir/main.c.obj
 .debug_macro   0x00001937      0x1df CMakeFiles/STM32C542_Project1.dir/main.c.obj
 .debug_macro   0x00001b16       0x2e CMakeFiles/STM32C542_Project1.dir/main.c.obj
 .debug_macro   0x00001b44       0x18 CMakeFiles/STM32C542_Project1.dir/main.c.obj
 .debug_macro   0x00001b5c       0x58 CMakeFiles/STM32C542_Project1.dir/main.c.obj
 .debug_macro   0x00001bb4      0x26d CMakeFiles/STM32C542_Project1.dir/main.c.obj
 .debug_macro   0x00001e21       0x28 CMakeFiles/STM32C542_Project1.dir/main.c.obj
 .debug_macro   0x00001e49     0x16f5 CMakeFiles/STM32C542_Project1.dir/main.c.obj
 .debug_macro   0x0000353e      0x130 CMakeFiles/STM32C542_Project1.dir/main.c.obj
 .debug_macro   0x0000366e    0x12054 CMakeFiles/STM32C542_Project1.dir/main.c.obj
 .debug_macro   0x000156c2       0x93 CMakeFiles/STM32C542_Project1.dir/main.c.obj
 .debug_macro   0x00015755       0x61 CMakeFiles/STM32C542_Project1.dir/main.c.obj
 .debug_macro   0x000157b6       0x2a CMakeFiles/STM32C542_Project1.dir/main.c.obj
 .debug_macro   0x000157e0       0x43 CMakeFiles/STM32C542_Project1.dir/main.c.obj
 .debug_macro   0x00015823       0x34 CMakeFiles/STM32C542_Project1.dir/main.c.obj
 .debug_macro   0x00015857      0x364 CMakeFiles/STM32C542_Project1.dir/main.c.obj
 .debug_macro   0x00015bbb       0x16 CMakeFiles/STM32C542_Project1.dir/main.c.obj
 .debug_macro   0x00015bd1       0x4a CMakeFiles/STM32C542_Project1.dir/main.c.obj
 .debug_macro   0x00015c1b       0x34 CMakeFiles/STM32C542_Project1.dir/main.c.obj
 .debug_macro   0x00015c4f       0x10 CMakeFiles/STM32C542_Project1.dir/main.c.obj
 .debug_macro   0x00015c5f       0x58 CMakeFiles/STM32C542_Project1.dir/main.c.obj
 .debug_macro   0x00015cb7       0x8e CMakeFiles/STM32C542_Project1.dir/main.c.obj
 .debug_macro   0x00015d45       0x1c CMakeFiles/STM32C542_Project1.dir/main.c.obj
 .debug_macro   0x00015d61      0x17e CMakeFiles/STM32C542_Project1.dir/main.c.obj
 .debug_macro   0x00015edf      0x19b CMakeFiles/STM32C542_Project1.dir/main.c.obj
 .debug_macro   0x0001607a       0x51 CMakeFiles/STM32C542_Project1.dir/main.c.obj
 .debug_macro   0x000160cb       0x52 CMakeFiles/STM32C542_Project1.dir/main.c.obj
 .debug_macro   0x0001611d       0x10 CMakeFiles/STM32C542_Project1.dir/main.c.obj
 .debug_macro   0x0001612d       0x22 CMakeFiles/STM32C542_Project1.dir/main.c.obj
 .debug_macro   0x0001614f      0x6ca CMakeFiles/STM32C542_Project1.dir/main.c.obj
 .debug_macro   0x00016819      0x1f4 CMakeFiles/STM32C542_Project1.dir/main.c.obj
 .debug_macro   0x00016a0d       0xda CMakeFiles/STM32C542_Project1.dir/main.c.obj
 .debug_macro   0x00016ae7       0x35 CMakeFiles/STM32C542_Project1.dir/main.c.obj
 .debug_macro   0x00016b1c      0x161 CMakeFiles/STM32C542_Project1.dir/main.c.obj
 .debug_macro   0x00016c7d      0x73c CMakeFiles/STM32C542_Project1.dir/main.c.obj
 .debug_macro   0x000173b9       0x1f CMakeFiles/STM32C542_Project1.dir/main.c.obj
 .debug_macro   0x000173d8      0x432 CMakeFiles/STM32C542_Project1.dir/main.c.obj
 .debug_macro   0x0001780a       0x22 CMakeFiles/STM32C542_Project1.dir/main.c.obj
 .debug_macro   0x0001782c       0xd7 CMakeFiles/STM32C542_Project1.dir/main.c.obj
 .debug_macro   0x00017903       0x27 CMakeFiles/STM32C542_Project1.dir/main.c.obj
 .debug_macro   0x0001792a       0x57 CMakeFiles/STM32C542_Project1.dir/main.c.obj
 .debug_macro   0x00017981       0x12 CMakeFiles/STM32C542_Project1.dir/main.c.obj
 .debug_macro   0x00017993       0x64 CMakeFiles/STM32C542_Project1.dir/main.c.obj
 .debug_macro   0x000179f7      0x2aa CMakeFiles/STM32C542_Project1.dir/generated/hal/mx_cortex_debug.c.obj
 .debug_macro   0x00017ca1      0x2aa CMakeFiles/STM32C542_Project1.dir/generated/hal/mx_cortex_mpu.c.obj
 .debug_macro   0x00017f4b      0x2aa CMakeFiles/STM32C542_Project1.dir/generated/hal/mx_cortex_nvic.c.obj
 .debug_macro   0x000181f5      0x2af CMakeFiles/STM32C542_Project1.dir/generated/hal/mx_gpio_default.c.obj
 .debug_macro   0x000184a4       0x5e CMakeFiles/STM32C542_Project1.dir/generated/hal/mx_gpio_default.c.obj
 .debug_macro   0x00018502      0x29c CMakeFiles/STM32C542_Project1.dir/generated/hal/mx_icache.c.obj
 .debug_macro   0x0001879e      0x2aa CMakeFiles/STM32C542_Project1.dir/generated/hal/mx_rcc.c.obj
 .debug_macro   0x00018a48      0x2ef CMakeFiles/STM32C542_Project1.dir/generated/hal/mx_system.c.obj
 .debug_macro   0x00018d37      0x1bd CMakeFiles/STM32C542_Project1.dir/user_modifiable/Device/STM32C542CCT6/system_stm32c5xx.c.obj
 .debug_macro   0x00018ef4       0xea CMakeFiles/STM32C542_Project1.dir/user_modifiable/Device/STM32C542CCT6/startup_stm32c542xx.c.obj
 .debug_macro   0x00018fde      0x2c8 CMakeFiles/STM32C542_Project1.dir/stm32c5xx_drivers/hal/stm32c5xx_hal.c.obj
 .debug_macro   0x000192a6      0x325 CMakeFiles/STM32C542_Project1.dir/stm32c5xx_drivers/hal/stm32c5xx_hal_cortex.c.obj
 .debug_macro   0x000195cb      0x341 CMakeFiles/STM32C542_Project1.dir/stm32c5xx_drivers/hal/stm32c5xx_hal_flash_itf.c.obj
 .debug_macro   0x0001990c      0x2ed CMakeFiles/STM32C542_Project1.dir/stm32c5xx_drivers/hal/stm32c5xx_hal_gpio.c.obj
 .debug_macro   0x00019bf9      0x2d1 CMakeFiles/STM32C542_Project1.dir/stm32c5xx_drivers/hal/stm32c5xx_hal_icache.c.obj
 .debug_macro   0x00019eca      0x452 CMakeFiles/STM32C542_Project1.dir/stm32c5xx_drivers/hal/stm32c5xx_hal_rcc.c.obj
 .debug_macro   0x0001a31c      0x286 CMakeFiles/STM32C542_Project1.dir/utilities/syscalls/syscalls.c.obj
 .debug_macro   0x0001a5a2       0x5b CMakeFiles/STM32C542_Project1.dir/utilities/syscalls/syscalls.c.obj
 .debug_macro   0x0001a5fd       0x94 CMakeFiles/STM32C542_Project1.dir/utilities/syscalls/syscalls.c.obj
 .debug_macro   0x0001a691       0x57 CMakeFiles/STM32C542_Project1.dir/utilities/syscalls/syscalls.c.obj
 .debug_macro   0x0001a6e8       0x10 CMakeFiles/STM32C542_Project1.dir/utilities/syscalls/syscalls.c.obj
 .debug_macro   0x0001a6f8       0x3c CMakeFiles/STM32C542_Project1.dir/utilities/syscalls/syscalls.c.obj
 .debug_macro   0x0001a734       0x10 CMakeFiles/STM32C542_Project1.dir/utilities/syscalls/syscalls.c.obj
 .debug_macro   0x0001a744       0x10 CMakeFiles/STM32C542_Project1.dir/utilities/syscalls/syscalls.c.obj
 .debug_macro   0x0001a754       0x10 CMakeFiles/STM32C542_Project1.dir/utilities/syscalls/syscalls.c.obj
 .debug_macro   0x0001a764       0x1c CMakeFiles/STM32C542_Project1.dir/utilities/syscalls/syscalls.c.obj
 .debug_macro   0x0001a780       0x52 CMakeFiles/STM32C542_Project1.dir/utilities/syscalls/syscalls.c.obj
 .debug_macro   0x0001a7d2       0x22 CMakeFiles/STM32C542_Project1.dir/utilities/syscalls/syscalls.c.obj
 .debug_macro   0x0001a7f4       0x10 CMakeFiles/STM32C542_Project1.dir/utilities/syscalls/syscalls.c.obj
 .debug_macro   0x0001a804       0x52 CMakeFiles/STM32C542_Project1.dir/utilities/syscalls/syscalls.c.obj
 .debug_macro   0x0001a856       0xcf CMakeFiles/STM32C542_Project1.dir/utilities/syscalls/syscalls.c.obj
 .debug_macro   0x0001a925       0x1c CMakeFiles/STM32C542_Project1.dir/utilities/syscalls/syscalls.c.obj
 .debug_macro   0x0001a941       0x3d CMakeFiles/STM32C542_Project1.dir/utilities/syscalls/syscalls.c.obj
 .debug_macro   0x0001a97e       0x35 CMakeFiles/STM32C542_Project1.dir/utilities/syscalls/syscalls.c.obj
 .debug_macro   0x0001a9b3      0x12c CMakeFiles/STM32C542_Project1.dir/utilities/syscalls/syscalls.c.obj
 .debug_macro   0x0001aadf       0x16 CMakeFiles/STM32C542_Project1.dir/utilities/syscalls/syscalls.c.obj
 .debug_macro   0x0001aaf5       0x16 CMakeFiles/STM32C542_Project1.dir/utilities/syscalls/syscalls.c.obj
 .debug_macro   0x0001ab0b       0x29 CMakeFiles/STM32C542_Project1.dir/utilities/syscalls/syscalls.c.obj
 .debug_macro   0x0001ab34       0x10 CMakeFiles/STM32C542_Project1.dir/utilities/syscalls/syscalls.c.obj
 .debug_macro   0x0001ab44      0x242 CMakeFiles/STM32C542_Project1.dir/utilities/syscalls/syscalls.c.obj
 .debug_macro   0x0001ad86       0x1c CMakeFiles/STM32C542_Project1.dir/utilities/syscalls/syscalls.c.obj
 .debug_macro   0x0001ada2       0x10 CMakeFiles/STM32C542_Project1.dir/utilities/syscalls/syscalls.c.obj
 .debug_macro   0x0001adb2       0x10 CMakeFiles/STM32C542_Project1.dir/utilities/syscalls/syscalls.c.obj
 .debug_macro   0x0001adc2       0x16 CMakeFiles/STM32C542_Project1.dir/utilities/syscalls/syscalls.c.obj
 .debug_macro   0x0001add8      0x146 CMakeFiles/STM32C542_Project1.dir/utilities/syscalls/syscalls.c.obj
 .debug_macro   0x0001af1e      0x18a CMakeFiles/STM32C542_Project1.dir/utilities/syscalls/syscalls.c.obj
 .debug_macro   0x0001b0a8       0x16 CMakeFiles/STM32C542_Project1.dir/utilities/syscalls/syscalls.c.obj
 .debug_macro   0x0001b0be       0xce CMakeFiles/STM32C542_Project1.dir/utilities/syscalls/syscalls.c.obj

.debug_line     0x00000000    0x10469
 .debug_line    0x00000000      0xb08 CMakeFiles/STM32C542_Project1.dir/main.c.obj
 .debug_line    0x00000b08      0xaf4 CMakeFiles/STM32C542_Project1.dir/generated/hal/mx_cortex_debug.c.obj
 .debug_line    0x000015fc      0xa8d CMakeFiles/STM32C542_Project1.dir/generated/hal/mx_cortex_mpu.c.obj
 .debug_line    0x00002089      0xa37 CMakeFiles/STM32C542_Project1.dir/generated/hal/mx_cortex_nvic.c.obj
 .debug_line    0x00002ac0      0xafd CMakeFiles/STM32C542_Project1.dir/generated/hal/mx_gpio_default.c.obj
 .debug_line    0x000035bd      0xa56 CMakeFiles/STM32C542_Project1.dir/generated/hal/mx_icache.c.obj
 .debug_line    0x00004013      0xab2 CMakeFiles/STM32C542_Project1.dir/generated/hal/mx_rcc.c.obj
 .debug_line    0x00004ac5      0xb82 CMakeFiles/STM32C542_Project1.dir/generated/hal/mx_system.c.obj
 .debug_line    0x00005647      0x8c0 CMakeFiles/STM32C542_Project1.dir/user_modifiable/Device/STM32C542CCT6/system_stm32c5xx.c.obj
 .debug_line    0x00005f07      0x79d CMakeFiles/STM32C542_Project1.dir/user_modifiable/Device/STM32C542CCT6/startup_stm32c542xx.c.obj
 .debug_line    0x000066a4      0xdfa CMakeFiles/STM32C542_Project1.dir/stm32c5xx_drivers/hal/stm32c5xx_hal.c.obj
 .debug_line    0x0000749e     0x1351 CMakeFiles/STM32C542_Project1.dir/stm32c5xx_drivers/hal/stm32c5xx_hal_cortex.c.obj
 .debug_line    0x000087ef     0x1f52 CMakeFiles/STM32C542_Project1.dir/stm32c5xx_drivers/hal/stm32c5xx_hal_flash_itf.c.obj
 .debug_line    0x0000a741      0xff9 CMakeFiles/STM32C542_Project1.dir/stm32c5xx_drivers/hal/stm32c5xx_hal_gpio.c.obj
 .debug_line    0x0000b73a     0x103b CMakeFiles/STM32C542_Project1.dir/stm32c5xx_drivers/hal/stm32c5xx_hal_icache.c.obj
 .debug_line    0x0000c775     0x3351 CMakeFiles/STM32C542_Project1.dir/stm32c5xx_drivers/hal/stm32c5xx_hal_rcc.c.obj
 .debug_line    0x0000fac6      0x9a3 CMakeFiles/STM32C542_Project1.dir/utilities/syscalls/syscalls.c.obj

.debug_str      0x00000000    0x99866
 .debug_str     0x00000000    0x99866 CMakeFiles/STM32C542_Project1.dir/main.c.obj
                              0x8939d (size before relaxing)
 .debug_str     0x00099866    0x89654 CMakeFiles/STM32C542_Project1.dir/generated/hal/mx_cortex_debug.c.obj
 .debug_str     0x00099866    0x8982b CMakeFiles/STM32C542_Project1.dir/generated/hal/mx_cortex_mpu.c.obj
 .debug_str     0x00099866    0x89ab4 CMakeFiles/STM32C542_Project1.dir/generated/hal/mx_cortex_nvic.c.obj
 .debug_str     0x00099866    0x89821 CMakeFiles/STM32C542_Project1.dir/generated/hal/mx_gpio_default.c.obj
 .debug_str     0x00099866    0x89139 CMakeFiles/STM32C542_Project1.dir/generated/hal/mx_icache.c.obj
 .debug_str     0x00099866    0x8985f CMakeFiles/STM32C542_Project1.dir/generated/hal/mx_rcc.c.obj
 .debug_str     0x00099866    0x89523 CMakeFiles/STM32C542_Project1.dir/generated/hal/mx_system.c.obj
 .debug_str     0x00099866    0x7bf0a CMakeFiles/STM32C542_Project1.dir/user_modifiable/Device/STM32C542CCT6/system_stm32c5xx.c.obj
 .debug_str     0x00099866    0x7766d CMakeFiles/STM32C542_Project1.dir/user_modifiable/Device/STM32C542CCT6/startup_stm32c542xx.c.obj
 .debug_str     0x00099866    0x8a3b7 CMakeFiles/STM32C542_Project1.dir/stm32c5xx_drivers/hal/stm32c5xx_hal.c.obj
 .debug_str     0x00099866    0x8bbb9 CMakeFiles/STM32C542_Project1.dir/stm32c5xx_drivers/hal/stm32c5xx_hal_cortex.c.obj
 .debug_str     0x00099866    0x8bd0f CMakeFiles/STM32C542_Project1.dir/stm32c5xx_drivers/hal/stm32c5xx_hal_flash_itf.c.obj
 .debug_str     0x00099866    0x89ec7 CMakeFiles/STM32C542_Project1.dir/stm32c5xx_drivers/hal/stm32c5xx_hal_gpio.c.obj
 .debug_str     0x00099866    0x89d44 CMakeFiles/STM32C542_Project1.dir/stm32c5xx_drivers/hal/stm32c5xx_hal_icache.c.obj
 .debug_str     0x00099866    0x8f3d9 CMakeFiles/STM32C542_Project1.dir/stm32c5xx_drivers/hal/stm32c5xx_hal_rcc.c.obj
 .debug_str     0x00099866     0xa03c CMakeFiles/STM32C542_Project1.dir/utilities/syscalls/syscalls.c.obj

.comment        0x00000000       0x43
 .comment       0x00000000       0x43 CMakeFiles/STM32C542_Project1.dir/main.c.obj
                                 0x44 (size before relaxing)
 .comment       0x00000043       0x44 CMakeFiles/STM32C542_Project1.dir/generated/hal/mx_cortex_debug.c.obj
 .comment       0x00000043       0x44 CMakeFiles/STM32C542_Project1.dir/generated/hal/mx_cortex_mpu.c.obj
 .comment       0x00000043       0x44 CMakeFiles/STM32C542_Project1.dir/generated/hal/mx_cortex_nvic.c.obj
 .comment       0x00000043       0x44 CMakeFiles/STM32C542_Project1.dir/generated/hal/mx_gpio_default.c.obj
 .comment       0x00000043       0x44 CMakeFiles/STM32C542_Project1.dir/generated/hal/mx_icache.c.obj
 .comment       0x00000043       0x44 CMakeFiles/STM32C542_Project1.dir/generated/hal/mx_rcc.c.obj
 .comment       0x00000043       0x44 CMakeFiles/STM32C542_Project1.dir/generated/hal/mx_system.c.obj
 .comment       0x00000043       0x44 CMakeFiles/STM32C542_Project1.dir/user_modifiable/Device/STM32C542CCT6/system_stm32c5xx.c.obj
 .comment       0x00000043       0x44 CMakeFiles/STM32C542_Project1.dir/user_modifiable/Device/STM32C542CCT6/startup_stm32c542xx.c.obj
 .comment       0x00000043       0x44 CMakeFiles/STM32C542_Project1.dir/stm32c5xx_drivers/hal/stm32c5xx_hal.c.obj
 .comment       0x00000043       0x44 CMakeFiles/STM32C542_Project1.dir/stm32c5xx_drivers/hal/stm32c5xx_hal_cortex.c.obj
 .comment       0x00000043       0x44 CMakeFiles/STM32C542_Project1.dir/stm32c5xx_drivers/hal/stm32c5xx_hal_flash_itf.c.obj
 .comment       0x00000043       0x44 CMakeFiles/STM32C542_Project1.dir/stm32c5xx_drivers/hal/stm32c5xx_hal_gpio.c.obj
 .comment       0x00000043       0x44 CMakeFiles/STM32C542_Project1.dir/stm32c5xx_drivers/hal/stm32c5xx_hal_icache.c.obj
 .comment       0x00000043       0x44 CMakeFiles/STM32C542_Project1.dir/stm32c5xx_drivers/hal/stm32c5xx_hal_rcc.c.obj
 .comment       0x00000043       0x44 CMakeFiles/STM32C542_Project1.dir/utilities/syscalls/syscalls.c.obj
