E:/STM32C5/STM32C542_Project7/STM32C542_Project7_cmake/stm32c5xx_drivers/ll/stm32c5xx_ll_bus.h:878:22:LL_AHB2_GRP1_EnableClock	48	static,ignoring_inline_asm
E:/STM32C5/STM32C542_Project7/STM32C542_Project7_cmake/stm32c5xx_drivers/ll/stm32c5xx_ll_bus.h:1016:22:LL_AHB2_GRP1_DisableClock	40	static,ignoring_inline_asm
E:/STM32C5/STM32C542_Project7/STM32C542_Project7_cmake/stm32c5xx_drivers/ll/stm32c5xx_ll_bus.h:1076:22:LL_AHB2_GRP1_ForceReset	16	static
E:/STM32C5/STM32C542_Project7/STM32C542_Project7_cmake/stm32c5xx_drivers/ll/stm32c5xx_ll_bus.h:1137:22:LL_AHB2_GRP1_ReleaseReset	16	static
E:/STM32C5/STM32C542_Project7/STM32C542_Project7_cmake/stm32c5xx_drivers/hal/stm32c5xx_hal_rcc.h:1355:22:HAL_RCC_GPIOA_EnableClock	8	static
E:/STM32C5/STM32C542_Project7/STM32C542_Project7_cmake/stm32c5xx_drivers/hal/stm32c5xx_hal_rcc.h:1422:22:HAL_RCC_ADC12_EnableClock	8	static
E:/STM32C5/STM32C542_Project7/STM32C542_Project7_cmake/stm32c5xx_drivers/hal/stm32c5xx_hal_rcc.h:1571:22:HAL_RCC_ADC12_DisableClock	8	static
E:/STM32C5/STM32C542_Project7/STM32C542_Project7_cmake/stm32c5xx_drivers/hal/stm32c5xx_hal_rcc.h:3244:22:HAL_RCC_ADC12_Reset	8	static
E:/STM32C5/STM32C542_Project7/STM32C542_Project7_cmake/generated/hal/mx_adc1.c:31:19:mx_adc1_init	40	static
E:/STM32C5/STM32C542_Project7/STM32C542_Project7_cmake/generated/hal/mx_adc1.c:94:6:mx_adc1_deinit	8	static
E:/STM32C5/STM32C542_Project7/STM32C542_Project7_cmake/generated/hal/mx_adc1.c:106:19:mx_adc1_gethandle	4	static
