Archive member included to satisfy reference by file (symbol)

C:/ST/STM32CubeIDE_2.1.1/STM32CubeIDE/plugins/com.st.stm32cube.ide.mcu.externaltools.gnu-tools-for-stm32.14.3.rel1.win32_1.0.100.202602081740/tools/bin/../lib/gcc/arm-none-eabi/14.3.1/../../../../arm-none-eabi/lib/thumb/v8-m.main+fp/hard\libc_nano.a(libc_a-exit.o)
                              C:/ST/STM32CubeIDE_2.1.1/STM32CubeIDE/plugins/com.st.stm32cube.ide.mcu.externaltools.gnu-tools-for-stm32.14.3.rel1.win32_1.0.100.202602081740/tools/bin/../lib/gcc/arm-none-eabi/14.3.1/../../../../arm-none-eabi/lib/thumb/v8-m.main+fp/hard/crt0.o (exit)
C:/ST/STM32CubeIDE_2.1.1/STM32CubeIDE/plugins/com.st.stm32cube.ide.mcu.externaltools.gnu-tools-for-stm32.14.3.rel1.win32_1.0.100.202602081740/tools/bin/../lib/gcc/arm-none-eabi/14.3.1/../../../../arm-none-eabi/lib/thumb/v8-m.main+fp/hard\libc_nano.a(libc_a-findfp.o)
                              C:/ST/STM32CubeIDE_2.1.1/STM32CubeIDE/plugins/com.st.stm32cube.ide.mcu.externaltools.gnu-tools-for-stm32.14.3.rel1.win32_1.0.100.202602081740/tools/bin/../lib/gcc/arm-none-eabi/14.3.1/../../../../arm-none-eabi/lib/thumb/v8-m.main+fp/hard\libc_nano.a(libc_a-exit.o) (__stdio_exit_handler)
C:/ST/STM32CubeIDE_2.1.1/STM32CubeIDE/plugins/com.st.stm32cube.ide.mcu.externaltools.gnu-tools-for-stm32.14.3.rel1.win32_1.0.100.202602081740/tools/bin/../lib/gcc/arm-none-eabi/14.3.1/../../../../arm-none-eabi/lib/thumb/v8-m.main+fp/hard\libc_nano.a(libc_a-fwalk.o)
                              C:/ST/STM32CubeIDE_2.1.1/STM32CubeIDE/plugins/com.st.stm32cube.ide.mcu.externaltools.gnu-tools-for-stm32.14.3.rel1.win32_1.0.100.202602081740/tools/bin/../lib/gcc/arm-none-eabi/14.3.1/../../../../arm-none-eabi/lib/thumb/v8-m.main+fp/hard\libc_nano.a(libc_a-findfp.o) (_fwalk_sglue)
C:/ST/STM32CubeIDE_2.1.1/STM32CubeIDE/plugins/com.st.stm32cube.ide.mcu.externaltools.gnu-tools-for-stm32.14.3.rel1.win32_1.0.100.202602081740/tools/bin/../lib/gcc/arm-none-eabi/14.3.1/../../../../arm-none-eabi/lib/thumb/v8-m.main+fp/hard\libc_nano.a(libc_a-stdio.o)
                              C:/ST/STM32CubeIDE_2.1.1/STM32CubeIDE/plugins/com.st.stm32cube.ide.mcu.externaltools.gnu-tools-for-stm32.14.3.rel1.win32_1.0.100.202602081740/tools/bin/../lib/gcc/arm-none-eabi/14.3.1/../../../../arm-none-eabi/lib/thumb/v8-m.main+fp/hard\libc_nano.a(libc_a-findfp.o) (__sread)
C:/ST/STM32CubeIDE_2.1.1/STM32CubeIDE/plugins/com.st.stm32cube.ide.mcu.externaltools.gnu-tools-for-stm32.14.3.rel1.win32_1.0.100.202602081740/tools/bin/../lib/gcc/arm-none-eabi/14.3.1/../../../../arm-none-eabi/lib/thumb/v8-m.main+fp/hard\libc_nano.a(libc_a-memset.o)
                              C:/ST/STM32CubeIDE_2.1.1/STM32CubeIDE/plugins/com.st.stm32cube.ide.mcu.externaltools.gnu-tools-for-stm32.14.3.rel1.win32_1.0.100.202602081740/tools/bin/../lib/gcc/arm-none-eabi/14.3.1/../../../../arm-none-eabi/lib/thumb/v8-m.main+fp/hard/crt0.o (memset)
C:/ST/STM32CubeIDE_2.1.1/STM32CubeIDE/plugins/com.st.stm32cube.ide.mcu.externaltools.gnu-tools-for-stm32.14.3.rel1.win32_1.0.100.202602081740/tools/bin/../lib/gcc/arm-none-eabi/14.3.1/../../../../arm-none-eabi/lib/thumb/v8-m.main+fp/hard\libc_nano.a(libc_a-closer.o)
                              C:/ST/STM32CubeIDE_2.1.1/STM32CubeIDE/plugins/com.st.stm32cube.ide.mcu.externaltools.gnu-tools-for-stm32.14.3.rel1.win32_1.0.100.202602081740/tools/bin/../lib/gcc/arm-none-eabi/14.3.1/../../../../arm-none-eabi/lib/thumb/v8-m.main+fp/hard\libc_nano.a(libc_a-stdio.o) (_close_r)
C:/ST/STM32CubeIDE_2.1.1/STM32CubeIDE/plugins/com.st.stm32cube.ide.mcu.externaltools.gnu-tools-for-stm32.14.3.rel1.win32_1.0.100.202602081740/tools/bin/../lib/gcc/arm-none-eabi/14.3.1/../../../../arm-none-eabi/lib/thumb/v8-m.main+fp/hard\libc_nano.a(libc_a-reent.o)
                              C:/ST/STM32CubeIDE_2.1.1/STM32CubeIDE/plugins/com.st.stm32cube.ide.mcu.externaltools.gnu-tools-for-stm32.14.3.rel1.win32_1.0.100.202602081740/tools/bin/../lib/gcc/arm-none-eabi/14.3.1/../../../../arm-none-eabi/lib/thumb/v8-m.main+fp/hard\libc_nano.a(libc_a-closer.o) (errno)
C:/ST/STM32CubeIDE_2.1.1/STM32CubeIDE/plugins/com.st.stm32cube.ide.mcu.externaltools.gnu-tools-for-stm32.14.3.rel1.win32_1.0.100.202602081740/tools/bin/../lib/gcc/arm-none-eabi/14.3.1/../../../../arm-none-eabi/lib/thumb/v8-m.main+fp/hard\libc_nano.a(libc_a-impure.o)
                              C:/ST/STM32CubeIDE_2.1.1/STM32CubeIDE/plugins/com.st.stm32cube.ide.mcu.externaltools.gnu-tools-for-stm32.14.3.rel1.win32_1.0.100.202602081740/tools/bin/../lib/gcc/arm-none-eabi/14.3.1/../../../../arm-none-eabi/lib/thumb/v8-m.main+fp/hard\libc_nano.a(libc_a-reent.o) (_impure_ptr)
C:/ST/STM32CubeIDE_2.1.1/STM32CubeIDE/plugins/com.st.stm32cube.ide.mcu.externaltools.gnu-tools-for-stm32.14.3.rel1.win32_1.0.100.202602081740/tools/bin/../lib/gcc/arm-none-eabi/14.3.1/../../../../arm-none-eabi/lib/thumb/v8-m.main+fp/hard\libc_nano.a(libc_a-lseekr.o)
[...]
Memory Configuration

Name             Origin             Length             Attributes
ROM              0x08000000         0x00040000         xr
RAM              0x20000000         0x00010000         xrw
*default*        0x00000000         0xffffffff

Linker script and memory map

LOAD C:/ST/STM32CubeIDE_2.1.1/STM32CubeIDE/plugins/com.st.stm32cube.ide.mcu.externaltools.gnu-tools-for-stm32.14.3.rel1.win32_1.0.100.202602081740/tools/bin/../lib/gcc/arm-none-eabi/14.3.1/thumb/v8-m.main+fp/hard/crti.o
LOAD C:/ST/STM32CubeIDE_2.1.1/STM32CubeIDE/plugins/com.st.stm32cube.ide.mcu.externaltools.gnu-tools-for-stm32.14.3.rel1.win32_1.0.100.202602081740/tools/bin/../lib/gcc/arm-none-eabi/14.3.1/thumb/v8-m.main+fp/hard/crtbegin.o
LOAD C:/ST/STM32CubeIDE_2.1.1/STM32CubeIDE/plugins/com.st.stm32cube.ide.mcu.externaltools.gnu-tools-for-stm32.14.3.rel1.win32_1.0.100.202602081740/tools/bin/../lib/gcc/arm-none-eabi/14.3.1/../../../../arm-none-eabi/lib/thumb/v8-m.main+fp/hard/crt0.o
START GROUP
LOAD C:/ST/STM32CubeIDE_2.1.1/STM32CubeIDE/plugins/com.st.stm32cube.ide.mcu.externaltools.gnu-tools-for-stm32.14.3.rel1.win32_1.0.100.202602081740/tools/bin/../lib/gcc/arm-none-eabi/14.3.1/../../../../arm-none-eabi/lib/thumb/v8-m.main+fp/hard\libc_nano.a
LOAD C:/ST/STM32CubeIDE_2.1.1/STM32CubeIDE/plugins/com.st.stm32cube.ide.mcu.externaltools.gnu-tools-for-stm32.14.3.rel1.win32_1.0.100.202602081740/tools/bin/../lib/gcc/arm-none-eabi/14.3.1/../../../../arm-none-eabi/lib/thumb/v8-m.main+fp/hard\libm.a
END GROUP
LOAD CMakeFiles/STM32C542_Project7.dir/main.c.obj
LOAD CMakeFiles/STM32C542_Project7.dir/generated/hal/mx_adc1.c.obj
LOAD CMakeFiles/STM32C542_Project7.dir/generated/hal/mx_cortex_debug.c.obj
LOAD CMakeFiles/STM32C542_Project7.dir/generated/hal/mx_cortex_mpu.c.obj
LOAD CMakeFiles/STM32C542_Project7.dir/generated/hal/mx_cortex_nvic.c.obj
LOAD CMakeFiles/STM32C542_Project7.dir/generated/hal/mx_dac1.c.obj
LOAD CMakeFiles/STM32C542_Project7.dir/generated/hal/mx_icache.c.obj
LOAD CMakeFiles/STM32C542_Project7.dir/generated/hal/mx_rcc.c.obj
LOAD CMakeFiles/STM32C542_Project7.dir/generated/hal/mx_system.c.obj
LOAD CMakeFiles/STM32C542_Project7.dir/generated/hal/mx_usart1.c.obj
LOAD CMakeFiles/STM32C542_Project7.dir/user_modifiable/Device/STM32C542CCT6/system_stm32c5xx.c.obj
LOAD CMakeFiles/STM32C542_Project7.dir/user_modifiable/Device/STM32C542CCT6/startup_stm32c542xx.c.obj
LOAD CMakeFiles/STM32C542_Project7.dir/stm32c5xx_drivers/hal/stm32c5xx_hal.c.obj
LOAD CMakeFiles/STM32C542_Project7.dir/stm32c5xx_drivers/hal/stm32c5xx_hal_adc.c.obj
LOAD CMakeFiles/STM32C542_Project7.dir/stm32c5xx_drivers/hal/stm32c5xx_hal_cortex.c.obj
LOAD CMakeFiles/STM32C542_Project7.dir/stm32c5xx_drivers/hal/stm32c5xx_hal_dac.c.obj
LOAD CMakeFiles/STM32C542_Project7.dir/stm32c5xx_drivers/hal/stm32c5xx_hal_dma.c.obj
LOAD CMakeFiles/STM32C542_Project7.dir/stm32c5xx_drivers/hal/stm32c5xx_hal_flash_itf.c.obj
LOAD CMakeFiles/STM32C542_Project7.dir/stm32c5xx_drivers/hal/stm32c5xx_hal_gpio.c.obj
LOAD CMakeFiles/STM32C542_Project7.dir/stm32c5xx_drivers/hal/stm32c5xx_hal_icache.c.obj
LOAD CMakeFiles/STM32C542_Project7.dir/stm32c5xx_drivers/hal/stm32c5xx_hal_pwr.c.obj
LOAD CMakeFiles/STM32C542_Project7.dir/stm32c5xx_drivers/hal/stm32c5xx_hal_q.c.obj
LOAD CMakeFiles/STM32C542_Project7.dir/stm32c5xx_drivers/hal/stm32c5xx_hal_rcc.c.obj
LOAD CMakeFiles/STM32C542_Project7.dir/stm32c5xx_drivers/hal/stm32c5xx_hal_uart.c.obj
LOAD CMakeFiles/STM32C542_Project7.dir/utilities/syscalls/syscalls.c.obj
LOAD CMakeFiles/STM32C542_Project7.dir/utilities/syscalls/sysmem.c.obj
START GROUP
LOAD C:/ST/STM32CubeIDE_2.1.1/STM32CubeIDE/plugins/com.st.stm32cube.ide.mcu.externaltools.gnu-tools-for-stm32.14.3.rel1.win32_1.0.100.202602081740/tools/bin/../lib/gcc/arm-none-eabi/14.3.1/thumb/v8-m.main+fp/hard\libgcc.a
LOAD C:/ST/STM32CubeIDE_2.1.1/STM32CubeIDE/plugins/com.st.stm32cube.ide.mcu.externaltools.gnu-tools-for-stm32.14.3.rel1.win32_1.0.100.202602081740/tools/bin/../lib/gcc/arm-none-eabi/14.3.1/../../../../arm-none-eabi/lib/thumb/v8-m.main+fp/hard\libc_nano.a
END GROUP
START GROUP
LOAD C:/ST/STM32CubeIDE_2.1.1/STM32CubeIDE/plugins/com.st.stm32cube.ide.mcu.externaltools.gnu-tools-for-stm32.14.3.rel1.win32_1.0.100.202602081740/tools/bin/../lib/gcc/arm-none-eabi/14.3.1/thumb/v8-m.main+fp/hard\libgcc.a
LOAD C:/ST/STM32CubeIDE_2.1.1/STM32CubeIDE/plugins/com.st.stm32cube.ide.mcu.externaltools.gnu-tools-for-stm32.14.3.rel1.win32_1.0.100.202602081740/tools/bin/../lib/gcc/arm-none-eabi/14.3.1/../../../../arm-none-eabi/lib/thumb/v8-m.main+fp/hard\libc_nano.a
LOAD C:/ST/STM32CubeIDE_2.1.1/STM32CubeIDE/plugins/com.st.stm32cube.ide.mcu.externaltools.gnu-tools-for-stm32.14.3.rel1.win32_1.0.100.202602081740/tools/bin/../lib/gcc/arm-none-eabi/14.3.1/../../../../arm-none-eabi/lib/thumb/v8-m.main+fp/hard\libnosys.a
END GROUP
START GROUP
LOAD C:/ST/STM32CubeIDE_2.1.1/STM32CubeIDE/plugins/com.st.stm32cube.ide.mcu.externaltools.gnu-tools-for-stm32.14.3.rel1.win32_1.0.100.202602081740/tools/bin/../lib/gcc/arm-none-eabi/14.3.1/thumb/v8-m.main+fp/hard\libgcc.a
LOAD C:/ST/STM32CubeIDE_2.1.1/STM32CubeIDE/plugins/com.st.stm32cube.ide.mcu.externaltools.gnu-tools-for-stm32.14.3.rel1.win32_1.0.100.202602081740/tools/bin/../lib/gcc/arm-none-eabi/14.3.1/../../../../arm-none-eabi/lib/thumb/v8-m.main+fp/hard\libc_nano.a
LOAD C:/ST/STM32CubeIDE_2.1.1/STM32CubeIDE/plugins/com.st.stm32cube.ide.mcu.externaltools.gnu-tools-for-stm32.14.3.rel1.win32_1.0.100.202602081740/tools/bin/../lib/gcc/arm-none-eabi/14.3.1/../../../../arm-none-eabi/lib/thumb/v8-m.main+fp/hard\libnosys.a
END GROUP
LOAD C:/ST/STM32CubeIDE_2.1.1/STM32CubeIDE/plugins/com.st.stm32cube.ide.mcu.externaltools.gnu-tools-for-stm32.14.3.rel1.win32_1.0.100.202602081740/tools/bin/../lib/gcc/arm-none-eabi/14.3.1/thumb/v8-m.main+fp/hard/crtend.o
LOAD C:/ST/STM32CubeIDE_2.1.1/STM32CubeIDE/plugins/com.st.stm32cube.ide.mcu.externaltools.gnu-tools-for-stm32.14.3.rel1.win32_1.0.100.202602081740/tools/bin/../lib/gcc/arm-none-eabi/14.3.1/thumb/v8-m.main+fp/hard/crtn.o
                0x00000200                        HEAP_SIZE = 0x200
                0x00000400                        STACK_SIZE = 0x400

.vectors        0x08000000      0x1a8
                0x08000000                        . = ALIGN (0x8)
 *(.vectors)
 .vectors       0x08000000      0x1a4 CMakeFiles/STM32C542_Project7.dir/user_modifiable/Device/STM32C542CCT6/startup_stm32c542xx.c.obj
                0x08000000                __Vectors
                0x080001a8                        . = ALIGN (0x8)
 *fill*         0x080001a4        0x4 

.text           0x080001a8     0x5260
                0x080001a8                        . = ALIGN (0x8)
 *(.text)
 .text          0x080001a8       0x40 C:/ST/STM32CubeIDE_2.1.1/STM32CubeIDE/plugins/com.st.stm32cube.ide.mcu.externaltools.gnu-tools-for-stm32.14.3.rel1.win32_1.0.100.202602081740/tools/bin/../lib/gcc/arm-none-eabi/14.3.1/thumb/v8-m.main+fp/hard/crtbegin.o
 .text          0x080001e8       0x7c C:/ST/STM32CubeIDE_2.1.1/STM32CubeIDE/plugins/com.st.stm32cube.ide.mcu.externaltools.gnu-tools-for-stm32.14.3.rel1.win32_1.0.100.202602081740/tools/bin/../lib/gcc/arm-none-eabi/14.3.1/../../../../arm-none-eabi/lib/thumb/v8-m.main+fp/hard/crt0.o
                0x080001e8                _stack_init
                0x080001f0                _start
                0x080001f0                _mainCRTStartup
 .text          0x08000264       0x30 C:/ST/STM32CubeIDE_2.1.1/STM32CubeIDE/plugins/com.st.stm32cube.ide.mcu.externaltools.gnu-tools-for-stm32.14.3.rel1.win32_1.0.100.202602081740/tools/bin/../lib/gcc/arm-none-eabi/14.3.1/thumb/v8-m.main+fp/hard\libgcc.a(_aeabi_uldivmod.o)
                0x08000264                __aeabi_uldivmod
 .text          0x08000294      0x34c C:/ST/STM32CubeIDE_2.1.1/STM32CubeIDE/plugins/com.st.stm32cube.ide.mcu.externaltools.gnu-tools-for-stm32.14.3.rel1.win32_1.0.100.202602081740/tools/bin/../lib/gcc/arm-none-eabi/14.3.1/thumb/v8-m.main+fp/hard\libgcc.a(_udivmoddi4.o)
                0x08000294                __udivmoddi4
 .text          0x080005e0        0x4 C:/ST/STM32CubeIDE_2.1.1/STM32CubeIDE/plugins/com.st.stm32cube.ide.mcu.externaltools.gnu-tools-for-stm32.14.3.rel1.win32_1.0.100.202602081740/tools/bin/../lib/gcc/arm-none-eabi/14.3.1/thumb/v8-m.main+fp/hard\libgcc.a(_dvmd_tls.o)
                0x080005e0                __aeabi_idiv0
                0x080005e0                __aeabi_ldiv0
 *(.text*)
 .text.exit     0x080005e4       0x24 C:/ST/STM32CubeIDE_2.1.1/STM32CubeIDE/plugins/com.st.stm32cube.ide.mcu.externaltools.gnu-tools-for-stm32.14.3.rel1.win32_1.0.100.202602081740/tools/bin/../lib/gcc/arm-none-eabi/14.3.1/../../../../arm-none-eabi/lib/thumb/v8-m.main+fp/hard\libc_nano.a(libc_a-exit.o)
                0x080005e4                exit
 .text.std      0x08000608       0x6c C:/ST/STM32CubeIDE_2.1.1/STM32CubeIDE/plugins/com.st.stm32cube.ide.mcu.externaltools.gnu-tools-for-stm32.14.3.rel1.win32_1.0.100.202602081740/tools/bin/../lib/gcc/arm-none-eabi/14.3.1/../../../../arm-none-eabi/lib/thumb/v8-m.main+fp/hard\libc_nano.a(libc_a-findfp.o)
 .text.stdio_exit_handler
                0x08000674       0x18 C:/ST/STM32CubeIDE_2.1.1/STM32CubeIDE/plugins/com.st.stm32cube.ide.mcu.externaltools.gnu-tools-for-stm32.14.3.rel1.win32_1.0.100.202602081740/tools/bin/../lib/gcc/arm-none-eabi/14.3.1/../../../../arm-none-eabi/lib/thumb/v8-m.main+fp/hard\libc_nano.a(libc_a-findfp.o)
 .text.cleanup_stdio
                0x0800068c       0x40 C:/ST/STM32CubeIDE_2.1.1/STM32CubeIDE/plugins/com.st.stm32cube.ide.mcu.externaltools.gnu-tools-for-stm32.14.3.rel1.win32_1.0.100.202602081740/tools/bin/../lib/gcc/arm-none-eabi/14.3.1/../../../../arm-none-eabi/lib/thumb/v8-m.main+fp/hard\libc_nano.a(libc_a-findfp.o)
 .text.global_stdio_init.part.0
                0x080006cc       0x40 C:/ST/STM32CubeIDE_2.1.1/STM32CubeIDE/plugins/com.st.stm32cube.ide.mcu.externaltools.gnu-tools-for-stm32.14.3.rel1.win32_1.0.100.202602081740/tools/bin/../lib/gcc/arm-none-eabi/14.3.1/../../../../arm-none-eabi/lib/thumb/v8-m.main+fp/hard\libc_nano.a(libc_a-findfp.o)
 .text.__sfp_lock_acquire
                0x0800070c        0xc C:/ST/STM32CubeIDE_2.1.1/STM32CubeIDE/plugins/com.st.stm32cube.ide.mcu.externaltools.gnu-tools-for-stm32.14.3.rel1.win32_1.0.100.202602081740/tools/bin/../lib/gcc/arm-none-eabi/14.3.1/../../../../arm-none-eabi/lib/thumb/v8-m.main+fp/hard\libc_nano.a(libc_a-findfp.o)
                0x0800070c                __sfp_lock_acquire
 .text.__sfp_lock_release
                0x08000718        0xc C:/ST/STM32CubeIDE_2.1.1/STM32CubeIDE/plugins/com.st.stm32cube.ide.mcu.externaltools.gnu-tools-for-stm32.14.3.rel1.win32_1.0.100.202602081740/tools/bin/../lib/gcc/arm-none-eabi/14.3.1/../../../../arm-none-eabi/lib/thumb/v8-m.main+fp/hard\libc_nano.a(libc_a-findfp.o)
                0x08000718                __sfp_lock_release
 .text.__sinit  0x08000724       0x30 C:/ST/STM32CubeIDE_2.1.1/STM32CubeIDE/plugins/com.st.stm32cube.ide.mcu.externaltools.gnu-tools-for-stm32.14.3.rel1.win32_1.0.100.202602081740/tools/bin/../lib/gcc/arm-none-eabi/14.3.1/../../../../arm-none-eabi/lib/thumb/v8-m.main+fp/hard\libc_nano.a(libc_a-findfp.o)
                0x08000724                __sinit
 .text._fwalk_sglue
                0x08000754       0x3c C:/ST/STM32CubeIDE_2.1.1/STM32CubeIDE/plugins/com.st.stm32cube.ide.mcu.externaltools.gnu-tools-for-stm32.14.3.rel1.win32_1.0.100.202602081740/tools/bin/../lib/gcc/arm-none-eabi/14.3.1/../../../../arm-none-eabi/lib/thumb/v8-m.main+fp/hard\libc_nano.a(libc_a-fwalk.o)
                0x08000754                _fwalk_sglue
 .text.__sread  0x08000790       0x22 C:/ST/STM32CubeIDE_2.1.1/STM32CubeIDE/plugins/com.st.stm32cube.ide.mcu.externaltools.gnu-tools-for-stm32.14.3.rel1.win32_1.0.100.202602081740/tools/bin/../lib/gcc/arm-none-eabi/14.3.1/../../../../arm-none-eabi/lib/thumb/v8-m.main+fp/hard\libc_nano.a(libc_a-stdio.o)
                0x08000790                __sread
 .text.__swrite
                0x080007b2       0x38 C:/ST/STM32CubeIDE_2.1.1/STM32CubeIDE/plugins/com.st.stm32cube.ide.mcu.externaltools.gnu-tools-for-stm32.14.3.rel1.win32_1.0.100.202602081740/tools/bin/../lib/gcc/arm-none-eabi/14.3.1/../../../../arm-none-eabi/lib/thumb/v8-m.main+fp/hard\libc_nano.a(libc_a-stdio.o)
                0x080007b2                __swrite
 .text.__sseek  0x080007ea       0x26 C:/ST/STM32CubeIDE_2.1.1/STM32CubeIDE/plugins/com.st.stm32cube.ide.mcu.externaltools.gnu-tools-for-stm32.14.3.rel1.win32_1.0.100.202602081740/tools/bin/../lib/gcc/arm-none-eabi/14.3.1/../../../../arm-none-eabi/lib/thumb/v8-m.main+fp/hard\libc_nano.a(libc_a-stdio.o)
                0x080007ea                __sseek
 .text.__sclose
                0x08000810        0x8 C:/ST/STM32CubeIDE_2.1.1/STM32CubeIDE/plugins/com.st.stm32cube.ide.mcu.externaltools.gnu-tools-for-stm32.14.3.rel1.win32_1.0.100.202602081740/tools/bin/../lib/gcc/arm-none-eabi/14.3.1/../../../../arm-none-eabi/lib/thumb/v8-m.main+fp/hard\libc_nano.a(libc_a-stdio.o)
                0x08000810                __sclose
 .text.memset   0x08000818       0x10 C:/ST/STM32CubeIDE_2.1.1/STM32CubeIDE/plugins/com.st.stm32cube.ide.mcu.externaltools.gnu-tools-for-stm32.14.3.rel1.win32_1.0.100.202602081740/tools/bin/../lib/gcc/arm-none-eabi/14.3.1/../../../../arm-none-eabi/lib/thumb/v8-m.main+fp/hard\libc_nano.a(libc_a-memset.o)
                0x08000818                memset
 .text._close_r
                0x08000828       0x20 C:/ST/STM32CubeIDE_2.1.1/STM32CubeIDE/plugins/com.st.stm32cube.ide.mcu.externaltools.gnu-tools-for-stm32.14.3.rel1.win32_1.0.100.202602081740/tools/bin/../lib/gcc/arm-none-eabi/14.3.1/../../../../arm-none-eabi/lib/thumb/v8-m.main+fp/hard\libc_nano.a(libc_a-closer.o)
                0x08000828                _close_r
 .text._lseek_r
                0x08000848       0x24 C:/ST/STM32CubeIDE_2.1.1/STM32CubeIDE/plugins/com.st.stm32cube.ide.mcu.externaltools.gnu-tools-for-stm32.14.3.rel1.win32_1.0.100.202602081740/tools/bin/../lib/gcc/arm-none-eabi/14.3.1/../../../../arm-none-eabi/lib/thumb/v8-m.main+fp/hard\libc_nano.a(libc_a-lseekr.o)
                0x08000848                _lseek_r
 .text._read_r  0x0800086c       0x24 C:/ST/STM32CubeIDE_2.1.1/STM32CubeIDE/plugins/com.st.stm32cube.ide.mcu.externaltools.gnu-tools-for-stm32.14.3.rel1.win32_1.0.100.202602081740/tools/bin/../lib/gcc/arm-none-eabi/14.3.1/../../../../arm-none-eabi/lib/thumb/v8-m.main+fp/hard\libc_nano.a(libc_a-readr.o)
                0x0800086c                _read_r
 .text._write_r
                0x08000890       0x24 C:/ST/STM32CubeIDE_2.1.1/STM32CubeIDE/plugins/com.st.stm32cube.ide.mcu.externaltools.gnu-tools-for-stm32.14.3.rel1.win32_1.0.100.202602081740/tools/bin/../lib/gcc/arm-none-eabi/14.3.1/../../../../arm-none-eabi/lib/thumb/v8-m.main+fp/hard\libc_nano.a(libc_a-writer.o)
                0x08000890                _write_r
 .text.__libc_init_array
                0x080008b4       0x48 C:/ST/STM32CubeIDE_2.1.1/STM32CubeIDE/plugins/com.st.stm32cube.ide.mcu.externaltools.gnu-tools-for-stm32.14.3.rel1.win32_1.0.100.202602081740/tools/bin/../lib/gcc/arm-none-eabi/14.3.1/../../../../arm-none-eabi/lib/thumb/v8-m.main+fp/hard\libc_nano.a(libc_a-init.o)
                0x080008b4                __libc_init_array
 .text.__retarget_lock_init_recursive
                0x080008fc        0x2 C:/ST/STM32CubeIDE_2.1.1/STM32CubeIDE/plugins/com.st.stm32cube.ide.mcu.externaltools.gnu-tools-for-stm32.14.3.rel1.win32_1.0.100.202602081740/tools/bin/../lib/gcc/arm-none-eabi/14.3.1/../../../../arm-none-eabi/lib/thumb/v8-m.main+fp/hard\libc_nano.a(libc_a-lock.o)
                0x080008fc                __retarget_lock_init_recursive
 .text.__retarget_lock_acquire_recursive
                0x080008fe        0x2 C:/ST/STM32CubeIDE_2.1.1/STM32CubeIDE/plugins/com.st.stm32cube.ide.mcu.externaltools.gnu-tools-for-stm32.14.3.rel1.win32_1.0.100.202602081740/tools/bin/../lib/gcc/arm-none-eabi/14.3.1/../../../../arm-none-eabi/lib/thumb/v8-m.main+fp/hard\libc_nano.a(libc_a-lock.o)
                0x080008fe                __retarget_lock_acquire_recursive
 .text.__retarget_lock_release_recursive
                0x08000900        0x2 C:/ST/STM32CubeIDE_2.1.1/STM32CubeIDE/plugins/com.st.stm32cube.ide.mcu.externaltools.gnu-tools-for-stm32.14.3.rel1.win32_1.0.100.202602081740/tools/bin/../lib/gcc/arm-none-eabi/14.3.1/../../../../arm-none-eabi/lib/thumb/v8-m.main+fp/hard\libc_nano.a(libc_a-lock.o)
                0x08000900                __retarget_lock_release_recursive
 *fill*         0x08000902        0x2 
 .text._free_r  0x08000904       0x94 C:/ST/STM32CubeIDE_2.1.1/STM32CubeIDE/plugins/com.st.stm32cube.ide.mcu.externaltools.gnu-tools-for-stm32.14.3.rel1.win32_1.0.100.202602081740/tools/bin/../lib/gcc/arm-none-eabi/14.3.1/../../../../arm-none-eabi/lib/thumb/v8-m.main+fp/hard\libc_nano.a(libc_a-freer.o)
                0x08000904                _free_r
 .text.sbrk_aligned
                0x08000998       0x44 C:/ST/STM32CubeIDE_2.1.1/STM32CubeIDE/plugins/com.st.stm32cube.ide.mcu.externaltools.gnu-tools-for-stm32.14.3.rel1.win32_1.0.100.202602081740/tools/bin/../lib/gcc/arm-none-eabi/14.3.1/../../../../arm-none-eabi/lib/thumb/v8-m.main+fp/hard\libc_nano.a(libc_a-mallocr.o)
 .text._malloc_r
                0x080009dc      0x100 C:/ST/STM32CubeIDE_2.1.1/STM32CubeIDE/plugins/com.st.stm32cube.ide.mcu.externaltools.gnu-tools-for-stm32.14.3.rel1.win32_1.0.100.202602081740/tools/bin/../lib/gcc/arm-none-eabi/14.3.1/../../../../arm-none-eabi/lib/thumb/v8-m.main+fp/hard\libc_nano.a(libc_a-mallocr.o)
                0x080009dc                _malloc_r
 .text.__malloc_lock
                0x08000adc        0xc C:/ST/STM32CubeIDE_2.1.1/STM32CubeIDE/plugins/com.st.stm32cube.ide.mcu.externaltools.gnu-tools-for-stm32.14.3.rel1.win32_1.0.100.202602081740/tools/bin/../lib/gcc/arm-none-eabi/14.3.1/../../../../arm-none-eabi/lib/thumb/v8-m.main+fp/hard\libc_nano.a(libc_a-mlock.o)
                0x08000adc                __malloc_lock
 .text.__malloc_unlock
                0x08000ae8        0xc C:/ST/STM32CubeIDE_2.1.1/STM32CubeIDE/plugins/com.st.stm32cube.ide.mcu.externaltools.gnu-tools-for-stm32.14.3.rel1.win32_1.0.100.202602081740/tools/bin/../lib/gcc/arm-none-eabi/14.3.1/../../../../arm-none-eabi/lib/thumb/v8-m.main+fp/hard\libc_nano.a(libc_a-mlock.o)
                0x08000ae8                __malloc_unlock
 .text.__sflush_r
                0x08000af4      0x100 C:/ST/STM32CubeIDE_2.1.1/STM32CubeIDE/plugins/com.st.stm32cube.ide.mcu.externaltools.gnu-tools-for-stm32.14.3.rel1.win32_1.0.100.202602081740/tools/bin/../lib/gcc/arm-none-eabi/14.3.1/../../../../arm-none-eabi/lib/thumb/v8-m.main+fp/hard\libc_nano.a(libc_a-fflush.o)
                0x08000af4                __sflush_r
 .text._fflush_r
                0x08000bf4       0x50 C:/ST/STM32CubeIDE_2.1.1/STM32CubeIDE/plugins/com.st.stm32cube.ide.mcu.externaltools.gnu-tools-for-stm32.14.3.rel1.win32_1.0.100.202602081740/tools/bin/../lib/gcc/arm-none-eabi/14.3.1/../../../../arm-none-eabi/lib/thumb/v8-m.main+fp/hard\libc_nano.a(libc_a-fflush.o)
                0x08000bf4                _fflush_r
 .text._sbrk_r  0x08000c44       0x20 C:/ST/STM32CubeIDE_2.1.1/STM32CubeIDE/plugins/com.st.stm32cube.ide.mcu.externaltools.gnu-tools-for-stm32.14.3.rel1.win32_1.0.100.202602081740/tools/bin/../lib/gcc/arm-none-eabi/14.3.1/../../../../arm-none-eabi/lib/thumb/v8-m.main+fp/hard\libc_nano.a(libc_a-sbrkr.o)
                0x08000c44                _sbrk_r
 .text._write   0x08000c64       0x30 CMakeFiles/STM32C542_Project7.dir/main.c.obj
                0x08000c64                _write
 .text.main     0x08000c94      0x174 CMakeFiles/STM32C542_Project7.dir/main.c.obj
                0x08000c94                main
 .text.LL_AHB2_GRP1_EnableClock
                0x08000e08       0x60 CMakeFiles/STM32C542_Project7.dir/generated/hal/mx_adc1.c.obj
 .text.HAL_RCC_GPIOA_EnableClock
                0x08000e68        0xe CMakeFiles/STM32C542_Project7.dir/generated/hal/mx_adc1.c.obj
 .text.HAL_RCC_ADC12_EnableClock
                0x08000e76       0x10 CMakeFiles/STM32C542_Project7.dir/generated/hal/mx_adc1.c.obj
 *fill*         0x08000e86        0x2 
 .text.mx_adc1_init
                0x08000e88       0x98 CMakeFiles/STM32C542_Project7.dir/generated/hal/mx_adc1.c.obj
                0x08000e88                mx_adc1_init
 .text.mx_adc1_gethandle
                0x08000f20       0x14 CMakeFiles/STM32C542_Project7.dir/generated/hal/mx_adc1.c.obj
                0x08000f20                mx_adc1_gethandle
 .text.LL_AHB2_GRP1_EnableClock
                0x08000f34       0x60 CMakeFiles/STM32C542_Project7.dir/generated/hal/mx_cortex_debug.c.obj
 .text.HAL_RCC_GPIOA_EnableClock
                0x08000f94        0xe CMakeFiles/STM32C542_Project7.dir/generated/hal/mx_cortex_debug.c.obj
 .text.HAL_RCC_GPIOB_EnableClock
                0x08000fa2        0xe CMakeFiles/STM32C542_Project7.dir/generated/hal/mx_cortex_debug.c.obj
 .text.mx_cortex_debug_init
                0x08000fb0       0x88 CMakeFiles/STM32C542_Project7.dir/generated/hal/mx_cortex_debug.c.obj
                0x08000fb0                mx_cortex_debug_init
 .text.mx_cortex_mpu_init
                0x08001038       0x5c CMakeFiles/STM32C542_Project7.dir/generated/hal/mx_cortex_mpu.c.obj
                0x08001038                mx_cortex_mpu_init
 .text.mx_cortex_nvic_init
                0x08001094       0x12 CMakeFiles/STM32C542_Project7.dir/generated/hal/mx_cortex_nvic.c.obj
                0x08001094                mx_cortex_nvic_init
 *fill*         0x080010a6        0x2 
 .text.LL_AHB2_GRP1_EnableClock
                0x080010a8       0x60 CMakeFiles/STM32C542_Project7.dir/generated/hal/mx_dac1.c.obj
 .text.HAL_RCC_GPIOA_EnableClock
                0x08001108        0xe CMakeFiles/STM32C542_Project7.dir/generated/hal/mx_dac1.c.obj
 .text.HAL_RCC_DAC1_EnableClock
                0x08001116       0x10 CMakeFiles/STM32C542_Project7.dir/generated/hal/mx_dac1.c.obj
 *fill*         0x08001126        0x2 
 .text.mx_dac1_init
                0x08001128       0xac CMakeFiles/STM32C542_Project7.dir/generated/hal/mx_dac1.c.obj
                0x08001128                mx_dac1_init
 .text.mx_dac1_gethandle
                0x080011d4       0x14 CMakeFiles/STM32C542_Project7.dir/generated/hal/mx_dac1.c.obj
                0x080011d4                mx_dac1_gethandle
 .text.mx_icache_init
                0x080011e8       0x28 CMakeFiles/STM32C542_Project7.dir/generated/hal/mx_icache.c.obj
                0x080011e8                mx_icache_init
 .text.mx_icache_gethandle
                0x08001210       0x14 CMakeFiles/STM32C542_Project7.dir/generated/hal/mx_icache.c.obj
                0x08001210                mx_icache_gethandle
 .text.mx_rcc_init
                0x08001224       0xc0 CMakeFiles/STM32C542_Project7.dir/generated/hal/mx_rcc.c.obj
                0x08001224                mx_rcc_init
 .text.mx_rcc_peripherals_clock_config
                0x080012e4       0x22 CMakeFiles/STM32C542_Project7.dir/generated/hal/mx_rcc.c.obj
                0x080012e4                mx_rcc_peripherals_clock_config
 .text.mx_system_init
                0x08001306       0xf8 CMakeFiles/STM32C542_Project7.dir/generated/hal/mx_system.c.obj
                0x08001306                mx_system_init
 .text.SysTick_Handler
                0x080013fe       0x10 CMakeFiles/STM32C542_Project7.dir/generated/hal/mx_system.c.obj
                0x080013fe                SysTick_Handler
 .text.pre_system_init_hook
                0x0800140e       0x12 CMakeFiles/STM32C542_Project7.dir/generated/hal/mx_system.c.obj
                0x0800140e                pre_system_init_hook
 .text.post_system_init_hook
                0x08001420       0x12 CMakeFiles/STM32C542_Project7.dir/generated/hal/mx_system.c.obj
                0x08001420                post_system_init_hook
 *fill*         0x08001432        0x2 
 .text.LL_AHB2_GRP1_EnableClock
                0x08001434       0x60 CMakeFiles/STM32C542_Project7.dir/generated/hal/mx_usart1.c.obj
 .text.LL_APB2_GRP1_EnableClock
                0x08001494       0x60 CMakeFiles/STM32C542_Project7.dir/generated/hal/mx_usart1.c.obj
 .text.HAL_RCC_GPIOA_EnableClock
                0x080014f4        0xe CMakeFiles/STM32C542_Project7.dir/generated/hal/mx_usart1.c.obj
 .text.HAL_RCC_USART1_EnableClock
                0x08001502       0x10 CMakeFiles/STM32C542_Project7.dir/generated/hal/mx_usart1.c.obj
 *fill*         0x08001512        0x2 
 .text.mx_usart1_uart_init
                0x08001514       0xac CMakeFiles/STM32C542_Project7.dir/generated/hal/mx_usart1.c.obj
                0x08001514                mx_usart1_uart_init
 .text.mx_usart1_uart_gethandle
                0x080015c0       0x14 CMakeFiles/STM32C542_Project7.dir/generated/hal/mx_usart1.c.obj
                0x080015c0                mx_usart1_uart_gethandle
 .text.SCB_SetVTOR
                0x080015d4       0x20 CMakeFiles/STM32C542_Project7.dir/user_modifiable/Device/STM32C542CCT6/system_stm32c5xx.c.obj
 .text.SCB_EnableFPU
                0x080015f4       0x24 CMakeFiles/STM32C542_Project7.dir/user_modifiable/Device/STM32C542CCT6/system_stm32c5xx.c.obj
 .text.SystemInit
                0x08001618       0x18 CMakeFiles/STM32C542_Project7.dir/user_modifiable/Device/STM32C542CCT6/system_stm32c5xx.c.obj
                0x08001618                SystemInit
 .text.Reset_Handler
                0x08001630       0xc4 CMakeFiles/STM32C542_Project7.dir/user_modifiable/Device/STM32C542CCT6/startup_stm32c542xx.c.obj
                0x08001630                Reset_Handler
 .text.HardFault_Handler
                0x080016f4        0x8 CMakeFiles/STM32C542_Project7.dir/user_modifiable/Device/STM32C542CCT6/startup_stm32c542xx.c.obj
                0x080016f4                HardFault_Handler
 .text.Default_IRQHandler
                0x080016fc        0x8 CMakeFiles/STM32C542_Project7.dir/user_modifiable/Device/STM32C542CCT6/startup_stm32c542xx.c.obj
                0x080016fc                EXTI2_IRQHandler
                0x080016fc                TIM8_CC_IRQHandler
                0x080016fc                EXTI5_IRQHandler
                0x080016fc                DebugMon_Handler
                0x080016fc                TIM8_TRGI_COM_DIR_IDX_IRQHandler
                0x080016fc                EXTI13_IRQHandler
                0x080016fc                LPDMA2_CH1_IRQHandler
                0x080016fc                I2C1_ERR_IRQHandler
                0x080016fc                TIM1_CC_IRQHandler
                0x080016fc                TAMP_IRQHandler
                0x080016fc                TIM6_IRQHandler
                0x080016fc                EXTI12_IRQHandler
                0x080016fc                CORDIC_IRQHandler
                0x080016fc                PendSV_Handler
                0x080016fc                USB_DRD_FS_IRQHandler
                0x080016fc                NMI_Handler
                0x080016fc                EXTI3_IRQHandler
                0x080016fc                EXTI8_IRQHandler
                0x080016fc                PWR_PVD_IRQHandler
                0x080016fc                EXTI0_IRQHandler
                0x080016fc                FPU_IRQHandler
                0x080016fc                FDCAN1_IT1_IRQHandler
                0x080016fc                RAMCFG_IRQHandler
                0x080016fc                UsageFault_Handler
                0x080016fc                TIM1_UPD_IRQHandler
                0x080016fc                SPI1_IRQHandler
                0x080016fc                ADC1_IRQHandler
                0x080016fc                EXTI15_IRQHandler
                0x080016fc                RTC_IRQHandler
                0x080016fc                EXTI9_IRQHandler
                0x080016fc                UART5_IRQHandler
                0x080016fc                LPDMA2_CH3_IRQHandler
                0x080016fc                LPDMA1_CH1_IRQHandler
                0x080016fc                I2C1_EV_IRQHandler
                0x080016fc                UART4_IRQHandler
                0x080016fc                RCC_IRQHandler
                0x080016fc                COMP2_IRQHandler
                0x080016fc                LPDMA2_CH2_IRQHandler
                0x080016fc                TIM12_IRQHandler
                0x080016fc                TIM7_IRQHandler
                0x080016fc                I3C1_EV_IRQHandler
                0x080016fc                TIM15_IRQHandler
                0x080016fc                TIM8_BRK_TERR_IERR_IRQHandler
                0x080016fc                TIM8_UPD_IRQHandler
                0x080016fc                SPI2_IRQHandler
                0x080016fc                MemManage_Handler
                0x080016fc                LPDMA1_CH3_IRQHandler
                0x080016fc                EXTI14_IRQHandler
                0x080016fc                EXTI11_IRQHandler
                0x080016fc                SVC_Handler
                0x080016fc                CRS_IRQHandler
                0x080016fc                EXTI4_IRQHandler
                0x080016fc                TIM1_BRK_TERR_IERR_IRQHandler
                0x080016fc                RNG_IRQHandler
                0x080016fc                FDCAN2_IT1_IRQHandler
                0x080016fc                TIM1_TRGI_COM_DIR_IDX_IRQHandler
                0x080016fc                LPDMA2_CH0_IRQHandler
                0x080016fc                I3C1_ERR_IRQHandler
                0x080016fc                WWDG_IRQHandler
                0x080016fc                Default_IRQHandler
                0x080016fc                FDCAN2_IT0_IRQHandler
                0x080016fc                IWDG_IRQHandler
                0x080016fc                LPUART1_IRQHandler
                0x080016fc                FDCAN1_IT0_IRQHandler
                0x080016fc                TIM2_IRQHandler
                0x080016fc                LPDMA1_CH2_IRQHandler
                0x080016fc                EXTI7_IRQHandler
                0x080016fc                EXTI1_IRQHandler
                0x080016fc                AES_IRQHandler
                0x080016fc                DAC1_IRQHandler
                0x080016fc                USART2_IRQHandler
                0x080016fc                FLASH_IRQHandler
                0x080016fc                BusFault_Handler
                0x080016fc                USART1_IRQHandler
                0x080016fc                EXTI10_IRQHandler
                0x080016fc                LPDMA1_CH0_IRQHandler
                0x080016fc                EXTI6_IRQHandler
                0x080016fc                COMP1_IRQHandler
                0x080016fc                LPTIM1_IRQHandler
                0x080016fc                ICACHE_IRQHandler
                0x080016fc                HASH_IRQHandler
 .text.Default_IRQHandler_Hook
                0x08001704        0x8 CMakeFiles/STM32C542_Project7.dir/user_modifiable/Device/STM32C542CCT6/startup_stm32c542xx.c.obj
                0x08001704                Default_IRQHandler_Hook
 .text.LL_RCC_GetAHBPrescaler
                0x0800170c       0x1c CMakeFiles/STM32C542_Project7.dir/stm32c5xx_drivers/hal/stm32c5xx_hal.c.obj
 .text.LL_FLASH_EnablePrefetch
                0x08001728       0x20 CMakeFiles/STM32C542_Project7.dir/stm32c5xx_drivers/hal/stm32c5xx_hal.c.obj
 .text.HAL_Init
                0x08001748       0x44 CMakeFiles/STM32C542_Project7.dir/stm32c5xx_drivers/hal/stm32c5xx_hal.c.obj
                0x08001748                HAL_Init
 .text.HAL_InitTick
                0x0800178c       0x68 CMakeFiles/STM32C542_Project7.dir/stm32c5xx_drivers/hal/stm32c5xx_hal.c.obj
                0x0800178c                HAL_InitTick
 .text.HAL_UpdateCoreClock
                0x080017f4       0x30 CMakeFiles/STM32C542_Project7.dir/stm32c5xx_drivers/hal/stm32c5xx_hal.c.obj
                0x080017f4                HAL_UpdateCoreClock
 .text.HAL_IncTick
                0x08001824       0x28 CMakeFiles/STM32C542_Project7.dir/stm32c5xx_drivers/hal/stm32c5xx_hal.c.obj
                0x08001824                HAL_IncTick
 .text.HAL_GetTick
                0x0800184c       0x18 CMakeFiles/STM32C542_Project7.dir/stm32c5xx_drivers/hal/stm32c5xx_hal.c.obj
                0x0800184c                HAL_GetTick
 .text.HAL_Delay
                0x08001864       0x4c CMakeFiles/STM32C542_Project7.dir/stm32c5xx_drivers/hal/stm32c5xx_hal.c.obj
                0x08001864                HAL_Delay
 .text.LL_ADC_SetCommonPathInternalChAdd
                0x080018b0       0x26 CMakeFiles/STM32C542_Project7.dir/stm32c5xx_drivers/hal/stm32c5xx_hal_adc.c.obj
 .text.LL_ADC_GetCommonPathInternalCh
                0x080018d6       0x1c CMakeFiles/STM32C542_Project7.dir/stm32c5xx_drivers/hal/stm32c5xx_hal_adc.c.obj
 .text.LL_ADC_SetResolution
                0x080018f2       0x26 CMakeFiles/STM32C542_Project7.dir/stm32c5xx_drivers/hal/stm32c5xx_hal_adc.c.obj
 .text.LL_ADC_REG_SetTriggerSource
                0x08001918       0x26 CMakeFiles/STM32C542_Project7.dir/stm32c5xx_drivers/hal/stm32c5xx_hal_adc.c.obj
 .text.LL_ADC_REG_SetTriggerEdge
                0x0800193e       0x26 CMakeFiles/STM32C542_Project7.dir/stm32c5xx_drivers/hal/stm32c5xx_hal_adc.c.obj
 .text.LL_ADC_SetSamplingMode
                0x08001964       0x26 CMakeFiles/STM32C542_Project7.dir/stm32c5xx_drivers/hal/stm32c5xx_hal_adc.c.obj
 .text.LL_ADC_GetSamplingMode
                0x0800198a       0x1c CMakeFiles/STM32C542_Project7.dir/stm32c5xx_drivers/hal/stm32c5xx_hal_adc.c.obj
 .text.LL_ADC_REG_SetSequencerLength
                0x080019a6       0x26 CMakeFiles/STM32C542_Project7.dir/stm32c5xx_drivers/hal/stm32c5xx_hal_adc.c.obj
 .text.LL_ADC_REG_SetSequencerRanks
                0x080019cc       0x5a CMakeFiles/STM32C542_Project7.dir/stm32c5xx_drivers/hal/stm32c5xx_hal_adc.c.obj
 .text.LL_ADC_SetChannelPreselection
                0x08001a26       0x2e CMakeFiles/STM32C542_Project7.dir/stm32c5xx_drivers/hal/stm32c5xx_hal_adc.c.obj
 .text.LL_ADC_INJ_SetSequencerRanks
                0x08001a54       0x36 CMakeFiles/STM32C542_Project7.dir/stm32c5xx_drivers/hal/stm32c5xx_hal_adc.c.obj
 .text.LL_ADC_INJ_GetTrigAuto
                0x08001a8a       0x1c CMakeFiles/STM32C542_Project7.dir/stm32c5xx_drivers/hal/stm32c5xx_hal_adc.c.obj
 *fill*         0x08001aa6        0x2 
 .text.LL_ADC_SetChannelSamplingTime
                0x08001aa8      0x154 CMakeFiles/STM32C542_Project7.dir/stm32c5xx_drivers/hal/stm32c5xx_hal_adc.c.obj
 .text.LL_ADC_SetChannelSingleDiff
                0x08001bfc       0x18 CMakeFiles/STM32C542_Project7.dir/stm32c5xx_drivers/hal/stm32c5xx_hal_adc.c.obj
 .text.LL_ADC_EnableDeepPowerDown
                0x08001c14       0x28 CMakeFiles/STM32C542_Project7.dir/stm32c5xx_drivers/hal/stm32c5xx_hal_adc.c.obj
 .text.LL_ADC_DisableDeepPowerDown
                0x08001c3c       0x24 CMakeFiles/STM32C542_Project7.dir/stm32c5xx_drivers/hal/stm32c5xx_hal_adc.c.obj
 .text.LL_ADC_EnableInternalRegulator
                0x08001c60       0x28 CMakeFiles/STM32C542_Project7.dir/stm32c5xx_drivers/hal/stm32c5xx_hal_adc.c.obj
 .text.LL_ADC_DisableInternalRegulator
                0x08001c88       0x24 CMakeFiles/STM32C542_Project7.dir/stm32c5xx_drivers/hal/stm32c5xx_hal_adc.c.obj
 .text.LL_ADC_IsInternalRegulatorEnabled
                0x08001cac       0x28 CMakeFiles/STM32C542_Project7.dir/stm32c5xx_drivers/hal/stm32c5xx_hal_adc.c.obj
 .text.LL_ADC_Enable
                0x08001cd4       0x28 CMakeFiles/STM32C542_Project7.dir/stm32c5xx_drivers/hal/stm32c5xx_hal_adc.c.obj
 .text.LL_ADC_Disable
                0x08001cfc       0x28 CMakeFiles/STM32C542_Project7.dir/stm32c5xx_drivers/hal/stm32c5xx_hal_adc.c.obj
 .text.LL_ADC_IsEnabled
                0x08001d24       0x26 CMakeFiles/STM32C542_Project7.dir/stm32c5xx_drivers/hal/stm32c5xx_hal_adc.c.obj
 .text.LL_ADC_IsDisableOngoing
                0x08001d4a       0x26 CMakeFiles/STM32C542_Project7.dir/stm32c5xx_drivers/hal/stm32c5xx_hal_adc.c.obj
 .text.LL_ADC_StartCalibration
                0x08001d70       0x22 CMakeFiles/STM32C542_Project7.dir/stm32c5xx_drivers/hal/stm32c5xx_hal_adc.c.obj
 .text.LL_ADC_IsCalibrationOnGoing
                0x08001d92       0x28 CMakeFiles/STM32C542_Project7.dir/stm32c5xx_drivers/hal/stm32c5xx_hal_adc.c.obj
 .text.LL_ADC_REG_StartConversion
                0x08001dba       0x28 CMakeFiles/STM32C542_Project7.dir/stm32c5xx_drivers/hal/stm32c5xx_hal_adc.c.obj
 .text.LL_ADC_REG_ReadConversionData
                0x08001de2       0x18 CMakeFiles/STM32C542_Project7.dir/stm32c5xx_drivers/hal/stm32c5xx_hal_adc.c.obj
 .text.LL_ADC_IsActiveFlag_ADRDY
                0x08001dfa       0x26 CMakeFiles/STM32C542_Project7.dir/stm32c5xx_drivers/hal/stm32c5xx_hal_adc.c.obj
 .text.LL_ADC_IsActiveFlag_EOC
                0x08001e20       0x26 CMakeFiles/STM32C542_Project7.dir/stm32c5xx_drivers/hal/stm32c5xx_hal_adc.c.obj
 .text.LL_ADC_ClearFlag_ADRDY
                0x08001e46       0x1a CMakeFiles/STM32C542_Project7.dir/stm32c5xx_drivers/hal/stm32c5xx_hal_adc.c.obj
 .text.LL_ADC_ClearFlag_EOC
                0x08001e60       0x1a CMakeFiles/STM32C542_Project7.dir/stm32c5xx_drivers/hal/stm32c5xx_hal_adc.c.obj
 .text.HAL_ADC_Init
                0x08001e7a       0x40 CMakeFiles/STM32C542_Project7.dir/stm32c5xx_drivers/hal/stm32c5xx_hal_adc.c.obj
                0x08001e7a                HAL_ADC_Init
 .text.HAL_ADC_SetConfig
                0x08001eba       0x4a CMakeFiles/STM32C542_Project7.dir/stm32c5xx_drivers/hal/stm32c5xx_hal_adc.c.obj
                0x08001eba                HAL_ADC_SetConfig
 .text.HAL_ADC_REG_SetConfig
                0x08001f04       0xbe CMakeFiles/STM32C542_Project7.dir/stm32c5xx_drivers/hal/stm32c5xx_hal_adc.c.obj
                0x08001f04                HAL_ADC_REG_SetConfig
 *fill*         0x08001fc2        0x2 
 .text.HAL_ADC_SetConfigChannel
                0x08001fc4       0xe4 CMakeFiles/STM32C542_Project7.dir/stm32c5xx_drivers/hal/stm32c5xx_hal_adc.c.obj
                0x08001fc4                HAL_ADC_SetConfigChannel
 .text.HAL_ADC_Start
                0x080020a8       0x68 CMakeFiles/STM32C542_Project7.dir/stm32c5xx_drivers/hal/stm32c5xx_hal_adc.c.obj
                0x080020a8                HAL_ADC_Start
 .text.HAL_ADC_Calibrate
                0x08002110       0x32 CMakeFiles/STM32C542_Project7.dir/stm32c5xx_drivers/hal/stm32c5xx_hal_adc.c.obj
                0x08002110                HAL_ADC_Calibrate
 .text.HAL_ADC_REG_StartConv
                0x08002142       0x2c CMakeFiles/STM32C542_Project7.dir/stm32c5xx_drivers/hal/stm32c5xx_hal_adc.c.obj
                0x08002142                HAL_ADC_REG_StartConv
 .text.HAL_ADC_REG_PollForConv
                0x0800216e       0x6a CMakeFiles/STM32C542_Project7.dir/stm32c5xx_drivers/hal/stm32c5xx_hal_adc.c.obj
                0x0800216e                HAL_ADC_REG_PollForConv
 .text.HAL_ADC_REG_ReadConversionData
                0x080021d8       0x20 CMakeFiles/STM32C542_Project7.dir/stm32c5xx_drivers/hal/stm32c5xx_hal_adc.c.obj
                0x080021d8                HAL_ADC_REG_ReadConversionData
 .text.adc_activate
                0x080021f8      0x11c CMakeFiles/STM32C542_Project7.dir/stm32c5xx_drivers/hal/stm32c5xx_hal_adc.c.obj
 .text.adc_deactivate
                0x08002314       0xac CMakeFiles/STM32C542_Project7.dir/stm32c5xx_drivers/hal/stm32c5xx_hal_adc.c.obj
 .text.adc_calibrate
                0x080023c0       0x8a CMakeFiles/STM32C542_Project7.dir/stm32c5xx_drivers/hal/stm32c5xx_hal_adc.c.obj
 *fill*         0x0800244a        0x2 
 .text.__NVIC_SetPriorityGrouping
                0x0800244c       0x48 CMakeFiles/STM32C542_Project7.dir/stm32c5xx_drivers/hal/stm32c5xx_hal_cortex.c.obj
 .text.__NVIC_GetPriorityGrouping
                0x08002494       0x1c CMakeFiles/STM32C542_Project7.dir/stm32c5xx_drivers/hal/stm32c5xx_hal_cortex.c.obj
 .text.__NVIC_SetPriority
                0x080024b0       0x54 CMakeFiles/STM32C542_Project7.dir/stm32c5xx_drivers/hal/stm32c5xx_hal_cortex.c.obj
 .text.NVIC_EncodePriority
                0x08002504       0x66 CMakeFiles/STM32C542_Project7.dir/stm32c5xx_drivers/hal/stm32c5xx_hal_cortex.c.obj
 *fill*         0x0800256a        0x2 
 .text.ARM_MPU_Enable
                0x0800256c       0x44 CMakeFiles/STM32C542_Project7.dir/stm32c5xx_drivers/hal/stm32c5xx_hal_cortex.c.obj
 .text.ARM_MPU_Disable
                0x080025b0       0x40 CMakeFiles/STM32C542_Project7.dir/stm32c5xx_drivers/hal/stm32c5xx_hal_cortex.c.obj
 .text.ARM_MPU_SetMemAttrEx
                0x080025f0       0x6a CMakeFiles/STM32C542_Project7.dir/stm32c5xx_drivers/hal/stm32c5xx_hal_cortex.c.obj
 *fill*         0x0800265a        0x2 
 .text.ARM_MPU_SetMemAttr
                0x0800265c       0x28 CMakeFiles/STM32C542_Project7.dir/stm32c5xx_drivers/hal/stm32c5xx_hal_cortex.c.obj
 .text.ARM_MPU_SetRegionEx
                0x08002684       0x2c CMakeFiles/STM32C542_Project7.dir/stm32c5xx_drivers/hal/stm32c5xx_hal_cortex.c.obj
 .text.ARM_MPU_SetRegion
                0x080026b0       0x24 CMakeFiles/STM32C542_Project7.dir/stm32c5xx_drivers/hal/stm32c5xx_hal_cortex.c.obj
 .text.SysTick_SetClkSource
                0x080026d4       0x38 CMakeFiles/STM32C542_Project7.dir/stm32c5xx_drivers/hal/stm32c5xx_hal_cortex.c.obj
 .text.SysTick_GetClkSource
                0x0800270c       0x1c CMakeFiles/STM32C542_Project7.dir/stm32c5xx_drivers/hal/stm32c5xx_hal_cortex.c.obj
 .text.SysTick_EnableIT
                0x08002728       0x20 CMakeFiles/STM32C542_Project7.dir/stm32c5xx_drivers/hal/stm32c5xx_hal_cortex.c.obj
 .text.SysTick_Enable
                0x08002748       0x20 CMakeFiles/STM32C542_Project7.dir/stm32c5xx_drivers/hal/stm32c5xx_hal_cortex.c.obj
 .text.SysTick_SetReload
                0x08002768       0x30 CMakeFiles/STM32C542_Project7.dir/stm32c5xx_drivers/hal/stm32c5xx_hal_cortex.c.obj
 .text.SysTick_SetCounter
                0x08002798       0x20 CMakeFiles/STM32C542_Project7.dir/stm32c5xx_drivers/hal/stm32c5xx_hal_cortex.c.obj
 .text.HAL_CORTEX_NVIC_SetPriorityGrouping
                0x080027b8       0x1a CMakeFiles/STM32C542_Project7.dir/stm32c5xx_drivers/hal/stm32c5xx_hal_cortex.c.obj
                0x080027b8                HAL_CORTEX_NVIC_SetPriorityGrouping
 .text.HAL_CORTEX_NVIC_SetPriority
                0x080027d2       0x36 CMakeFiles/STM32C542_Project7.dir/stm32c5xx_drivers/hal/stm32c5xx_hal_cortex.c.obj
                0x080027d2                HAL_CORTEX_NVIC_SetPriority
 .text.HAL_CORTEX_SYSTICK_SetFreq
                0x08002808       0x5a CMakeFiles/STM32C542_Project7.dir/stm32c5xx_drivers/hal/stm32c5xx_hal_cortex.c.obj
                0x08002808                HAL_CORTEX_SYSTICK_SetFreq
 .text.HAL_CORTEX_SYSTICK_SetClkSource
                0x08002862       0x1a CMakeFiles/STM32C542_Project7.dir/stm32c5xx_drivers/hal/stm32c5xx_hal_cortex.c.obj
                0x08002862                HAL_CORTEX_SYSTICK_SetClkSource
 .text.HAL_CORTEX_SYSTICK_IRQHandler
                0x0800287c        0xc CMakeFiles/STM32C542_Project7.dir/stm32c5xx_drivers/hal/stm32c5xx_hal_cortex.c.obj
                0x0800287c                HAL_CORTEX_SYSTICK_IRQHandler
 .text.HAL_CORTEX_SYSTICK_Callback
                0x08002888        0xe CMakeFiles/STM32C542_Project7.dir/stm32c5xx_drivers/hal/stm32c5xx_hal_cortex.c.obj
                0x08002888                HAL_CORTEX_SYSTICK_Callback
 .text.HAL_CORTEX_MPU_Enable
                0x08002896       0x26 CMakeFiles/STM32C542_Project7.dir/stm32c5xx_drivers/hal/stm32c5xx_hal_cortex.c.obj
                0x08002896                HAL_CORTEX_MPU_Enable
 .text.HAL_CORTEX_MPU_Disable
                0x080028bc        0xc CMakeFiles/STM32C542_Project7.dir/stm32c5xx_drivers/hal/stm32c5xx_hal_cortex.c.obj
                0x080028bc                HAL_CORTEX_MPU_Disable
 .text.HAL_CORTEX_MPU_SetCacheMemAttr
                0x080028c8       0x2a CMakeFiles/STM32C542_Project7.dir/stm32c5xx_drivers/hal/stm32c5xx_hal_cortex.c.obj
                0x080028c8                HAL_CORTEX_MPU_SetCacheMemAttr
 .text.HAL_CORTEX_MPU_SetConfigRegion
                0x080028f2       0x48 CMakeFiles/STM32C542_Project7.dir/stm32c5xx_drivers/hal/stm32c5xx_hal_cortex.c.obj
                0x080028f2                HAL_CORTEX_MPU_SetConfigRegion
 *fill*         0x0800293a        0x2 
 .text.HAL_CORTEX_MPU_EnableRegion
                0x0800293c       0x2c CMakeFiles/STM32C542_Project7.dir/stm32c5xx_drivers/hal/stm32c5xx_hal_cortex.c.obj
                0x0800293c                HAL_CORTEX_MPU_EnableRegion
 .text.LL_DAC_SetHighFrequencyMode
                0x08002968       0x26 CMakeFiles/STM32C542_Project7.dir/stm32c5xx_drivers/hal/stm32c5xx_hal_dac.c.obj
 .text.LL_DAC_IsDMADoubleDataModeEnabled
                0x0800298e       0x42 CMakeFiles/STM32C542_Project7.dir/stm32c5xx_drivers/hal/stm32c5xx_hal_dac.c.obj
 .text.LL_DAC_Enable
                0x080029d0       0x2c CMakeFiles/STM32C542_Project7.dir/stm32c5xx_drivers/hal/stm32c5xx_hal_dac.c.obj
 .text.HAL_DAC_Init
                0x080029fc       0x52 CMakeFiles/STM32C542_Project7.dir/stm32c5xx_drivers/hal/stm32c5xx_hal_dac.c.obj
                0x080029fc                HAL_DAC_Init
 .text.HAL_DAC_SetConfig
                0x08002a4e       0x28 CMakeFiles/STM32C542_Project7.dir/stm32c5xx_drivers/hal/stm32c5xx_hal_dac.c.obj
                0x08002a4e                HAL_DAC_SetConfig
 *fill*         0x08002a76        0x2 
 .text.HAL_DAC_SetConfigChannel
                0x08002a78       0xe0 CMakeFiles/STM32C542_Project7.dir/stm32c5xx_drivers/hal/stm32c5xx_hal_dac.c.obj
                0x08002a78                HAL_DAC_SetConfigChannel
 .text.HAL_DAC_StartChannel
                0x08002b58       0x48 CMakeFiles/STM32C542_Project7.dir/stm32c5xx_drivers/hal/stm32c5xx_hal_dac.c.obj
                0x08002b58                HAL_DAC_StartChannel
 .text.HAL_DAC_SetChannelData
                0x08002ba0       0x6c CMakeFiles/STM32C542_Project7.dir/stm32c5xx_drivers/hal/stm32c5xx_hal_dac.c.obj
                0x08002ba0                HAL_DAC_SetChannelData
 .text.DAC_WaitMicroSecond
                0x08002c0c       0x50 CMakeFiles/STM32C542_Project7.dir/stm32c5xx_drivers/hal/stm32c5xx_hal_dac.c.obj
 .text.DAC_SetChannelAlignment
                0x08002c5c       0x6c CMakeFiles/STM32C542_Project7.dir/stm32c5xx_drivers/hal/stm32c5xx_hal_dac.c.obj
 .text.LL_FLASH_SetLatency
                0x08002cc8       0x26 CMakeFiles/STM32C542_Project7.dir/stm32c5xx_drivers/hal/stm32c5xx_hal_flash_itf.c.obj
 .text.LL_FLASH_SetProgrammingDelay
                0x08002cee       0x26 CMakeFiles/STM32C542_Project7.dir/stm32c5xx_drivers/hal/stm32c5xx_hal_flash_itf.c.obj
 .text.HAL_FLASH_ITF_SetLatency
                0x08002d14       0x24 CMakeFiles/STM32C542_Project7.dir/stm32c5xx_drivers/hal/stm32c5xx_hal_flash_itf.c.obj
                0x08002d14                HAL_FLASH_ITF_SetLatency
 .text.HAL_FLASH_ITF_SetProgrammingDelay
                0x08002d38       0x24 CMakeFiles/STM32C542_Project7.dir/stm32c5xx_drivers/hal/stm32c5xx_hal_flash_itf.c.obj
                0x08002d38                HAL_FLASH_ITF_SetProgrammingDelay
 .text.LL_GPIO_SetPinMode
                0x08002d5c       0x9c CMakeFiles/STM32C542_Project7.dir/stm32c5xx_drivers/hal/stm32c5xx_hal_gpio.c.obj
 .text.LL_GPIO_SetPinOutputType
                0x08002df8       0x56 CMakeFiles/STM32C542_Project7.dir/stm32c5xx_drivers/hal/stm32c5xx_hal_gpio.c.obj
 .text.LL_GPIO_SetPinSpeed
                0x08002e4e       0xa0 CMakeFiles/STM32C542_Project7.dir/stm32c5xx_drivers/hal/stm32c5xx_hal_gpio.c.obj
 .text.LL_GPIO_SetPinPull
                0x08002eee       0xa0 CMakeFiles/STM32C542_Project7.dir/stm32c5xx_drivers/hal/stm32c5xx_hal_gpio.c.obj
 .text.LL_GPIO_SetAFPin_0_7
                0x08002f8e       0xa0 CMakeFiles/STM32C542_Project7.dir/stm32c5xx_drivers/hal/stm32c5xx_hal_gpio.c.obj
 .text.LL_GPIO_SetAFPin_8_15
                0x0800302e       0xa4 CMakeFiles/STM32C542_Project7.dir/stm32c5xx_drivers/hal/stm32c5xx_hal_gpio.c.obj
 .text.LL_GPIO_WriteOutputPin
                0x080030d2       0x2a CMakeFiles/STM32C542_Project7.dir/stm32c5xx_drivers/hal/stm32c5xx_hal_gpio.c.obj
 .text.HAL_GPIO_Init
                0x080030fc      0x128 CMakeFiles/STM32C542_Project7.dir/stm32c5xx_drivers/hal/stm32c5xx_hal_gpio.c.obj
                0x080030fc                HAL_GPIO_Init
 .text.LL_ICACHE_Enable
                0x08003224       0x20 CMakeFiles/STM32C542_Project7.dir/stm32c5xx_drivers/hal/stm32c5xx_hal_icache.c.obj
 .text.LL_ICACHE_EnableIT
                0x08003244       0x22 CMakeFiles/STM32C542_Project7.dir/stm32c5xx_drivers/hal/stm32c5xx_hal_icache.c.obj
 .text.HAL_ICACHE_Init
                0x08003266       0x28 CMakeFiles/STM32C542_Project7.dir/stm32c5xx_drivers/hal/stm32c5xx_hal_icache.c.obj
                0x08003266                HAL_ICACHE_Init
 .text.HAL_ICACHE_Start
                0x0800328e       0x32 CMakeFiles/STM32C542_Project7.dir/stm32c5xx_drivers/hal/stm32c5xx_hal_icache.c.obj
                0x0800328e                HAL_ICACHE_Start
 .text.LL_RCC_LSI_IsReady
                0x080032c0       0x28 CMakeFiles/STM32C542_Project7.dir/stm32c5xx_drivers/hal/stm32c5xx_hal_rcc.c.obj
 .text.LL_RCC_LSE_IsReady
                0x080032e8       0x28 CMakeFiles/STM32C542_Project7.dir/stm32c5xx_drivers/hal/stm32c5xx_hal_rcc.c.obj
 .text.LL_RCC_HSIK_IsReady
                0x08003310       0x24 CMakeFiles/STM32C542_Project7.dir/stm32c5xx_drivers/hal/stm32c5xx_hal_rcc.c.obj
 .text.LL_RCC_HSIK_GetDivider
                0x08003334       0x1c CMakeFiles/STM32C542_Project7.dir/stm32c5xx_drivers/hal/stm32c5xx_hal_rcc.c.obj
 .text.LL_RCC_PSIS_Enable
                0x08003350       0x20 CMakeFiles/STM32C542_Project7.dir/stm32c5xx_drivers/hal/stm32c5xx_hal_rcc.c.obj
 .text.LL_RCC_PSIS_IsReady
                0x08003370       0x28 CMakeFiles/STM32C542_Project7.dir/stm32c5xx_drivers/hal/stm32c5xx_hal_rcc.c.obj
 .text.LL_RCC_PSIDIV3_IsReady
                0x08003398       0x28 CMakeFiles/STM32C542_Project7.dir/stm32c5xx_drivers/hal/stm32c5xx_hal_rcc.c.obj
 .text.LL_RCC_PSIK_IsReady
                0x080033c0       0x28 CMakeFiles/STM32C542_Project7.dir/stm32c5xx_drivers/hal/stm32c5xx_hal_rcc.c.obj
 .text.LL_RCC_PSIK_GetDivider
                0x080033e8       0x1c CMakeFiles/STM32C542_Project7.dir/stm32c5xx_drivers/hal/stm32c5xx_hal_rcc.c.obj
 .text.LL_RCC_ConfigPSI
                0x08003404       0x38 CMakeFiles/STM32C542_Project7.dir/stm32c5xx_drivers/hal/stm32c5xx_hal_rcc.c.obj
 .text.LL_RCC_GetConfigPSI
                0x0800343c       0x40 CMakeFiles/STM32C542_Project7.dir/stm32c5xx_drivers/hal/stm32c5xx_hal_rcc.c.obj
 .text.LL_RCC_HSE_Enable
                0x0800347c       0x20 CMakeFiles/STM32C542_Project7.dir/stm32c5xx_drivers/hal/stm32c5xx_hal_rcc.c.obj
 .text.LL_RCC_HSE_IsReady
                0x0800349c       0x28 CMakeFiles/STM32C542_Project7.dir/stm32c5xx_drivers/hal/stm32c5xx_hal_rcc.c.obj
 .text.LL_RCC_HSE_ConfigBypass
                0x080034c4       0x2c CMakeFiles/STM32C542_Project7.dir/stm32c5xx_drivers/hal/stm32c5xx_hal_rcc.c.obj
 .text.LL_RCC_SetSysClkSource
                0x080034f0       0x28 CMakeFiles/STM32C542_Project7.dir/stm32c5xx_drivers/hal/stm32c5xx_hal_rcc.c.obj
 .text.LL_RCC_GetSysClkSource
                0x08003518       0x1c CMakeFiles/STM32C542_Project7.dir/stm32c5xx_drivers/hal/stm32c5xx_hal_rcc.c.obj
 .text.LL_RCC_GetAHBPrescaler
                0x08003534       0x1c CMakeFiles/STM32C542_Project7.dir/stm32c5xx_drivers/hal/stm32c5xx_hal_rcc.c.obj
 .text.LL_RCC_GetSystickClockSource
                0x08003550       0x1c CMakeFiles/STM32C542_Project7.dir/stm32c5xx_drivers/hal/stm32c5xx_hal_rcc.c.obj
 .text.LL_RCC_GetAPB1Prescaler
                0x0800356c       0x1c CMakeFiles/STM32C542_Project7.dir/stm32c5xx_drivers/hal/stm32c5xx_hal_rcc.c.obj
 .text.LL_RCC_GetAPB2Prescaler
                0x08003588       0x1c CMakeFiles/STM32C542_Project7.dir/stm32c5xx_drivers/hal/stm32c5xx_hal_rcc.c.obj
 .text.LL_RCC_GetAPB3Prescaler
                0x080035a4       0x1c CMakeFiles/STM32C542_Project7.dir/stm32c5xx_drivers/hal/stm32c5xx_hal_rcc.c.obj
 .text.LL_RCC_ConfigBusClock
                0x080035c0       0x2c CMakeFiles/STM32C542_Project7.dir/stm32c5xx_drivers/hal/stm32c5xx_hal_rcc.c.obj
 .text.LL_RCC_SetClockSource
                0x080035ec       0x54 CMakeFiles/STM32C542_Project7.dir/stm32c5xx_drivers/hal/stm32c5xx_hal_rcc.c.obj
 .text.LL_RCC_SetUSARTClockSource
                0x08003640       0x16 CMakeFiles/STM32C542_Project7.dir/stm32c5xx_drivers/hal/stm32c5xx_hal_rcc.c.obj
 *fill*         0x08003656        0x2 
 .text.LL_RCC_SetADCDACClockSource
                0x08003658       0x2c CMakeFiles/STM32C542_Project7.dir/stm32c5xx_drivers/hal/stm32c5xx_hal_rcc.c.obj
 .text.LL_RCC_SetADCDACPrescaler
                0x08003684       0x2c CMakeFiles/STM32C542_Project7.dir/stm32c5xx_drivers/hal/stm32c5xx_hal_rcc.c.obj
 .text.LL_RCC_GetClockSource
                0x080036b0       0x48 CMakeFiles/STM32C542_Project7.dir/stm32c5xx_drivers/hal/stm32c5xx_hal_rcc.c.obj
 .text.LL_RCC_GetUSARTClockSource
                0x080036f8       0x18 CMakeFiles/STM32C542_Project7.dir/stm32c5xx_drivers/hal/stm32c5xx_hal_rcc.c.obj
 .text.LL_RCC_GetUARTClockSource
                0x08003710       0x18 CMakeFiles/STM32C542_Project7.dir/stm32c5xx_drivers/hal/stm32c5xx_hal_rcc.c.obj
 .text.LL_RCC_GetLPUARTClockSource
                0x08003728       0x24 CMakeFiles/STM32C542_Project7.dir/stm32c5xx_drivers/hal/stm32c5xx_hal_rcc.c.obj
 .text.HAL_RCC_HSE_Enable
                0x0800374c       0x3c CMakeFiles/STM32C542_Project7.dir/stm32c5xx_drivers/hal/stm32c5xx_hal_rcc.c.obj
                0x0800374c                HAL_RCC_HSE_Enable
 .text.HAL_RCC_PSIS_Enable
                0x08003788       0x1c CMakeFiles/STM32C542_Project7.dir/stm32c5xx_drivers/hal/stm32c5xx_hal_rcc.c.obj
                0x08003788                HAL_RCC_PSIS_Enable
 .text.HAL_RCC_PSI_SetConfig
                0x080037a4       0x50 CMakeFiles/STM32C542_Project7.dir/stm32c5xx_drivers/hal/stm32c5xx_hal_rcc.c.obj
                0x080037a4                HAL_RCC_PSI_SetConfig
 .text.HAL_RCC_PSI_GetConfig
                0x080037f4       0x34 CMakeFiles/STM32C542_Project7.dir/stm32c5xx_drivers/hal/stm32c5xx_hal_rcc.c.obj
                0x080037f4                HAL_RCC_PSI_GetConfig
 .text.HAL_RCC_SetSYSCLKSource
                0x08003828       0x52 CMakeFiles/STM32C542_Project7.dir/stm32c5xx_drivers/hal/stm32c5xx_hal_rcc.c.obj
                0x08003828                HAL_RCC_SetSYSCLKSource
 .text.HAL_RCC_GetSYSCLKSource
                0x0800387a       0x12 CMakeFiles/STM32C542_Project7.dir/stm32c5xx_drivers/hal/stm32c5xx_hal_rcc.c.obj
                0x0800387a                HAL_RCC_GetSYSCLKSource
 .text.HAL_RCC_SetBusClockConfig
                0x0800388c       0x38 CMakeFiles/STM32C542_Project7.dir/stm32c5xx_drivers/hal/stm32c5xx_hal_rcc.c.obj
                0x0800388c                HAL_RCC_SetBusClockConfig
 .text.HAL_RCC_GetPSIClockFreq
                0x080038c4       0x9c CMakeFiles/STM32C542_Project7.dir/stm32c5xx_drivers/hal/stm32c5xx_hal_rcc.c.obj
                0x080038c4                HAL_RCC_GetPSIClockFreq
 .text.HAL_RCC_GetSYSCLKFreq
                0x08003960       0x4c CMakeFiles/STM32C542_Project7.dir/stm32c5xx_drivers/hal/stm32c5xx_hal_rcc.c.obj
                0x08003960                HAL_RCC_GetSYSCLKFreq
 .text.HAL_RCC_GetHCLKFreq
                0x080039ac       0x20 CMakeFiles/STM32C542_Project7.dir/stm32c5xx_drivers/hal/stm32c5xx_hal_rcc.c.obj
                0x080039ac                HAL_RCC_GetHCLKFreq
 .text.HAL_RCC_GetPCLK1Freq
                0x080039cc       0x24 CMakeFiles/STM32C542_Project7.dir/stm32c5xx_drivers/hal/stm32c5xx_hal_rcc.c.obj
                0x080039cc                HAL_RCC_GetPCLK1Freq
 .text.HAL_RCC_GetPCLK2Freq
                0x080039f0       0x24 CMakeFiles/STM32C542_Project7.dir/stm32c5xx_drivers/hal/stm32c5xx_hal_rcc.c.obj
                0x080039f0                HAL_RCC_GetPCLK2Freq
 .text.HAL_RCC_GetPCLK3Freq
                0x08003a14       0x24 CMakeFiles/STM32C542_Project7.dir/stm32c5xx_drivers/hal/stm32c5xx_hal_rcc.c.obj
                0x08003a14                HAL_RCC_GetPCLK3Freq
 .text.HAL_RCC_USART1_SetKernelClkSource
                0x08003a38       0x1e CMakeFiles/STM32C542_Project7.dir/stm32c5xx_drivers/hal/stm32c5xx_hal_rcc.c.obj
                0x08003a38                HAL_RCC_USART1_SetKernelClkSource
 .text.HAL_RCC_ADCDAC_SetKernelClkSource
                0x08003a56       0x1e CMakeFiles/STM32C542_Project7.dir/stm32c5xx_drivers/hal/stm32c5xx_hal_rcc.c.obj
                0x08003a56                HAL_RCC_ADCDAC_SetKernelClkSource
 .text.HAL_RCC_ADCDAC_SetKernelClkPrescaler
                0x08003a74       0x1e CMakeFiles/STM32C542_Project7.dir/stm32c5xx_drivers/hal/stm32c5xx_hal_rcc.c.obj
                0x08003a74                HAL_RCC_ADCDAC_SetKernelClkPrescaler
 *fill*         0x08003a92        0x2 
 .text.HAL_RCC_UART_GetKernelClkFreq
                0x08003a94       0x88 CMakeFiles/STM32C542_Project7.dir/stm32c5xx_drivers/hal/stm32c5xx_hal_rcc.c.obj
                0x08003a94                HAL_RCC_UART_GetKernelClkFreq
 .text.HAL_RCC_USART1_GetKernelClkFreq
                0x08003b1c       0xbc CMakeFiles/STM32C542_Project7.dir/stm32c5xx_drivers/hal/stm32c5xx_hal_rcc.c.obj
                0x08003b1c                HAL_RCC_USART1_GetKernelClkFreq
 .text.HAL_RCC_USART2_GetKernelClkFreq
                0x08003bd8       0xc4 CMakeFiles/STM32C542_Project7.dir/stm32c5xx_drivers/hal/stm32c5xx_hal_rcc.c.obj
                0x08003bd8                HAL_RCC_USART2_GetKernelClkFreq
 .text.HAL_RCC_UART4_GetKernelClkFreq
                0x08003c9c       0xc4 CMakeFiles/STM32C542_Project7.dir/stm32c5xx_drivers/hal/stm32c5xx_hal_rcc.c.obj
                0x08003c9c                HAL_RCC_UART4_GetKernelClkFreq
 .text.HAL_RCC_UART5_GetKernelClkFreq
                0x08003d60       0xc4 CMakeFiles/STM32C542_Project7.dir/stm32c5xx_drivers/hal/stm32c5xx_hal_rcc.c.obj
                0x08003d60                HAL_RCC_UART5_GetKernelClkFreq
 .text.HAL_RCC_LPUART1_GetKernelClkFreq
                0x08003e24       0xb0 CMakeFiles/STM32C542_Project7.dir/stm32c5xx_drivers/hal/stm32c5xx_hal_rcc.c.obj
                0x08003e24                HAL_RCC_LPUART1_GetKernelClkFreq
 .text.HAL_RCC_GetSysTickExternalClkFreq
                0x08003ed4       0x58 CMakeFiles/STM32C542_Project7.dir/stm32c5xx_drivers/hal/stm32c5xx_hal_rcc.c.obj
                0x08003ed4                HAL_RCC_GetSysTickExternalClkFreq
 .text.RCC_WaitForTimeout
                0x08003f2c       0x54 CMakeFiles/STM32C542_Project7.dir/stm32c5xx_drivers/hal/stm32c5xx_hal_rcc.c.obj
 .text.RCC_GetDividerValue
                0x08003f80      0x132 CMakeFiles/STM32C542_Project7.dir/stm32c5xx_drivers/hal/stm32c5xx_hal_rcc.c.obj
 .text.LL_USART_Enable
                0x080040b2       0x20 CMakeFiles/STM32C542_Project7.dir/stm32c5xx_drivers/hal/stm32c5xx_hal_uart.c.obj
 .text.LL_USART_Disable
                0x080040d2       0x20 CMakeFiles/STM32C542_Project7.dir/stm32c5xx_drivers/hal/stm32c5xx_hal_uart.c.obj
 .text.LL_USART_IsEnabled
                0x080040f2       0x26 CMakeFiles/STM32C542_Project7.dir/stm32c5xx_drivers/hal/stm32c5xx_hal_uart.c.obj
 .text.LL_USART_ConfigXfer
                0x08004118       0x3c CMakeFiles/STM32C542_Project7.dir/stm32c5xx_drivers/hal/stm32c5xx_hal_uart.c.obj
 .text.LL_USART_IsEnabledDirectionRx
                0x08004154       0x26 CMakeFiles/STM32C542_Project7.dir/stm32c5xx_drivers/hal/stm32c5xx_hal_uart.c.obj
 .text.LL_USART_IsEnabledDirectionTx
                0x0800417a       0x26 CMakeFiles/STM32C542_Project7.dir/stm32c5xx_drivers/hal/stm32c5xx_hal_uart.c.obj
 .text.LL_USART_SetTransferDirection
                0x080041a0       0x48 CMakeFiles/STM32C542_Project7.dir/stm32c5xx_drivers/hal/stm32c5xx_hal_uart.c.obj
 .text.LL_USART_SetPrescaler
                0x080041e8       0x28 CMakeFiles/STM32C542_Project7.dir/stm32c5xx_drivers/hal/stm32c5xx_hal_uart.c.obj
 .text.LL_USART_SetHWFlowCtrl
                0x08004210       0x26 CMakeFiles/STM32C542_Project7.dir/stm32c5xx_drivers/hal/stm32c5xx_hal_uart.c.obj
 .text.LL_USART_EnableOneBitSample
                0x08004236       0x20 CMakeFiles/STM32C542_Project7.dir/stm32c5xx_drivers/hal/stm32c5xx_hal_uart.c.obj
 .text.LL_USART_DisableOneBitSample
                0x08004256       0x20 CMakeFiles/STM32C542_Project7.dir/stm32c5xx_drivers/hal/stm32c5xx_hal_uart.c.obj
 *fill*         0x08004276        0x2 
 .text.LL_USART_SetBaudRate
                0x08004278       0x9c CMakeFiles/STM32C542_Project7.dir/stm32c5xx_drivers/hal/stm32c5xx_hal_uart.c.obj
 .text.LL_USART_IsEnabledHalfDuplex
                0x08004314       0x26 CMakeFiles/STM32C542_Project7.dir/stm32c5xx_drivers/hal/stm32c5xx_hal_uart.c.obj
 .text.LL_USART_ConfigAsyncMode
                0x0800433a       0x2c CMakeFiles/STM32C542_Project7.dir/stm32c5xx_drivers/hal/stm32c5xx_hal_uart.c.obj
 .text.LL_USART_IsActiveFlag_RTO
                0x08004366       0x28 CMakeFiles/STM32C542_Project7.dir/stm32c5xx_drivers/hal/stm32c5xx_hal_uart.c.obj
 .text.LL_USART_IsActiveFlag_TEACK
                0x0800438e       0x28 CMakeFiles/STM32C542_Project7.dir/stm32c5xx_drivers/hal/stm32c5xx_hal_uart.c.obj
 .text.LL_USART_IsActiveFlag_REACK
                0x080043b6       0x28 CMakeFiles/STM32C542_Project7.dir/stm32c5xx_drivers/hal/stm32c5xx_hal_uart.c.obj
 .text.LL_USART_ClearFlag_RTO
                0x080043de       0x1c CMakeFiles/STM32C542_Project7.dir/stm32c5xx_drivers/hal/stm32c5xx_hal_uart.c.obj
 .text.LL_USART_DisableIT_CR1
                0x080043fa       0x46 CMakeFiles/STM32C542_Project7.dir/stm32c5xx_drivers/hal/stm32c5xx_hal_uart.c.obj
 .text.LL_USART_DisableIT_CR3
                0x08004440       0x4a CMakeFiles/STM32C542_Project7.dir/stm32c5xx_drivers/hal/stm32c5xx_hal_uart.c.obj
 .text.LL_USART_TransmitData8
                0x0800448a       0x1e CMakeFiles/STM32C542_Project7.dir/stm32c5xx_drivers/hal/stm32c5xx_hal_uart.c.obj
 .text.LL_USART_TransmitData9
                0x080044a8       0x22 CMakeFiles/STM32C542_Project7.dir/stm32c5xx_drivers/hal/stm32c5xx_hal_uart.c.obj
 *fill*         0x080044ca        0x2 
 .text.LL_LPUART_DIV
                0x080044cc       0x8c CMakeFiles/STM32C542_Project7.dir/stm32c5xx_drivers/hal/stm32c5xx_hal_uart.c.obj
 .text.LL_LPUART_ConfigXfer
                0x08004558       0x3c CMakeFiles/STM32C542_Project7.dir/stm32c5xx_drivers/hal/stm32c5xx_hal_uart.c.obj
 .text.LL_LPUART_SetBaudRate
                0x08004594       0x2c CMakeFiles/STM32C542_Project7.dir/stm32c5xx_drivers/hal/stm32c5xx_hal_uart.c.obj
 .text.HAL_UART_Init
                0x080045c0       0x52 CMakeFiles/STM32C542_Project7.dir/stm32c5xx_drivers/hal/stm32c5xx_hal_uart.c.obj
                0x080045c0                HAL_UART_Init
 *fill*         0x08004612        0x2 
 .text.HAL_UART_SetConfig
                0x08004614      0x12c CMakeFiles/STM32C542_Project7.dir/stm32c5xx_drivers/hal/stm32c5xx_hal_uart.c.obj
                0x08004614                HAL_UART_SetConfig
 .text.HAL_UART_Transmit
                0x08004740      0x12c CMakeFiles/STM32C542_Project7.dir/stm32c5xx_drivers/hal/stm32c5xx_hal_uart.c.obj
                0x08004740                HAL_UART_Transmit
 .text.UART_CheckEnabledState
                0x0800486c       0xb0 CMakeFiles/STM32C542_Project7.dir/stm32c5xx_drivers/hal/stm32c5xx_hal_uart.c.obj
 .text.UART_WaitOnFlagUntilTimeout
                0x0800491c       0xb6 CMakeFiles/STM32C542_Project7.dir/stm32c5xx_drivers/hal/stm32c5xx_hal_uart.c.obj
 .text._kill    0x080049d2       0x20 CMakeFiles/STM32C542_Project7.dir/utilities/syscalls/syscalls.c.obj
                0x080049d2                _kill
 .text._exit    0x080049f2       0x16 CMakeFiles/STM32C542_Project7.dir/utilities/syscalls/syscalls.c.obj
                0x080049f2                _exit
 .text._read    0x08004a08       0x3a CMakeFiles/STM32C542_Project7.dir/utilities/syscalls/syscalls.c.obj
                0x08004a08                _read
 .text._close   0x08004a42       0x18 CMakeFiles/STM32C542_Project7.dir/utilities/syscalls/syscalls.c.obj
                0x08004a42                _close
 .text._fstat   0x08004a5a       0x20 CMakeFiles/STM32C542_Project7.dir/utilities/syscalls/syscalls.c.obj
                0x08004a5a                _fstat
 .text._isatty  0x08004a7a       0x16 CMakeFiles/STM32C542_Project7.dir/utilities/syscalls/syscalls.c.obj
                0x08004a7a                _isatty
 .text._lseek   0x08004a90       0x1a CMakeFiles/STM32C542_Project7.dir/utilities/syscalls/syscalls.c.obj
                0x08004a90                _lseek
 *fill*         0x08004aaa        0x2 
 .text._sbrk    0x08004aac       0x6c CMakeFiles/STM32C542_Project7.dir/utilities/syscalls/sysmem.c.obj
                0x08004aac                _sbrk
 .text.printf   0x08004b18       0x24 C:/ST/STM32CubeIDE_2.1.1/STM32CubeIDE/plugins/com.st.stm32cube.ide.mcu.externaltools.gnu-tools-for-stm32.14.3.rel1.win32_1.0.100.202602081740/tools/bin/../lib/gcc/arm-none-eabi/14.3.1/../../../../arm-none-eabi/lib/thumb/v8-m.main+fp/hard\libc_nano.a(libc_a-printf.o)
                0x08004b18                iprintf
                0x08004b18                printf
 .text._puts_r  0x08004b3c       0xaa C:/ST/STM32CubeIDE_2.1.1/STM32CubeIDE/plugins/com.st.stm32cube.ide.mcu.externaltools.gnu-tools-for-stm32.14.3.rel1.win32_1.0.100.202602081740/tools/bin/../lib/gcc/arm-none-eabi/14.3.1/../../../../arm-none-eabi/lib/thumb/v8-m.main+fp/hard\libc_nano.a(libc_a-puts.o)
                0x08004b3c                _puts_r
 *fill*         0x08004be6        0x2 
 .text.puts     0x08004be8       0x10 C:/ST/STM32CubeIDE_2.1.1/STM32CubeIDE/plugins/com.st.stm32cube.ide.mcu.externaltools.gnu-tools-for-stm32.14.3.rel1.win32_1.0.100.202602081740/tools/bin/../lib/gcc/arm-none-eabi/14.3.1/../../../../arm-none-eabi/lib/thumb/v8-m.main+fp/hard\libc_nano.a(libc_a-puts.o)
                0x08004be8                puts
 .text.__swbuf_r
                0x08004bf8       0x7c C:/ST/STM32CubeIDE_2.1.1/STM32CubeIDE/plugins/com.st.stm32cube.ide.mcu.externaltools.gnu-tools-for-stm32.14.3.rel1.win32_1.0.100.202602081740/tools/bin/../lib/gcc/arm-none-eabi/14.3.1/../../../../arm-none-eabi/lib/thumb/v8-m.main+fp/hard\libc_nano.a(libc_a-wbuf.o)
                0x08004bf8                __swbuf_r
 .text.__swsetup_r
                0x08004c74       0xa8 C:/ST/STM32CubeIDE_2.1.1/STM32CubeIDE/plugins/com.st.stm32cube.ide.mcu.externaltools.gnu-tools-for-stm32.14.3.rel1.win32_1.0.100.202602081740/tools/bin/../lib/gcc/arm-none-eabi/14.3.1/../../../../arm-none-eabi/lib/thumb/v8-m.main+fp/hard\libc_nano.a(libc_a-wsetup.o)
                0x08004c74                __swsetup_r
 .text.__errno  0x08004d1c        0xc C:/ST/STM32CubeIDE_2.1.1/STM32CubeIDE/plugins/com.st.stm32cube.ide.mcu.externaltools.gnu-tools-for-stm32.14.3.rel1.win32_1.0.100.202602081740/tools/bin/../lib/gcc/arm-none-eabi/14.3.1/../../../../arm-none-eabi/lib/thumb/v8-m.main+fp/hard\libc_nano.a(libc_a-errno.o)
                0x08004d1c                __errno
 .text.__sfputc_r
                0x08004d28       0x2e C:/ST/STM32CubeIDE_2.1.1/STM32CubeIDE/plugins/com.st.stm32cube.ide.mcu.externaltools.gnu-tools-for-stm32.14.3.rel1.win32_1.0.100.202602081740/tools/bin/../lib/gcc/arm-none-eabi/14.3.1/../../../../arm-none-eabi/lib/thumb/v8-m.main+fp/hard\libc_nano.a(libc_a-nano-vfprintf.o)
 .text.__sfputs_r
                0x08004d56       0x24 C:/ST/STM32CubeIDE_2.1.1/STM32CubeIDE/plugins/com.st.stm32cube.ide.mcu.externaltools.gnu-tools-for-stm32.14.3.rel1.win32_1.0.100.202602081740/tools/bin/../lib/gcc/arm-none-eabi/14.3.1/../../../../arm-none-eabi/lib/thumb/v8-m.main+fp/hard\libc_nano.a(libc_a-nano-vfprintf.o)
                0x08004d56                __sfputs_r
 *fill*         0x08004d7a        0x2 
 .text._vfprintf_r
                0x08004d7c      0x228 C:/ST/STM32CubeIDE_2.1.1/STM32CubeIDE/plugins/com.st.stm32cube.ide.mcu.externaltools.gnu-tools-for-stm32.14.3.rel1.win32_1.0.100.202602081740/tools/bin/../lib/gcc/arm-none-eabi/14.3.1/../../../../arm-none-eabi/lib/thumb/v8-m.main+fp/hard\libc_nano.a(libc_a-nano-vfprintf.o)
                0x08004d7c                _vfprintf_r
                0x08004d7c                _vfiprintf_r
 .text._printf_common
                0x08004fa4       0xe4 C:/ST/STM32CubeIDE_2.1.1/STM32CubeIDE/plugins/com.st.stm32cube.ide.mcu.externaltools.gnu-tools-for-stm32.14.3.rel1.win32_1.0.100.202602081740/tools/bin/../lib/gcc/arm-none-eabi/14.3.1/../../../../arm-none-eabi/lib/thumb/v8-m.main+fp/hard\libc_nano.a(libc_a-nano-vfprintf_i.o)
                0x08004fa4                _printf_common
 .text._printf_i
                0x08005088      0x24c C:/ST/STM32CubeIDE_2.1.1/STM32CubeIDE/plugins/com.st.stm32cube.ide.mcu.externaltools.gnu-tools-for-stm32.14.3.rel1.win32_1.0.100.202602081740/tools/bin/../lib/gcc/arm-none-eabi/14.3.1/../../../../arm-none-eabi/lib/thumb/v8-m.main+fp/hard\libc_nano.a(libc_a-nano-vfprintf_i.o)
                0x08005088                _printf_i
 .text.__swhatbuf_r
                0x080052d4       0x48 C:/ST/STM32CubeIDE_2.1.1/STM32CubeIDE/plugins/com.st.stm32cube.ide.mcu.externaltools.gnu-tools-for-stm32.14.3.rel1.win32_1.0.100.202602081740/tools/bin/../lib/gcc/arm-none-eabi/14.3.1/../../../../arm-none-eabi/lib/thumb/v8-m.main+fp/hard\libc_nano.a(libc_a-makebuf.o)
                0x080052d4                __swhatbuf_r
 .text.__smakebuf_r
                0x0800531c       0x72 C:/ST/STM32CubeIDE_2.1.1/STM32CubeIDE/plugins/com.st.stm32cube.ide.mcu.externaltools.gnu-tools-for-stm32.14.3.rel1.win32_1.0.100.202602081740/tools/bin/../lib/gcc/arm-none-eabi/14.3.1/../../../../arm-none-eabi/lib/thumb/v8-m.main+fp/hard\libc_nano.a(libc_a-makebuf.o)
                0x0800531c                __smakebuf_r
 *fill*         0x0800538e        0x2 
 .text._fstat_r
                0x08005390       0x24 C:/ST/STM32CubeIDE_2.1.1/STM32CubeIDE/plugins/com.st.stm32cube.ide.mcu.externaltools.gnu-tools-for-stm32.14.3.rel1.win32_1.0.100.202602081740/tools/bin/../lib/gcc/arm-none-eabi/14.3.1/../../../../arm-none-eabi/lib/thumb/v8-m.main+fp/hard\libc_nano.a(libc_a-fstatr.o)
                0x08005390                _fstat_r
 .text._isatty_r
                0x080053b4       0x20 C:/ST/STM32CubeIDE_2.1.1/STM32CubeIDE/plugins/com.st.stm32cube.ide.mcu.externaltools.gnu-tools-for-stm32.14.3.rel1.win32_1.0.100.202602081740/tools/bin/../lib/gcc/arm-none-eabi/14.3.1/../../../../arm-none-eabi/lib/thumb/v8-m.main+fp/hard\libc_nano.a(libc_a-isattyr.o)
                0x080053b4                _isatty_r
 .text.memchr   0x080053d4       0x1c C:/ST/STM32CubeIDE_2.1.1/STM32CubeIDE/plugins/com.st.stm32cube.ide.mcu.externaltools.gnu-tools-for-stm32.14.3.rel1.win32_1.0.100.202602081740/tools/bin/../lib/gcc/arm-none-eabi/14.3.1/../../../../arm-none-eabi/lib/thumb/v8-m.main+fp/hard\libc_nano.a(libc_a-memchr-stub.o)
                0x080053d4                memchr
 *(.glue_7)
 .glue_7        0x080053f0        0x0 linker stubs
 *(.glue_7t)
 .glue_7t       0x080053f0        0x0 linker stubs
 *(.eh_frame)
 .eh_frame      0x080053f0        0x0 C:/ST/STM32CubeIDE_2.1.1/STM32CubeIDE/plugins/com.st.stm32cube.ide.mcu.externaltools.gnu-tools-for-stm32.14.3.rel1.win32_1.0.100.202602081740/tools/bin/../lib/gcc/arm-none-eabi/14.3.1/thumb/v8-m.main+fp/hard/crtbegin.o
 *(.init)
 .init          0x080053f0        0x4 C:/ST/STM32CubeIDE_2.1.1/STM32CubeIDE/plugins/com.st.stm32cube.ide.mcu.externaltools.gnu-tools-for-stm32.14.3.rel1.win32_1.0.100.202602081740/tools/bin/../lib/gcc/arm-none-eabi/14.3.1/thumb/v8-m.main+fp/hard/crti.o
                0x080053f0                _init
 .init          0x080053f4        0x8 C:/ST/STM32CubeIDE_2.1.1/STM32CubeIDE/plugins/com.st.stm32cube.ide.mcu.externaltools.gnu-tools-for-stm32.14.3.rel1.win32_1.0.100.202602081740/tools/bin/../lib/gcc/arm-none-eabi/14.3.1/thumb/v8-m.main+fp/hard/crtn.o
 *(.fini)
 .fini          0x080053fc        0x4 C:/ST/STM32CubeIDE_2.1.1/STM32CubeIDE/plugins/com.st.stm32cube.ide.mcu.externaltools.gnu-tools-for-stm32.14.3.rel1.win32_1.0.100.202602081740/tools/bin/../lib/gcc/arm-none-eabi/14.3.1/thumb/v8-m.main+fp/hard/crti.o
                0x080053fc                _fini
 .fini          0x08005400        0x8 C:/ST/STM32CubeIDE_2.1.1/STM32CubeIDE/plugins/com.st.stm32cube.ide.mcu.externaltools.gnu-tools-for-stm32.14.3.rel1.win32_1.0.100.202602081740/tools/bin/../lib/gcc/arm-none-eabi/14.3.1/thumb/v8-m.main+fp/hard/crtn.o
                0x08005408                        . = ALIGN (0x8)
                0x08005408                        _etext = .

.vfp11_veneer   0x08005408        0x0
 .vfp11_veneer  0x08005408        0x0 linker stubs

.v4_bx          0x08005408        0x0
 .v4_bx         0x08005408        0x0 linker stubs

.iplt           0x08005408        0x0
 .iplt          0x08005408        0x0 C:/ST/STM32CubeIDE_2.1.1/STM32CubeIDE/plugins/com.st.stm32cube.ide.mcu.externaltools.gnu-tools-for-stm32.14.3.rel1.win32_1.0.100.202602081740/tools/bin/../lib/gcc/arm-none-eabi/14.3.1/thumb/v8-m.main+fp/hard/crtbegin.o

.rodata         0x08005408      0x1b0
                0x08005408                        . = ALIGN (0x8)
 *(.rodata)
 .rodata        0x08005408       0xad CMakeFiles/STM32C542_Project7.dir/main.c.obj
 *(.rodata*)
 *fill*         0x080054b5        0x3 
 .rodata.AHBPrescTable
                0x080054b8       0x10 CMakeFiles/STM32C542_Project7.dir/user_modifiable/Device/STM32C542CCT6/system_stm32c5xx.c.obj
                0x080054b8                AHBPrescTable
 .rodata.APBPrescTable
                0x080054c8        0x8 CMakeFiles/STM32C542_Project7.dir/user_modifiable/Device/STM32C542CCT6/system_stm32c5xx.c.obj
                0x080054c8                APBPrescTable
 .rodata.LL_ADC_CHANNEL_LUT
                0x080054d0       0x40 CMakeFiles/STM32C542_Project7.dir/stm32c5xx_drivers/hal/stm32c5xx_hal_adc.c.obj
 .rodata.lut_ch
                0x08005510        0x8 CMakeFiles/STM32C542_Project7.dir/stm32c5xx_drivers/hal/stm32c5xx_hal_dac.c.obj
 .rodata.lut_ch_shift
                0x08005518        0x8 CMakeFiles/STM32C542_Project7.dir/stm32c5xx_drivers/hal/stm32c5xx_hal_dac.c.obj
 .rodata.USART_PRESCALER_TAB
                0x08005520       0x40 CMakeFiles/STM32C542_Project7.dir/stm32c5xx_drivers/hal/stm32c5xx_hal_uart.c.obj
 .rodata.LL_LPUART_PRESCALER_TAB
                0x08005560       0x20 CMakeFiles/STM32C542_Project7.dir/stm32c5xx_drivers/hal/stm32c5xx_hal_uart.c.obj
 .rodata._vfprintf_r.str1.1
                0x08005580       0x33 C:/ST/STM32CubeIDE_2.1.1/STM32CubeIDE/plugins/com.st.stm32cube.ide.mcu.externaltools.gnu-tools-for-stm32.14.3.rel1.win32_1.0.100.202602081740/tools/bin/../lib/gcc/arm-none-eabi/14.3.1/../../../../arm-none-eabi/lib/thumb/v8-m.main+fp/hard\libc_nano.a(libc_a-nano-vfprintf.o)
                                 0x11 (size before relaxing)
 .rodata._printf_i.str1.1
                0x080055b3       0x22 C:/ST/STM32CubeIDE_2.1.1/STM32CubeIDE/plugins/com.st.stm32cube.ide.mcu.externaltools.gnu-tools-for-stm32.14.3.rel1.win32_1.0.100.202602081740/tools/bin/../lib/gcc/arm-none-eabi/14.3.1/../../../../arm-none-eabi/lib/thumb/v8-m.main+fp/hard\libc_nano.a(libc_a-nano-vfprintf_i.o)
                0x080055d8                        . = ALIGN (0x8)
 *fill*         0x080055b3        0x5 

.ARM.extab      0x080055b8        0x0
                0x080055b8                        . = ALIGN (0x8)
 *(.ARM.extab* .gnu.linkonce.armextab.*)
                0x080055b8                        . = ALIGN (0x8)

.ARM            0x080055b8        0x8
                0x080055b8                        . = ALIGN (0x8)
                0x080055b8                        __exidx_start = .
 *(.ARM.exidx*)
 .ARM.exidx     0x080055b8        0x8 C:/ST/STM32CubeIDE_2.1.1/STM32CubeIDE/plugins/com.st.stm32cube.ide.mcu.externaltools.gnu-tools-for-stm32.14.3.rel1.win32_1.0.100.202602081740/tools/bin/../lib/gcc/arm-none-eabi/14.3.1/../../../../arm-none-eabi/lib/thumb/v8-m.main+fp/hard/crt0.o
                                 0x10 (size before relaxing)
 .ARM.exidx     0x080055c0        0x0 C:/ST/STM32CubeIDE_2.1.1/STM32CubeIDE/plugins/com.st.stm32cube.ide.mcu.externaltools.gnu-tools-for-stm32.14.3.rel1.win32_1.0.100.202602081740/tools/bin/../lib/gcc/arm-none-eabi/14.3.1/thumb/v8-m.main+fp/hard\libgcc.a(_udivmoddi4.o)
                                  0x8 (size before relaxing)
                0x080055c0                        __exidx_end = .
                0x080055c0                        . = ALIGN (0x8)

.preinit_array  0x080055c0        0x0
                0x080055c0                        . = ALIGN (0x8)
                0x080055c0                        PROVIDE (__preinit_array_start = .)
 *(.preinit_array*)
                0x080055c0                        PROVIDE (__preinit_array_end = .)
                0x080055c0                        . = ALIGN (0x8)

.init_array     0x080055c0        0x8
                0x080055c0                        . = ALIGN (0x8)
                0x080055c0                        PROVIDE (__init_array_start = .)
 *(SORT_BY_NAME(.init_array.*))
 *(.init_array*)
 .init_array    0x080055c0        0x4 C:/ST/STM32CubeIDE_2.1.1/STM32CubeIDE/plugins/com.st.stm32cube.ide.mcu.externaltools.gnu-tools-for-stm32.14.3.rel1.win32_1.0.100.202602081740/tools/bin/../lib/gcc/arm-none-eabi/14.3.1/thumb/v8-m.main+fp/hard/crtbegin.o
                0x080055c4                        PROVIDE (__init_array_end = .)
                0x080055c8                        . = ALIGN (0x8)
 *fill*         0x080055c4        0x4 

.fini_array     0x080055c8        0x8
                0x080055c8                        . = ALIGN (0x8)
                [!provide]                        PROVIDE (__fini_array_start = .)
 *(SORT_BY_NAME(.fini_array.*))
 *(.fini_array*)
 .fini_array    0x080055c8        0x4 C:/ST/STM32CubeIDE_2.1.1/STM32CubeIDE/plugins/com.st.stm32cube.ide.mcu.externaltools.gnu-tools-for-stm32.14.3.rel1.win32_1.0.100.202602081740/tools/bin/../lib/gcc/arm-none-eabi/14.3.1/thumb/v8-m.main+fp/hard/crtbegin.o
                [!provide]                        PROVIDE (__fini_array_end = .)
                0x080055d0                        . = ALIGN (0x8)
 *fill*         0x080055cc        0x4 

.copy.table     0x080055d0        0xc
                0x080055d0                        . = ALIGN (0x8)
                0x080055d0                        __copy_table_start__ = .
                0x080055d0        0x4 LONG 0x80055e8 LOADADDR (.data)
                0x080055d4        0x4 LONG 0x20000000 ADDR (.data)
                0x080055d8        0x4 LONG 0x1a (SIZEOF (.data) / 0x4)
                0x080055dc                        __copy_table_end__ = .

.zero.table     0x080055dc        0xc
                0x080055e0                        . = ALIGN (0x8)
 *fill*         0x080055dc        0x4 
                0x080055e0                        __zero_table_start__ = .
                0x080055e0        0x4 LONG 0x20000068 ADDR (.bss)
                0x080055e4        0x4 LONG 0x7a (SIZEOF (.bss) / 0x4)
                0x080055e8                        __zero_table_end__ = .

.rel.dyn        0x080055e8        0x0
 .rel.iplt      0x080055e8        0x0 C:/ST/STM32CubeIDE_2.1.1/STM32CubeIDE/plugins/com.st.stm32cube.ide.mcu.externaltools.gnu-tools-for-stm32.14.3.rel1.win32_1.0.100.202602081740/tools/bin/../lib/gcc/arm-none-eabi/14.3.1/thumb/v8-m.main+fp/hard/crtbegin.o

.data           0x20000000       0x68 load address 0x080055e8
                0x20000000                        . = ALIGN (0x8)
                0x080055e8                        _sidata = LOADADDR (.data)
                0x20000000                        __data_start__ = .
                0x20000000                        _sdata = .
 *(.data)
 *(.data*)
 .data.__sglue  0x20000000        0xc C:/ST/STM32CubeIDE_2.1.1/STM32CubeIDE/plugins/com.st.stm32cube.ide.mcu.externaltools.gnu-tools-for-stm32.14.3.rel1.win32_1.0.100.202602081740/tools/bin/../lib/gcc/arm-none-eabi/14.3.1/../../../../arm-none-eabi/lib/thumb/v8-m.main+fp/hard\libc_nano.a(libc_a-findfp.o)
                0x20000000                __sglue
 .data._impure_ptr
                0x2000000c        0x4 C:/ST/STM32CubeIDE_2.1.1/STM32CubeIDE/plugins/com.st.stm32cube.ide.mcu.externaltools.gnu-tools-for-stm32.14.3.rel1.win32_1.0.100.202602081740/tools/bin/../lib/gcc/arm-none-eabi/14.3.1/../../../../arm-none-eabi/lib/thumb/v8-m.main+fp/hard\libc_nano.a(libc_a-impure.o)
                0x2000000c                _impure_ptr
 .data._impure_data
                0x20000010       0x4c C:/ST/STM32CubeIDE_2.1.1/STM32CubeIDE/plugins/com.st.stm32cube.ide.mcu.externaltools.gnu-tools-for-stm32.14.3.rel1.win32_1.0.100.202602081740/tools/bin/../lib/gcc/arm-none-eabi/14.3.1/../../../../arm-none-eabi/lib/thumb/v8-m.main+fp/hard\libc_nano.a(libc_a-impure.o)
                0x20000010                _impure_data
 .data.SystemCoreClock
                0x2000005c        0x4 CMakeFiles/STM32C542_Project7.dir/user_modifiable/Device/STM32C542CCT6/system_stm32c5xx.c.obj
                0x2000005c                SystemCoreClock
 .data.uwTickPrio
                0x20000060        0x4 CMakeFiles/STM32C542_Project7.dir/stm32c5xx_drivers/hal/stm32c5xx_hal.c.obj
                0x20000060                uwTickPrio
 .data.uwTickFreq
                0x20000064        0x1 CMakeFiles/STM32C542_Project7.dir/stm32c5xx_drivers/hal/stm32c5xx_hal.c.obj
                0x20000064                uwTickFreq
                0x20000068                        . = ALIGN (0x8)
 *fill*         0x20000065        0x3 
                0x20000068                        _edata = .

.igot.plt       0x20000068        0x0 load address 0x08005650
 .igot.plt      0x20000068        0x0 C:/ST/STM32CubeIDE_2.1.1/STM32CubeIDE/plugins/com.st.stm32cube.ide.mcu.externaltools.gnu-tools-for-stm32.14.3.rel1.win32_1.0.100.202602081740/tools/bin/../lib/gcc/arm-none-eabi/14.3.1/thumb/v8-m.main+fp/hard/crtbegin.o

.bss            0x20000068      0x1e8 load address 0x08005650
                0x20000068                        . = ALIGN (0x8)
                0x20000068                        _sbss = .
                0x20000068                        __bss_start__ = _sbss
 *(.bss)
 .bss           0x20000068       0x1c C:/ST/STM32CubeIDE_2.1.1/STM32CubeIDE/plugins/com.st.stm32cube.ide.mcu.externaltools.gnu-tools-for-stm32.14.3.rel1.win32_1.0.100.202602081740/tools/bin/../lib/gcc/arm-none-eabi/14.3.1/thumb/v8-m.main+fp/hard/crtbegin.o
 *(.bss*)
 .bss.__sf      0x20000084      0x138 C:/ST/STM32CubeIDE_2.1.1/STM32CubeIDE/plugins/com.st.stm32cube.ide.mcu.externaltools.gnu-tools-for-stm32.14.3.rel1.win32_1.0.100.202602081740/tools/bin/../lib/gcc/arm-none-eabi/14.3.1/../../../../arm-none-eabi/lib/thumb/v8-m.main+fp/hard\libc_nano.a(libc_a-findfp.o)
                0x20000084                __sf
 .bss.__stdio_exit_handler
                0x200001bc        0x4 C:/ST/STM32CubeIDE_2.1.1/STM32CubeIDE/plugins/com.st.stm32cube.ide.mcu.externaltools.gnu-tools-for-stm32.14.3.rel1.win32_1.0.100.202602081740/tools/bin/../lib/gcc/arm-none-eabi/14.3.1/../../../../arm-none-eabi/lib/thumb/v8-m.main+fp/hard\libc_nano.a(libc_a-findfp.o)
                0x200001bc                __stdio_exit_handler
 .bss.errno     0x200001c0        0x4 C:/ST/STM32CubeIDE_2.1.1/STM32CubeIDE/plugins/com.st.stm32cube.ide.mcu.externaltools.gnu-tools-for-stm32.14.3.rel1.win32_1.0.100.202602081740/tools/bin/../lib/gcc/arm-none-eabi/14.3.1/../../../../arm-none-eabi/lib/thumb/v8-m.main+fp/hard\libc_nano.a(libc_a-reent.o)
                0x200001c0                errno
 .bss.__lock___malloc_recursive_mutex
                0x200001c4        0x1 C:/ST/STM32CubeIDE_2.1.1/STM32CubeIDE/plugins/com.st.stm32cube.ide.mcu.externaltools.gnu-tools-for-stm32.14.3.rel1.win32_1.0.100.202602081740/tools/bin/../lib/gcc/arm-none-eabi/14.3.1/../../../../arm-none-eabi/lib/thumb/v8-m.main+fp/hard\libc_nano.a(libc_a-lock.o)
                0x200001c4                __lock___malloc_recursive_mutex
 .bss.__lock___sfp_recursive_mutex
                0x200001c5        0x1 C:/ST/STM32CubeIDE_2.1.1/STM32CubeIDE/plugins/com.st.stm32cube.ide.mcu.externaltools.gnu-tools-for-stm32.14.3.rel1.win32_1.0.100.202602081740/tools/bin/../lib/gcc/arm-none-eabi/14.3.1/../../../../arm-none-eabi/lib/thumb/v8-m.main+fp/hard\libc_nano.a(libc_a-lock.o)
                0x200001c5                __lock___sfp_recursive_mutex
 *fill*         0x200001c6        0x2 
 .bss.__malloc_sbrk_start
                0x200001c8        0x4 C:/ST/STM32CubeIDE_2.1.1/STM32CubeIDE/plugins/com.st.stm32cube.ide.mcu.externaltools.gnu-tools-for-stm32.14.3.rel1.win32_1.0.100.202602081740/tools/bin/../lib/gcc/arm-none-eabi/14.3.1/../../../../arm-none-eabi/lib/thumb/v8-m.main+fp/hard\libc_nano.a(libc_a-mallocr.o)
                0x200001c8                __malloc_sbrk_start
 .bss.__malloc_free_list
                0x200001cc        0x4 C:/ST/STM32CubeIDE_2.1.1/STM32CubeIDE/plugins/com.st.stm32cube.ide.mcu.externaltools.gnu-tools-for-stm32.14.3.rel1.win32_1.0.100.202602081740/tools/bin/../lib/gcc/arm-none-eabi/14.3.1/../../../../arm-none-eabi/lib/thumb/v8-m.main+fp/hard\libc_nano.a(libc_a-mallocr.o)
                0x200001cc                __malloc_free_list
 .bss.hADC1     0x200001d0       0x18 CMakeFiles/STM32C542_Project7.dir/generated/hal/mx_adc1.c.obj
 .bss.hDAC1     0x200001e8       0x18 CMakeFiles/STM32C542_Project7.dir/generated/hal/mx_dac1.c.obj
 .bss.hICACHE   0x20000200        0x8 CMakeFiles/STM32C542_Project7.dir/generated/hal/mx_icache.c.obj
 .bss.hUSART1   0x20000208       0x3c CMakeFiles/STM32C542_Project7.dir/generated/hal/mx_usart1.c.obj
 .bss.uwTick    0x20000244        0x4 CMakeFiles/STM32C542_Project7.dir/stm32c5xx_drivers/hal/stm32c5xx_hal.c.obj
                0x20000244                uwTick
 .bss.__sbrk_heap_end
                0x20000248        0x4 CMakeFiles/STM32C542_Project7.dir/utilities/syscalls/sysmem.c.obj
 *(COMMON)
                0x20000250                        . = ALIGN (0x8)
 *fill*         0x2000024c        0x4 
                0x20000250                        _ebss = .
                0x20000250                        __bss_end__ = _ebss

.heap           0x20000250      0x200 load address 0x08005650
                0x20000250                        . = ALIGN (0x8)
                0x20000250                        __end__ = .
                [!provide]                        PROVIDE (end = .)
                0x20000250                        _heap_start = .
                0x20000450                        . = (. + HEAP_SIZE)
 *fill*         0x20000250      0x200 
                0x20000450                        . = ALIGN (0x8)
                0x20000450                        _heap_end = .
                0x20000450                        __HeapLimit = .

.stack          0x20000450      0x400 load address 0x08005650
                0x20000450                        . = ALIGN (0x8)
                0x20000450                        __StackLimit = .
                0x20000850                        . = (. + STACK_SIZE)
 *fill*         0x20000450      0x400 
                0x20000850                        . = ALIGN (0x8)
                0x20000850                        __StackTop = .
                0x20000850                        _estack = .
                0x20000850                        __stack = .

/DISCARD/
 libc.a(*)
 libm.a(*)
 libgcc.a(*)

.ARM.attributes
                0x00000000       0x36
 *(.ARM.attributes)
 .ARM.attributes
                0x00000000       0x26 C:/ST/STM32CubeIDE_2.1.1/STM32CubeIDE/plugins/com.st.stm32cube.ide.mcu.externaltools.gnu-tools-for-stm32.14.3.rel1.win32_1.0.100.202602081740/tools/bin/../lib/gcc/arm-none-eabi/14.3.1/thumb/v8-m.main+fp/hard/crti.o
 .ARM.attributes
                0x00000026       0x38 C:/ST/STM32CubeIDE_2.1.1/STM32CubeIDE/plugins/com.st.stm32cube.ide.mcu.externaltools.gnu-tools-for-stm32.14.3.rel1.win32_1.0.100.202602081740/tools/bin/../lib/gcc/arm-none-eabi/14.3.1/thumb/v8-m.main+fp/hard/crtbegin.o
 .ARM.attributes
                0x0000005e       0x24 C:/ST/STM32CubeIDE_2.1.1/STM32CubeIDE/plugins/com.st.stm32cube.ide.mcu.externaltools.gnu-tools-for-stm32.14.3.rel1.win32_1.0.100.202602081740/tools/bin/../lib/gcc/arm-none-eabi/14.3.1/../../../../arm-none-eabi/lib/thumb/v8-m.main+fp/hard/crt0.o
 .ARM.attributes
                0x00000082       0x38 C:/ST/STM32CubeIDE_2.1.1/STM32CubeIDE/plugins/com.st.stm32cube.ide.mcu.externaltools.gnu-tools-for-stm32.14.3.rel1.win32_1.0.100.202602081740/tools/bin/../lib/gcc/arm-none-eabi/14.3.1/../../../../arm-none-eabi/lib/thumb/v8-m.main+fp/hard\libc_nano.a(libc_a-exit.o)
 .ARM.attributes
                0x000000ba       0x38 C:/ST/STM32CubeIDE_2.1.1/STM32CubeIDE/plugins/com.st.stm32cube.ide.mcu.externaltools.gnu-tools-for-stm32.14.3.rel1.win32_1.0.100.202602081740/tools/bin/../lib/gcc/arm-none-eabi/14.3.1/../../../../arm-none-eabi/lib/thumb/v8-m.main+fp/hard\libc_nano.a(libc_a-findfp.o)
 .ARM.attributes
                0x000000f2       0x38 C:/ST/STM32CubeIDE_2.1.1/STM32CubeIDE/plugins/com.st.stm32cube.ide.mcu.externaltools.gnu-tools-for-stm32.14.3.rel1.win32_1.0.100.202602081740/tools/bin/../lib/gcc/arm-none-eabi/14.3.1/../../../../arm-none-eabi/lib/thumb/v8-m.main+fp/hard\libc_nano.a(libc_a-fwalk.o)
 .ARM.attributes
                0x0000012a       0x38 C:/ST/STM32CubeIDE_2.1.1/STM32CubeIDE/plugins/com.st.stm32cube.ide.mcu.externaltools.gnu-tools-for-stm32.14.3.rel1.win32_1.0.100.202602081740/tools/bin/../lib/gcc/arm-none-eabi/14.3.1/../../../../arm-none-eabi/lib/thumb/v8-m.main+fp/hard\libc_nano.a(libc_a-stdio.o)
 .ARM.attributes
                0x00000162       0x38 C:/ST/STM32CubeIDE_2.1.1/STM32CubeIDE/plugins/com.st.stm32cube.ide.mcu.externaltools.gnu-tools-for-stm32.14.3.rel1.win32_1.0.100.202602081740/tools/bin/../lib/gcc/arm-none-eabi/14.3.1/../../../../arm-none-eabi/lib/thumb/v8-m.main+fp/hard\libc_nano.a(libc_a-memset.o)
 .ARM.attributes
                0x0000019a       0x38 C:/ST/STM32CubeIDE_2.1.1/STM32CubeIDE/plugins/com.st.stm32cube.ide.mcu.externaltools.gnu-tools-for-stm32.14.3.rel1.win32_1.0.100.202602081740/tools/bin/../lib/gcc/arm-none-eabi/14.3.1/../../../../arm-none-eabi/lib/thumb/v8-m.main+fp/hard\libc_nano.a(libc_a-closer.o)
 .ARM.attributes
                0x000001d2       0x38 C:/ST/STM32CubeIDE_2.1.1/STM32CubeIDE/plugins/com.st.stm32cube.ide.mcu.externaltools.gnu-tools-for-stm32.14.3.rel1.win32_1.0.100.202602081740/tools/bin/../lib/gcc/arm-none-eabi/14.3.1/../../../../arm-none-eabi/lib/thumb/v8-m.main+fp/hard\libc_nano.a(libc_a-reent.o)
 .ARM.attributes
                0x0000020a       0x38 C:/ST/STM32CubeIDE_2.1.1/STM32CubeIDE/plugins/com.st.stm32cube.ide.mcu.externaltools.gnu-tools-for-stm32.14.3.rel1.win32_1.0.100.202602081740/tools/bin/../lib/gcc/arm-none-eabi/14.3.1/../../../../arm-none-eabi/lib/thumb/v8-m.main+fp/hard\libc_nano.a(libc_a-impure.o)
 .ARM.attributes
                0x00000242       0x38 C:/ST/STM32CubeIDE_2.1.1/STM32CubeIDE/plugins/com.st.stm32cube.ide.mcu.externaltools.gnu-tools-for-stm32.14.3.rel1.win32_1.0.100.202602081740/tools/bin/../lib/gcc/arm-none-eabi/14.3.1/../../../../arm-none-eabi/lib/thumb/v8-m.main+fp/hard\libc_nano.a(libc_a-lseekr.o)
 .ARM.attributes
                0x0000027a       0x38 C:/ST/STM32CubeIDE_2.1.1/STM32CubeIDE/plugins/com.st.stm32cube.ide.mcu.externaltools.gnu-tools-for-stm32.14.3.rel1.win32_1.0.100.202602081740/tools/bin/../lib/gcc/arm-none-eabi/14.3.1/../../../../arm-none-eabi/lib/thumb/v8-m.main+fp/hard\libc_nano.a(libc_a-readr.o)
 .ARM.attributes
                0x000002b2       0x38 C:/ST/STM32CubeIDE_2.1.1/STM32CubeIDE/plugins/com.st.stm32cube.ide.mcu.externaltools.gnu-tools-for-stm32.14.3.rel1.win32_1.0.100.202602081740/tools/bin/../lib/gcc/arm-none-eabi/14.3.1/../../../../arm-none-eabi/lib/thumb/v8-m.main+fp/hard\libc_nano.a(libc_a-writer.o)
 .ARM.attributes
                0x000002ea       0x38 C:/ST/STM32CubeIDE_2.1.1/STM32CubeIDE/plugins/com.st.stm32cube.ide.mcu.externaltools.gnu-tools-for-stm32.14.3.rel1.win32_1.0.100.202602081740/tools/bin/../lib/gcc/arm-none-eabi/14.3.1/../../../../arm-none-eabi/lib/thumb/v8-m.main+fp/hard\libc_nano.a(libc_a-init.o)
 .ARM.attributes
                0x00000322       0x38 C:/ST/STM32CubeIDE_2.1.1/STM32CubeIDE/plugins/com.st.stm32cube.ide.mcu.externaltools.gnu-tools-for-stm32.14.3.rel1.win32_1.0.100.202602081740/tools/bin/../lib/gcc/arm-none-eabi/14.3.1/../../../../arm-none-eabi/lib/thumb/v8-m.main+fp/hard\libc_nano.a(libc_a-lock.o)
 .ARM.attributes
                0x0000035a       0x38 C:/ST/STM32CubeIDE_2.1.1/STM32CubeIDE/plugins/com.st.stm32cube.ide.mcu.externaltools.gnu-tools-for-stm32.14.3.rel1.win32_1.0.100.202602081740/tools/bin/../lib/gcc/arm-none-eabi/14.3.1/../../../../arm-none-eabi/lib/thumb/v8-m.main+fp/hard\libc_nano.a(libc_a-freer.o)
 .ARM.attributes
                0x00000392       0x38 C:/ST/STM32CubeIDE_2.1.1/STM32CubeIDE/plugins/com.st.stm32cube.ide.mcu.externaltools.gnu-tools-for-stm32.14.3.rel1.win32_1.0.100.202602081740/tools/bin/../lib/gcc/arm-none-eabi/14.3.1/../../../../arm-none-eabi/lib/thumb/v8-m.main+fp/hard\libc_nano.a(libc_a-mallocr.o)
 .ARM.attributes
                0x000003ca       0x38 C:/ST/STM32CubeIDE_2.1.1/STM32CubeIDE/plugins/com.st.stm32cube.ide.mcu.externaltools.gnu-tools-for-stm32.14.3.rel1.win32_1.0.100.202602081740/tools/bin/../lib/gcc/arm-none-eabi/14.3.1/../../../../arm-none-eabi/lib/thumb/v8-m.main+fp/hard\libc_nano.a(libc_a-mlock.o)
 .ARM.attributes
                0x00000402       0x38 C:/ST/STM32CubeIDE_2.1.1/STM32CubeIDE/plugins/com.st.stm32cube.ide.mcu.externaltools.gnu-tools-for-stm32.14.3.rel1.win32_1.0.100.202602081740/tools/bin/../lib/gcc/arm-none-eabi/14.3.1/../../../../arm-none-eabi/lib/thumb/v8-m.main+fp/hard\libc_nano.a(libc_a-fflush.o)
 .ARM.attributes
                0x0000043a       0x38 C:/ST/STM32CubeIDE_2.1.1/STM32CubeIDE/plugins/com.st.stm32cube.ide.mcu.externaltools.gnu-tools-for-stm32.14.3.rel1.win32_1.0.100.202602081740/tools/bin/../lib/gcc/arm-none-eabi/14.3.1/../../../../arm-none-eabi/lib/thumb/v8-m.main+fp/hard\libc_nano.a(libc_a-sbrkr.o)
 .ARM.attributes
                0x00000472       0x3a CMakeFiles/STM32C542_Project7.dir/main.c.obj
 .ARM.attributes
                0x000004ac       0x3a CMakeFiles/STM32C542_Project7.dir/generated/hal/mx_adc1.c.obj
 .ARM.attributes
                0x000004e6       0x3a CMakeFiles/STM32C542_Project7.dir/generated/hal/mx_cortex_debug.c.obj
 .ARM.attributes
                0x00000520       0x3a CMakeFiles/STM32C542_Project7.dir/generated/hal/mx_cortex_mpu.c.obj
 .ARM.attributes
                0x0000055a       0x3a CMakeFiles/STM32C542_Project7.dir/generated/hal/mx_cortex_nvic.c.obj
 .ARM.attributes